Archive member included to satisfy reference by file (symbol)

/usr/lib/gcc/arm-none-eabi/10.3.1/thumb/v7-m/nofp/libgcc.a(_arm_muldf3.o)
                              obj/app.o (__aeabi_dmul)
/usr/lib/gcc/arm-none-eabi/10.3.1/thumb/v7-m/nofp/libgcc.a(_arm_addsubdf3.o)
                              obj/app.o (__aeabi_dadd)
/usr/lib/gcc/arm-none-eabi/10.3.1/thumb/v7-m/nofp/libgcc.a(_arm_fixdfsi.o)
                              obj/app.o (__aeabi_d2iz)
/usr/lib/gcc/arm-none-eabi/10.3.1/../../../arm-none-eabi/lib/thumb/v7-m/nofp/libc_nano.a(lib_a-atexit.o)
                              /usr/lib/gcc/arm-none-eabi/10.3.1/../../../arm-none-eabi/lib/thumb/v7-m/nofp/crt0.o (atexit)
/usr/lib/gcc/arm-none-eabi/10.3.1/../../../arm-none-eabi/lib/thumb/v7-m/nofp/libc_nano.a(lib_a-exit.o)
                              /usr/lib/gcc/arm-none-eabi/10.3.1/../../../arm-none-eabi/lib/thumb/v7-m/nofp/crt0.o (exit)
/usr/lib/gcc/arm-none-eabi/10.3.1/../../../arm-none-eabi/lib/thumb/v7-m/nofp/libc_nano.a(lib_a-fini.o)
                              /usr/lib/gcc/arm-none-eabi/10.3.1/../../../arm-none-eabi/lib/thumb/v7-m/nofp/crt0.o (__libc_fini_array)
/usr/lib/gcc/arm-none-eabi/10.3.1/../../../arm-none-eabi/lib/thumb/v7-m/nofp/libc_nano.a(lib_a-impure.o)
                              /usr/lib/gcc/arm-none-eabi/10.3.1/../../../arm-none-eabi/lib/thumb/v7-m/nofp/libc_nano.a(lib_a-exit.o) (_global_impure_ptr)
/usr/lib/gcc/arm-none-eabi/10.3.1/../../../arm-none-eabi/lib/thumb/v7-m/nofp/libc_nano.a(lib_a-init.o)
                              /usr/lib/gcc/arm-none-eabi/10.3.1/../../../arm-none-eabi/lib/thumb/v7-m/nofp/crt0.o (__libc_init_array)
/usr/lib/gcc/arm-none-eabi/10.3.1/../../../arm-none-eabi/lib/thumb/v7-m/nofp/libc_nano.a(lib_a-memcpy.o)
                              obj/app.o (memcpy)
/usr/lib/gcc/arm-none-eabi/10.3.1/../../../arm-none-eabi/lib/thumb/v7-m/nofp/libc_nano.a(lib_a-memset.o)
                              /usr/lib/gcc/arm-none-eabi/10.3.1/../../../arm-none-eabi/lib/thumb/v7-m/nofp/crt0.o (memset)
/usr/lib/gcc/arm-none-eabi/10.3.1/../../../arm-none-eabi/lib/thumb/v7-m/nofp/libc_nano.a(lib_a-__atexit.o)
                              /usr/lib/gcc/arm-none-eabi/10.3.1/../../../arm-none-eabi/lib/thumb/v7-m/nofp/libc_nano.a(lib_a-atexit.o) (__register_exitproc)
/usr/lib/gcc/arm-none-eabi/10.3.1/../../../arm-none-eabi/lib/thumb/v7-m/nofp/libc_nano.a(lib_a-__call_atexit.o)
                              /usr/lib/gcc/arm-none-eabi/10.3.1/../../../arm-none-eabi/lib/thumb/v7-m/nofp/libc_nano.a(lib_a-__atexit.o) (__call_exitprocs)

Discarded input sections

 .text          0x0000000000000000        0x0 /usr/lib/gcc/arm-none-eabi/10.3.1/thumb/v7-m/nofp/crti.o
 .data          0x0000000000000000        0x0 /usr/lib/gcc/arm-none-eabi/10.3.1/thumb/v7-m/nofp/crti.o
 .bss           0x0000000000000000        0x0 /usr/lib/gcc/arm-none-eabi/10.3.1/thumb/v7-m/nofp/crti.o
 .data          0x0000000000000000        0x4 /usr/lib/gcc/arm-none-eabi/10.3.1/thumb/v7-m/nofp/crtbegin.o
 .rodata        0x0000000000000000       0x24 /usr/lib/gcc/arm-none-eabi/10.3.1/thumb/v7-m/nofp/crtbegin.o
 .text          0x0000000000000000       0x70 /usr/lib/gcc/arm-none-eabi/10.3.1/../../../arm-none-eabi/lib/thumb/v7-m/nofp/crt0.o
 .data          0x0000000000000000        0x0 /usr/lib/gcc/arm-none-eabi/10.3.1/../../../arm-none-eabi/lib/thumb/v7-m/nofp/crt0.o
 .bss           0x0000000000000000        0x0 /usr/lib/gcc/arm-none-eabi/10.3.1/../../../arm-none-eabi/lib/thumb/v7-m/nofp/crt0.o
 .ARM.extab     0x0000000000000000        0x0 /usr/lib/gcc/arm-none-eabi/10.3.1/../../../arm-none-eabi/lib/thumb/v7-m/nofp/crt0.o
 .ARM.exidx     0x0000000000000000       0x10 /usr/lib/gcc/arm-none-eabi/10.3.1/../../../arm-none-eabi/lib/thumb/v7-m/nofp/crt0.o
 .debug_line    0x0000000000000000       0x87 /usr/lib/gcc/arm-none-eabi/10.3.1/../../../arm-none-eabi/lib/thumb/v7-m/nofp/crt0.o
 .debug_info    0x0000000000000000       0x26 /usr/lib/gcc/arm-none-eabi/10.3.1/../../../arm-none-eabi/lib/thumb/v7-m/nofp/crt0.o
 .debug_abbrev  0x0000000000000000       0x14 /usr/lib/gcc/arm-none-eabi/10.3.1/../../../arm-none-eabi/lib/thumb/v7-m/nofp/crt0.o
 .debug_aranges
                0x0000000000000000       0x20 /usr/lib/gcc/arm-none-eabi/10.3.1/../../../arm-none-eabi/lib/thumb/v7-m/nofp/crt0.o
 .debug_str     0x0000000000000000       0x94 /usr/lib/gcc/arm-none-eabi/10.3.1/../../../arm-none-eabi/lib/thumb/v7-m/nofp/crt0.o
 .ARM.attributes
                0x0000000000000000       0x1b /usr/lib/gcc/arm-none-eabi/10.3.1/../../../arm-none-eabi/lib/thumb/v7-m/nofp/crt0.o
 .group         0x0000000000000000        0xc obj/app.o
 .group         0x0000000000000000        0xc obj/app.o
 .group         0x0000000000000000        0xc obj/app.o
 .group         0x0000000000000000        0xc obj/app.o
 .group         0x0000000000000000        0xc obj/app.o
 .group         0x0000000000000000        0xc obj/app.o
 .group         0x0000000000000000        0xc obj/app.o
[...]
Memory Configuration

Name             Origin             Length             Attributes
FLASH            0x0000000008000000 0x000000000001fc00 xr
RAM              0x0000000020000000 0x0000000000005000 xrw
*default*        0x0000000000000000 0xffffffffffffffff

Linker script and memory map

LOAD /usr/lib/gcc/arm-none-eabi/10.3.1/thumb/v7-m/nofp/crti.o
LOAD /usr/lib/gcc/arm-none-eabi/10.3.1/thumb/v7-m/nofp/crtbegin.o
LOAD /usr/lib/gcc/arm-none-eabi/10.3.1/../../../arm-none-eabi/lib/thumb/v7-m/nofp/crt0.o
LOAD obj/app.o
LOAD obj/assert.o
LOAD obj/constManager.o
LOAD obj/deviceDefinition.o
LOAD obj/msp.o
LOAD obj/stm32f1xx_it.o
LOAD obj/system_stm32f1xx.o
LOAD obj/trapezoid_ctrl.o
LOAD obj/stm32f1xx_hal.o
LOAD obj/stm32f1xx_hal_adc.o
LOAD obj/stm32f1xx_hal_adc_ex.o
LOAD obj/stm32f1xx_hal_can.o
LOAD obj/stm32f1xx_hal_cec.o
LOAD obj/stm32f1xx_hal_cortex.o
LOAD obj/stm32f1xx_hal_crc.o
LOAD obj/stm32f1xx_hal_dac.o
LOAD obj/stm32f1xx_hal_dac_ex.o
LOAD obj/stm32f1xx_hal_dma.o
LOAD obj/stm32f1xx_hal_eth.o
LOAD obj/stm32f1xx_hal_flash.o
LOAD obj/stm32f1xx_hal_flash_ex.o
LOAD obj/stm32f1xx_hal_gpio.o
LOAD obj/stm32f1xx_hal_gpio_ex.o
LOAD obj/stm32f1xx_hal_hcd.o
LOAD obj/stm32f1xx_hal_i2c.o
LOAD obj/stm32f1xx_hal_i2s.o
LOAD obj/stm32f1xx_hal_irda.o
LOAD obj/stm32f1xx_hal_iwdg.o
LOAD obj/stm32f1xx_hal_nand.o
LOAD obj/stm32f1xx_hal_nor.o
LOAD obj/stm32f1xx_hal_pccard.o
LOAD obj/stm32f1xx_hal_pcd.o
LOAD obj/stm32f1xx_hal_pcd_ex.o
LOAD obj/stm32f1xx_hal_pwr.o
LOAD obj/stm32f1xx_hal_rcc.o
LOAD obj/stm32f1xx_hal_rcc_ex.o
LOAD obj/stm32f1xx_hal_rtc.o
LOAD obj/stm32f1xx_hal_rtc_ex.o
LOAD obj/stm32f1xx_hal_sd.o
LOAD obj/stm32f1xx_hal_smartcard.o
LOAD obj/stm32f1xx_hal_spi.o
LOAD obj/stm32f1xx_hal_spi_ex.o
LOAD obj/stm32f1xx_hal_sram.o
LOAD obj/stm32f1xx_hal_tim.o
LOAD obj/stm32f1xx_hal_tim_ex.o
LOAD obj/stm32f1xx_hal_uart.o
LOAD obj/stm32f1xx_hal_usart.o
LOAD obj/stm32f1xx_hal_wwdg.o
LOAD obj/stm32f1xx_ll_fsmc.o
LOAD obj/stm32f1xx_ll_sdmmc.o
LOAD obj/stm32f1xx_ll_usb.o
LOAD obj/MW_ENCODER.o
LOAD obj/MW_GPIO.o
LOAD obj/MW_I2C.o
LOAD obj/MW_IWDG.o
LOAD obj/MW_TIM.o
LOAD obj/MW_USART.o
LOAD obj/MW_flash.o
LOAD obj/message.o
LOAD obj/xprintf.o
LOAD obj/DD_AB.o
LOAD obj/DD_ENCODER.o
LOAD obj/DD_Gene.o
LOAD obj/DD_MD.o
LOAD obj/DD_RC.o
LOAD obj/DD_SV.o
LOAD obj/SystemTaskManager.o
LOAD obj/startup.o
START GROUP
LOAD /usr/lib/gcc/arm-none-eabi/10.3.1/thumb/v7-m/nofp/libgcc.a
END GROUP
START GROUP
LOAD /usr/lib/gcc/arm-none-eabi/10.3.1/thumb/v7-m/nofp/libgcc.a
LOAD /usr/lib/gcc/arm-none-eabi/10.3.1/../../../arm-none-eabi/lib/thumb/v7-m/nofp/libc_nano.a
END GROUP
START GROUP
LOAD /usr/lib/gcc/arm-none-eabi/10.3.1/thumb/v7-m/nofp/libgcc.a
LOAD /usr/lib/gcc/arm-none-eabi/10.3.1/../../../arm-none-eabi/lib/thumb/v7-m/nofp/libc_nano.a
END GROUP
LOAD /usr/lib/gcc/arm-none-eabi/10.3.1/thumb/v7-m/nofp/crtend.o
LOAD /usr/lib/gcc/arm-none-eabi/10.3.1/thumb/v7-m/nofp/crtn.o
                0x0000000020005000                _estack = 0x20005000
                0x0000000000000200                _Min_Heap_Size = 0x200
                0x0000000000000400                _Min_Stack_Size = 0x400

.isr_vector     0x0000000008000000      0x10c
                0x0000000008000000                . = ALIGN (0x4)
 *(.isr_vector)
 .isr_vector    0x0000000008000000      0x10c obj/startup.o
                0x0000000008000000                g_pfnVectors
                0x000000000800010c                . = ALIGN (0x4)

.text           0x000000000800010c     0x4550
                0x000000000800010c                . = ALIGN (0x4)
 *(.text)
 .text          0x000000000800010c       0x88 /usr/lib/gcc/arm-none-eabi/10.3.1/thumb/v7-m/nofp/crtbegin.o
 .text          0x0000000008000194      0x254 /usr/lib/gcc/arm-none-eabi/10.3.1/thumb/v7-m/nofp/libgcc.a(_arm_muldf3.o)
                0x0000000008000194                __aeabi_dmul
                0x0000000008000194                __muldf3
 .text          0x00000000080003e8      0x378 /usr/lib/gcc/arm-none-eabi/10.3.1/thumb/v7-m/nofp/libgcc.a(_arm_addsubdf3.o)
                0x00000000080003e8                __aeabi_drsub
                0x00000000080003f0                __aeabi_dsub
                0x00000000080003f0                __subdf3
                0x00000000080003f4                __adddf3
                0x00000000080003f4                __aeabi_dadd
                0x000000000800066c                __aeabi_ui2d
                0x000000000800066c                __floatunsidf
                0x000000000800068c                __floatsidf
                0x000000000800068c                __aeabi_i2d
                0x00000000080006b0                __extendsfdf2
                0x00000000080006b0                __aeabi_f2d
                0x00000000080006f4                __aeabi_ul2d
                0x00000000080006f4                __floatundidf
                0x0000000008000704                __floatdidf
                0x0000000008000704                __aeabi_l2d
 .text          0x0000000008000760       0x50 /usr/lib/gcc/arm-none-eabi/10.3.1/thumb/v7-m/nofp/libgcc.a(_arm_fixdfsi.o)
                0x0000000008000760                __fixdfsi
                0x0000000008000760                __aeabi_d2iz
 .text          0x00000000080007b0       0x48 /usr/lib/gcc/arm-none-eabi/10.3.1/../../../arm-none-eabi/lib/thumb/v7-m/nofp/libc_nano.a(lib_a-init.o)
                0x00000000080007b0                __libc_init_array
 .text          0x00000000080007f8       0xa4 /usr/lib/gcc/arm-none-eabi/10.3.1/../../../arm-none-eabi/lib/thumb/v7-m/nofp/libc_nano.a(lib_a-memset.o)
                0x00000000080007f8                memset
 *(.text*)
 .text.suspensionSystem
                0x000000000800089c       0x74 obj/app.o
 .text.upDownSystem
                0x0000000008000910       0x6c obj/app.o
 .text.armSystem
                0x000000000800097c      0x108 obj/app.o
 .text.appInit  0x0000000008000a84       0x44 obj/app.o
                0x0000000008000a84                appInit
 .text.appTask  0x0000000008000ac8       0x20 obj/app.o
                0x0000000008000ac8                appTask
 .text.assert_failed
                0x0000000008000ae8        0x2 obj/assert.o
                0x0000000008000ae8                assert_failed
 *fill*         0x0000000008000aea        0x2 
 .text.reloadDefault
                0x0000000008000aec      0x1bc obj/constManager.o
 .text.load     0x0000000008000ca8       0x40 obj/constManager.o
 .text.ad_init  0x0000000008000ce8        0xc obj/constManager.o
                0x0000000008000ce8                ad_init
 .text.HAL_MspInit
                0x0000000008000cf4       0x7c obj/msp.o
                0x0000000008000cf4                HAL_MspInit
 .text.HAL_I2C_MspInit
                0x0000000008000d70      0x100 obj/msp.o
                0x0000000008000d70                HAL_I2C_MspInit
 .text.HAL_UART_MspInit
                0x0000000008000e70      0x1fc obj/msp.o
                0x0000000008000e70                HAL_UART_MspInit
 .text.NMI_Handler
                0x000000000800106c        0x2 obj/stm32f1xx_it.o
                0x000000000800106c                NMI_Handler
 .text.HardFault_Handler
                0x000000000800106e        0x2 obj/stm32f1xx_it.o
                0x000000000800106e                HardFault_Handler
 .text.MemManage_Handler
                0x0000000008001070        0x2 obj/stm32f1xx_it.o
                0x0000000008001070                MemManage_Handler
 .text.BusFault_Handler
                0x0000000008001072        0x2 obj/stm32f1xx_it.o
                0x0000000008001072                BusFault_Handler
 .text.UsageFault_Handler
                0x0000000008001074        0x2 obj/stm32f1xx_it.o
                0x0000000008001074                UsageFault_Handler
 .text.SVC_Handler
                0x0000000008001076        0x2 obj/stm32f1xx_it.o
                0x0000000008001076                SVC_Handler
 .text.DebugMon_Handler
                0x0000000008001078        0x2 obj/stm32f1xx_it.o
                0x0000000008001078                DebugMon_Handler
 .text.PendSV_Handler
                0x000000000800107a        0x2 obj/stm32f1xx_it.o
                0x000000000800107a                PendSV_Handler
 .text.SysTick_Handler
                0x000000000800107c       0x18 obj/stm32f1xx_it.o
                0x000000000800107c                SysTick_Handler
 .text.DMA1_Channel7_IRQHandler
                0x0000000008001094       0x10 obj/stm32f1xx_it.o
                0x0000000008001094                DMA1_Channel7_IRQHandler
 .text.DMA1_Channel3_IRQHandler
                0x00000000080010a4       0x10 obj/stm32f1xx_it.o
                0x00000000080010a4                DMA1_Channel3_IRQHandler
 .text.USART3_IRQHandler
                0x00000000080010b4       0x10 obj/stm32f1xx_it.o
                0x00000000080010b4                USART3_IRQHandler
 .text.USART2_IRQHandler
                0x00000000080010c4       0x10 obj/stm32f1xx_it.o
                0x00000000080010c4                USART2_IRQHandler
 .text.SystemInit
                0x00000000080010d4       0x4c obj/system_stm32f1xx.o
                0x00000000080010d4                SystemInit
 .text.trapezoidCtrl
                0x0000000008001120       0xa8 obj/trapezoid_ctrl.o
                0x0000000008001120                trapezoidCtrl
 .text.HAL_InitTick
                0x00000000080011c8       0x28 obj/stm32f1xx_hal.o
                0x00000000080011c8                HAL_InitTick
 .text.HAL_Init
                0x00000000080011f0       0x24 obj/stm32f1xx_hal.o
                0x00000000080011f0                HAL_Init
 .text.HAL_IncTick
                0x0000000008001214       0x10 obj/stm32f1xx_hal.o
                0x0000000008001214                HAL_IncTick
 .text.HAL_GetTick
                0x0000000008001224        0xc obj/stm32f1xx_hal.o
                0x0000000008001224                HAL_GetTick
 .text.HAL_Delay
                0x0000000008001230       0x1c obj/stm32f1xx_hal.o
                0x0000000008001230                HAL_Delay
 .text.HAL_NVIC_SetPriorityGrouping
                0x000000000800124c       0x3c obj/stm32f1xx_hal_cortex.o
                0x000000000800124c                HAL_NVIC_SetPriorityGrouping
 .text.HAL_NVIC_SetPriority
                0x0000000008001288       0x8c obj/stm32f1xx_hal_cortex.o
                0x0000000008001288                HAL_NVIC_SetPriority
 .text.HAL_NVIC_EnableIRQ
                0x0000000008001314       0x2c obj/stm32f1xx_hal_cortex.o
                0x0000000008001314                HAL_NVIC_EnableIRQ
 .text.HAL_SYSTICK_Config
                0x0000000008001340       0x28 obj/stm32f1xx_hal_cortex.o
                0x0000000008001340                HAL_SYSTICK_Config
 .text.HAL_SYSTICK_CLKSourceConfig
                0x0000000008001368       0x3c obj/stm32f1xx_hal_cortex.o
                0x0000000008001368                HAL_SYSTICK_CLKSourceConfig
 .text.HAL_SYSTICK_Callback
                0x00000000080013a4        0x2 obj/stm32f1xx_hal_cortex.o
                0x00000000080013a4                HAL_SYSTICK_Callback
 .text.HAL_SYSTICK_IRQHandler
                0x00000000080013a6        0x8 obj/stm32f1xx_hal_cortex.o
                0x00000000080013a6                HAL_SYSTICK_IRQHandler
 .text.DMA_SetConfig
                0x00000000080013ae       0x22 obj/stm32f1xx_hal_dma.o
 .text.HAL_DMA_Init
                0x00000000080013d0      0x138 obj/stm32f1xx_hal_dma.o
                0x00000000080013d0                HAL_DMA_Init
 .text.HAL_DMA_Start_IT
                0x0000000008001508       0x80 obj/stm32f1xx_hal_dma.o
                0x0000000008001508                HAL_DMA_Start_IT
 .text.HAL_DMA_IRQHandler
                0x0000000008001588      0x270 obj/stm32f1xx_hal_dma.o
                0x0000000008001588                HAL_DMA_IRQHandler
 .text.HAL_GPIO_Init
                0x00000000080017f8      0x35c obj/stm32f1xx_hal_gpio.o
                0x00000000080017f8                HAL_GPIO_Init
 .text.HAL_GPIO_WritePin
                0x0000000008001b54       0x38 obj/stm32f1xx_hal_gpio.o
                0x0000000008001b54                HAL_GPIO_WritePin
 .text.I2C_Configure_Speed
                0x0000000008001b8c       0x50 obj/stm32f1xx_hal_i2c.o
 .text.I2C_IsAcknowledgeFailed
                0x0000000008001bdc       0x2a obj/stm32f1xx_hal_i2c.o
 .text.I2C_WaitOnFlagUntilTimeout
                0x0000000008001c06       0xc0 obj/stm32f1xx_hal_i2c.o
 .text.I2C_WaitOnMasterAddressFlagUntilTimeout
                0x0000000008001cc6       0x92 obj/stm32f1xx_hal_i2c.o
 .text.I2C_MasterRequestWrite
                0x0000000008001d58       0x88 obj/stm32f1xx_hal_i2c.o
 .text.I2C_WaitOnTXEFlagUntilTimeout
                0x0000000008001de0       0x50 obj/stm32f1xx_hal_i2c.o
 .text.I2C_WaitOnBTFFlagUntilTimeout
                0x0000000008001e30       0x50 obj/stm32f1xx_hal_i2c.o
 .text.HAL_I2C_Init
                0x0000000008001e80      0x188 obj/stm32f1xx_hal_i2c.o
                0x0000000008001e80                HAL_I2C_Init
 .text.HAL_I2C_Master_Transmit
                0x0000000008002008      0x134 obj/stm32f1xx_hal_i2c.o
                0x0000000008002008                HAL_I2C_Master_Transmit
 .text.HAL_IWDG_MspInit
                0x000000000800213c        0x2 obj/stm32f1xx_hal_iwdg.o
                0x000000000800213c                HAL_IWDG_MspInit
 *fill*         0x000000000800213e        0x2 
 .text.HAL_IWDG_Init
                0x0000000008002140       0xa0 obj/stm32f1xx_hal_iwdg.o
                0x0000000008002140                HAL_IWDG_Init
 .text.HAL_IWDG_Start
                0x00000000080021e0       0x2c obj/stm32f1xx_hal_iwdg.o
                0x00000000080021e0                HAL_IWDG_Start
 .text.HAL_IWDG_Refresh
                0x000000000800220c       0x4c obj/stm32f1xx_hal_iwdg.o
                0x000000000800220c                HAL_IWDG_Refresh
 .text.HAL_RCC_OscConfig
                0x0000000008002258      0x714 obj/stm32f1xx_hal_rcc.o
                0x0000000008002258                HAL_RCC_OscConfig
 .text.HAL_RCC_GetSysClockFreq
                0x000000000800296c       0x8c obj/stm32f1xx_hal_rcc.o
                0x000000000800296c                HAL_RCC_GetSysClockFreq
 .text.HAL_RCC_ClockConfig
                0x00000000080029f8      0x2a4 obj/stm32f1xx_hal_rcc.o
                0x00000000080029f8                HAL_RCC_ClockConfig
 .text.HAL_RCC_GetHCLKFreq
                0x0000000008002c9c        0xc obj/stm32f1xx_hal_rcc.o
                0x0000000008002c9c                HAL_RCC_GetHCLKFreq
 .text.HAL_RCC_GetPCLK1Freq
                0x0000000008002ca8       0x2c obj/stm32f1xx_hal_rcc.o
                0x0000000008002ca8                HAL_RCC_GetPCLK1Freq
 .text.HAL_RCC_GetPCLK2Freq
                0x0000000008002cd4       0x2c obj/stm32f1xx_hal_rcc.o
                0x0000000008002cd4                HAL_RCC_GetPCLK2Freq
 .text.HAL_RCCEx_PeriphCLKConfig
                0x0000000008002d00      0x198 obj/stm32f1xx_hal_rcc_ex.o
                0x0000000008002d00                HAL_RCCEx_PeriphCLKConfig
 .text.HAL_TIM_PeriodElapsedCallback
                0x0000000008002e98        0x2 obj/stm32f1xx_hal_tim.o
                0x0000000008002e98                HAL_TIM_PeriodElapsedCallback
 .text.HAL_TIM_OC_DelayElapsedCallback
                0x0000000008002e9a        0x2 obj/stm32f1xx_hal_tim.o
                0x0000000008002e9a                HAL_TIM_OC_DelayElapsedCallback
 .text.HAL_TIM_IC_CaptureCallback
                0x0000000008002e9c        0x2 obj/stm32f1xx_hal_tim.o
                0x0000000008002e9c                HAL_TIM_IC_CaptureCallback
 .text.HAL_TIM_PWM_PulseFinishedCallback
                0x0000000008002e9e        0x2 obj/stm32f1xx_hal_tim.o
                0x0000000008002e9e                HAL_TIM_PWM_PulseFinishedCallback
 .text.HAL_TIM_TriggerCallback
                0x0000000008002ea0        0x2 obj/stm32f1xx_hal_tim.o
                0x0000000008002ea0                HAL_TIM_TriggerCallback
 .text.HAL_TIM_IRQHandler
                0x0000000008002ea2      0x17a obj/stm32f1xx_hal_tim.o
                0x0000000008002ea2                HAL_TIM_IRQHandler
 .text.HAL_TIMEx_CommutationCallback
                0x000000000800301c        0x2 obj/stm32f1xx_hal_tim_ex.o
                0x000000000800301c                HAL_TIMEx_CommutationCallback
 .text.HAL_TIMEx_BreakCallback
                0x000000000800301e        0x2 obj/stm32f1xx_hal_tim_ex.o
                0x000000000800301e                HAL_TIMEx_BreakCallback
 .text.UART_Transmit_IT
                0x0000000008003020       0x68 obj/stm32f1xx_hal_uart.o
 .text.UART_SetConfig
                0x0000000008003088      0x20c obj/stm32f1xx_hal_uart.o
 .text.HAL_UART_Init
                0x0000000008003294       0xf8 obj/stm32f1xx_hal_uart.o
                0x0000000008003294                HAL_UART_Init
 .text.HAL_UART_Transmit_DMA
                0x000000000800338c       0xa0 obj/stm32f1xx_hal_uart.o
                0x000000000800338c                HAL_UART_Transmit_DMA
 .text.HAL_UART_Receive_DMA
                0x000000000800342c       0x98 obj/stm32f1xx_hal_uart.o
                0x000000000800342c                HAL_UART_Receive_DMA
 .text.UART_DMATransmitCplt
                0x00000000080034c4       0x30 obj/stm32f1xx_hal_uart.o
 .text.UART_EndTransmit_IT
                0x00000000080034f4       0x2c obj/stm32f1xx_hal_uart.o
 .text.HAL_UART_TxHalfCpltCallback
                0x0000000008003520        0x2 obj/stm32f1xx_hal_uart.o
                0x0000000008003520                HAL_UART_TxHalfCpltCallback
 .text.UART_DMATxHalfCplt
                0x0000000008003522        0xa obj/stm32f1xx_hal_uart.o
 .text.UART_DMAReceiveCplt
                0x000000000800352c       0x3c obj/stm32f1xx_hal_uart.o
 .text.UART_Receive_IT
                0x0000000008003568       0xb6 obj/stm32f1xx_hal_uart.o
 .text.HAL_UART_RxHalfCpltCallback
                0x000000000800361e        0x2 obj/stm32f1xx_hal_uart.o
                0x000000000800361e                HAL_UART_RxHalfCpltCallback
 .text.UART_DMARxHalfCplt
                0x0000000008003620        0xa obj/stm32f1xx_hal_uart.o
 .text.HAL_UART_ErrorCallback
                0x000000000800362a        0x2 obj/stm32f1xx_hal_uart.o
                0x000000000800362a                HAL_UART_ErrorCallback
 .text.UART_DMAError
                0x000000000800362c       0x1e obj/stm32f1xx_hal_uart.o
 .text.HAL_UART_IRQHandler
                0x000000000800364a       0xca obj/stm32f1xx_hal_uart.o
                0x000000000800364a                HAL_UART_IRQHandler
 .text.MW_SetGPIOPin
                0x0000000008003714        0xc obj/MW_GPIO.o
                0x0000000008003714                MW_SetGPIOPin
 .text.MW_SetGPIOMode
                0x0000000008003720        0xc obj/MW_GPIO.o
                0x0000000008003720                MW_SetGPIOMode
 .text.MW_SetGPIOPull
                0x000000000800372c        0xc obj/MW_GPIO.o
                0x000000000800372c                MW_SetGPIOPull
 .text.MW_SetGPIOSpeed
                0x0000000008003738        0xc obj/MW_GPIO.o
                0x0000000008003738                MW_SetGPIOSpeed
 .text.MW_GPIOInit
                0x0000000008003744       0x2c obj/MW_GPIO.o
                0x0000000008003744                MW_GPIOInit
 .text.MW_GPIOWrite
                0x0000000008003770       0x30 obj/MW_GPIO.o
                0x0000000008003770                MW_GPIOWrite
 .text.MW_SetI2CClockSpeed
                0x00000000080037a0       0x28 obj/MW_I2C.o
                0x00000000080037a0                MW_SetI2CClockSpeed
 .text.MW_I2CInit
                0x00000000080037c8       0x18 obj/MW_I2C.o
                0x00000000080037c8                MW_I2CInit
 .text.MW_I2C1Transmit
                0x00000000080037e0       0x28 obj/MW_I2C.o
                0x00000000080037e0                MW_I2C1Transmit
 .text.MW_SetIWDGPrescaler
                0x0000000008003808        0xc obj/MW_IWDG.o
                0x0000000008003808                MW_SetIWDGPrescaler
 .text.MW_SetIWDGReload
                0x0000000008003814        0xc obj/MW_IWDG.o
                0x0000000008003814                MW_SetIWDGReload
 .text.MW_IWDGInit
                0x0000000008003820       0x1c obj/MW_IWDG.o
                0x0000000008003820                MW_IWDGInit
 .text.MW_IWDGClr
                0x000000000800383c       0x10 obj/MW_IWDG.o
                0x000000000800383c                MW_IWDGClr
 .text.TIM1_UP_IRQHandler
                0x000000000800384c       0x10 obj/MW_TIM.o
                0x000000000800384c                TIM1_UP_IRQHandler
 .text.TIM2_IRQHandler
                0x000000000800385c       0x10 obj/MW_TIM.o
                0x000000000800385c                TIM2_IRQHandler
 .text.MW_USARTSetBaudRate
                0x000000000800386c       0x28 obj/MW_USART.o
                0x000000000800386c                MW_USARTSetBaudRate
 .text.MW_USARTInit
                0x0000000008003894       0x18 obj/MW_USART.o
                0x0000000008003894                MW_USARTInit
 .text.MW_USART2Transmit
                0x00000000080038ac       0x1c obj/MW_USART.o
                0x00000000080038ac                MW_USART2Transmit
 .text.MW_USART3ReceiveMult
                0x00000000080038c8       0x18 obj/MW_USART.o
                0x00000000080038c8                MW_USART3ReceiveMult
 .text._xprintf
                0x00000000080038e0       0x1c obj/message.o
 .text.MW_waitForMessageTransitionComplete
                0x00000000080038fc       0x3c obj/message.o
                0x00000000080038fc                MW_waitForMessageTransitionComplete
 .text.flush    0x0000000008003938       0x40 obj/message.o
                0x0000000008003938                flush
 .text.MW_printf
                0x0000000008003978       0x44 obj/message.o
                0x0000000008003978                MW_printf
 .text._msg     0x00000000080039bc       0x4c obj/message.o
                0x00000000080039bc                _msg
 .text.MW_messageTransitionCompletedCallBack
                0x0000000008003a08        0xc obj/message.o
                0x0000000008003a08                MW_messageTransitionCompletedCallBack
 .text.xputc    0x0000000008003a14       0x38 obj/xprintf.o
                0x0000000008003a14                xputc
 .text.xputs    0x0000000008003a4c       0x14 obj/xprintf.o
                0x0000000008003a4c                xputs
 .text.xvprintf
                0x0000000008003a60      0x1f8 obj/xprintf.o
                0x0000000008003a60                xvprintf
 .text.DD_I2CSend
                0x0000000008003c58       0x3c obj/DD_Gene.o
                0x0000000008003c58                DD_I2CSend
 .text.DD_doTasks
                0x0000000008003c94       0x28 obj/DD_Gene.o
                0x0000000008003c94                DD_doTasks
 .text.DD_print
                0x0000000008003cbc       0x20 obj/DD_Gene.o
                0x0000000008003cbc                DD_print
 .text.DD_initialize
                0x0000000008003cdc       0x1c obj/DD_Gene.o
                0x0000000008003cdc                DD_initialize
 .text.DD_send2MD
                0x0000000008003cf8       0x5c obj/DD_MD.o
                0x0000000008003cf8                DD_send2MD
 .text.DD_MDHandPrint
                0x0000000008003d54       0x5c obj/DD_MD.o
                0x0000000008003d54                DD_MDHandPrint
 .text.DD_RCInit
                0x0000000008003db0       0x7c obj/DD_RC.o
                0x0000000008003db0                DD_RCInit
 .text.DD_RC_element
                0x0000000008003e2c       0x70 obj/DD_RC.o
                0x0000000008003e2c                DD_RC_element
 .text.DD_RCTask
                0x0000000008003e9c       0x4c obj/DD_RC.o
                0x0000000008003e9c                DD_RCTask
 .text.DD_RCGetLX
                0x0000000008003ee8       0x1c obj/DD_RC.o
                0x0000000008003ee8                DD_RCGetLX
 .text.DD_RCGetLY
                0x0000000008003f04       0x1c obj/DD_RC.o
                0x0000000008003f04                DD_RCGetLY
 .text.DD_RCGetRX
                0x0000000008003f20       0x1c obj/DD_RC.o
                0x0000000008003f20                DD_RCGetRX
 .text.DD_RCGetRY
                0x0000000008003f3c       0x1c obj/DD_RC.o
                0x0000000008003f3c                DD_RCGetRY
 .text.DD_RCPrint
                0x0000000008003f58      0x298 obj/DD_RC.o
                0x0000000008003f58                DD_RCPrint
 .text.SY_I2CConnTest
                0x00000000080041f0        0x4 obj/SystemTaskManager.o
 .text.SY_clockInit
                0x00000000080041f4       0xc8 obj/SystemTaskManager.o
 .text.SY_GPIOInit
                0x00000000080042bc       0xb0 obj/SystemTaskManager.o
 .text.SY_init  0x000000000800436c       0xc8 obj/SystemTaskManager.o
 .text.SY_doAppTasks
                0x0000000008004434        0x8 obj/SystemTaskManager.o
 .text.SY_doDevDriverTasks
                0x000000000800443c        0x8 obj/SystemTaskManager.o
 .text.main     0x0000000008004444      0x144 obj/SystemTaskManager.o
                0x0000000008004444                main
 .text.SY_wait  0x0000000008004588       0x2c obj/SystemTaskManager.o
                0x0000000008004588                SY_wait
 .text.HAL_UART_RxCpltCallback
                0x00000000080045b4       0x3c obj/SystemTaskManager.o
                0x00000000080045b4                HAL_UART_RxCpltCallback
 .text.HAL_UART_TxCpltCallback
                0x00000000080045f0        0x8 obj/SystemTaskManager.o
                0x00000000080045f0                HAL_UART_TxCpltCallback
 .text.Reset_Handler
                0x00000000080045f8       0x48 obj/startup.o
                0x00000000080045f8                Reset_Handler
 .text.Default_Handler
                0x0000000008004640        0x2 obj/startup.o
                0x0000000008004640                RTC_Alarm_IRQHandler
                0x0000000008004640                EXTI2_IRQHandler
                0x0000000008004640                TIM1_CC_IRQHandler
                0x0000000008004640                PVD_IRQHandler
                0x0000000008004640                EXTI3_IRQHandler
                0x0000000008004640                EXTI0_IRQHandler
                0x0000000008004640                I2C2_EV_IRQHandler
                0x0000000008004640                ADC1_2_IRQHandler
                0x0000000008004640                SPI1_IRQHandler
                0x0000000008004640                TAMPER_IRQHandler
                0x0000000008004640                DMA1_Channel4_IRQHandler
                0x0000000008004640                RTC_IRQHandler
                0x0000000008004640                CAN1_RX1_IRQHandler
                0x0000000008004640                TIM4_IRQHandler
                0x0000000008004640                I2C1_EV_IRQHandler
                0x0000000008004640                DMA1_Channel6_IRQHandler
                0x0000000008004640                TIM3_IRQHandler
                0x0000000008004640                RCC_IRQHandler
                0x0000000008004640                TIM1_TRG_COM_IRQHandler
                0x0000000008004640                DMA1_Channel1_IRQHandler
                0x0000000008004640                Default_Handler
                0x0000000008004640                EXTI15_10_IRQHandler
                0x0000000008004640                EXTI9_5_IRQHandler
                0x0000000008004640                SPI2_IRQHandler
                0x0000000008004640                DMA1_Channel5_IRQHandler
                0x0000000008004640                EXTI4_IRQHandler
                0x0000000008004640                USB_LP_CAN1_RX0_IRQHandler
                0x0000000008004640                USB_HP_CAN1_TX_IRQHandler
                0x0000000008004640                WWDG_IRQHandler
                0x0000000008004640                TIM1_BRK_IRQHandler
                0x0000000008004640                EXTI1_IRQHandler
                0x0000000008004640                I2C2_ER_IRQHandler
                0x0000000008004640                DMA1_Channel2_IRQHandler
                0x0000000008004640                CAN1_SCE_IRQHandler
                0x0000000008004640                FLASH_IRQHandler
                0x0000000008004640                USART1_IRQHandler
                0x0000000008004640                I2C1_ER_IRQHandler
                0x0000000008004640                USBWakeUp_IRQHandler
 *(.glue_7)
 .glue_7        0x0000000008004642        0x0 linker stubs
 *(.glue_7t)
 .glue_7t       0x0000000008004642        0x0 linker stubs
 *(.eh_frame)
 *fill*         0x0000000008004642        0x2 
 .eh_frame      0x0000000008004644        0x0 /usr/lib/gcc/arm-none-eabi/10.3.1/thumb/v7-m/nofp/crtbegin.o
 *(.init)
 .init          0x0000000008004644        0x4 /usr/lib/gcc/arm-none-eabi/10.3.1/thumb/v7-m/nofp/crti.o
                0x0000000008004644                _init
 .init          0x0000000008004648        0x8 /usr/lib/gcc/arm-none-eabi/10.3.1/thumb/v7-m/nofp/crtn.o
 *(.fini)
 .fini          0x0000000008004650        0x4 /usr/lib/gcc/arm-none-eabi/10.3.1/thumb/v7-m/nofp/crti.o
                0x0000000008004650                _fini
 .fini          0x0000000008004654        0x8 /usr/lib/gcc/arm-none-eabi/10.3.1/thumb/v7-m/nofp/crtn.o
                0x000000000800465c                . = ALIGN (0x4)
                0x000000000800465c                _etext = .

.vfp11_veneer   0x000000000800465c        0x0
 .vfp11_veneer  0x000000000800465c        0x0 linker stubs

.v4_bx          0x000000000800465c        0x0
 .v4_bx         0x000000000800465c        0x0 linker stubs

.iplt           0x000000000800465c        0x0
 .iplt          0x000000000800465c        0x0 /usr/lib/gcc/arm-none-eabi/10.3.1/thumb/v7-m/nofp/crtbegin.o

.rodata         0x000000000800465c      0x5ac
                0x000000000800465c                . = ALIGN (0x4)
 *(.rodata)
 .rodata        0x000000000800465c        0x8 obj/app.o
 .rodata        0x0000000008004664       0x50 obj/constManager.o
 *(.rodata*)
 .rodata.appInit.str1.4
                0x00000000080046b4       0x1c obj/app.o
 .rodata.__FUNCTION__.1
                0x00000000080046d0        0x8 obj/app.o
 .rodata.reloadDefault.str1.4
                0x00000000080046d8        0x6 obj/constManager.o
 *fill*         0x00000000080046de        0x2 
 .rodata.AHBPrescTable
                0x00000000080046e0       0x10 obj/system_stm32f1xx.o
                0x00000000080046e0                AHBPrescTable
 .rodata.APBPrescTable
                0x00000000080046f0        0x8 obj/system_stm32f1xx.o
                0x00000000080046f0                APBPrescTable
 .rodata.HAL_NVIC_SetPriorityGrouping.str1.4
                0x00000000080046f8       0x38 obj/stm32f1xx_hal_cortex.o
 .rodata.HAL_DMA_Init.str1.4
                0x0000000008004730       0x35 obj/stm32f1xx_hal_dma.o
 *fill*         0x0000000008004765        0x3 
 .rodata.HAL_GPIO_Init.str1.4
                0x0000000008004768       0x36 obj/stm32f1xx_hal_gpio.o
 *fill*         0x000000000800479e        0x2 
 .rodata.HAL_I2C_Init.str1.4
                0x00000000080047a0       0x35 obj/stm32f1xx_hal_i2c.o
 *fill*         0x00000000080047d5        0x3 
 .rodata.HAL_IWDG_Init.str1.4
                0x00000000080047d8       0x36 obj/stm32f1xx_hal_iwdg.o
 *fill*         0x000000000800480e        0x2 
 .rodata.HAL_RCC_OscConfig.str1.4
                0x0000000008004810       0x35 obj/stm32f1xx_hal_rcc.o
 *fill*         0x0000000008004845        0x3 
 .rodata.HAL_RCC_GetSysClockFreq.str1.4
                0x0000000008004848       0x11 obj/stm32f1xx_hal_rcc.o
 *fill*         0x0000000008004859        0x3 
 .rodata.HAL_RCCEx_PeriphCLKConfig.str1.4
                0x000000000800485c       0x38 obj/stm32f1xx_hal_rcc_ex.o
 .rodata.UART_SetConfig.str1.4
                0x0000000008004894       0x36 obj/stm32f1xx_hal_uart.o
 *fill*         0x00000000080048ca        0x2 
 .rodata.MW_GPIOInit.str1.4
                0x00000000080048cc       0x28 obj/MW_GPIO.o
 .rodata.gpioid
                0x00000000080048f4       0x10 obj/MW_GPIO.o
 .rodata.MW_SetI2CClockSpeed.str1.4
                0x0000000008004904       0x26 obj/MW_I2C.o
 *fill*         0x000000000800492a        0x2 
 .rodata.i2cid  0x000000000800492c        0x8 obj/MW_I2C.o
 .rodata.MW_USARTSetBaudRate.str1.4
                0x0000000008004934       0x29 obj/MW_USART.o
 *fill*         0x000000000800495d        0x3 
 .rodata.uartid
                0x0000000008004960        0xc obj/MW_USART.o
 .rodata._msg.str1.4
                0x000000000800496c       0x10 obj/message.o
                                         0x12 (size before relaxing)
 .rodata.DD_I2CSend.str1.4
                0x000000000800497c       0x2c obj/DD_Gene.o
 .rodata.__FUNCTION__.0
                0x00000000080049a8        0xb obj/DD_Gene.o
 *fill*         0x00000000080049b3        0x1 
 .rodata.DD_send2MD.str1.4
                0x00000000080049b4       0x17 obj/DD_MD.o
                                         0x1c (size before relaxing)
 *fill*         0x00000000080049cb        0x1 
 .rodata.DD_MDHandPrint.str1.4
                0x00000000080049cc       0x25 obj/DD_MD.o
 *fill*         0x00000000080049f1        0x3 
 .rodata.__FUNCTION__.0
                0x00000000080049f4        0xb obj/DD_MD.o
 *fill*         0x00000000080049ff        0x1 
 .rodata.DD_RCInit.str1.4
                0x0000000008004a00        0x3 obj/DD_RC.o
 *fill*         0x0000000008004a03        0x1 
 .rodata.DD_RCPrint.str1.4
                0x0000000008004a04       0x91 obj/DD_RC.o
                                         0x95 (size before relaxing)
 *fill*         0x0000000008004a95        0x3 
 .rodata.SY_clockInit.str1.4
                0x0000000008004a98       0x3e obj/SystemTaskManager.o
                                         0x42 (size before relaxing)
 *fill*         0x0000000008004ad6        0x2 
 .rodata.SY_init.str1.4
                0x0000000008004ad8       0x71 obj/SystemTaskManager.o
                                         0x75 (size before relaxing)
 *fill*         0x0000000008004b49        0x3 
 .rodata.main.str1.4
                0x0000000008004b4c       0x79 obj/SystemTaskManager.o
                                         0x81 (size before relaxing)
 *fill*         0x0000000008004bc5        0x3 
 .rodata.HAL_UART_RxCpltCallback.str1.4
                0x0000000008004bc8        0x7 obj/SystemTaskManager.o
 *fill*         0x0000000008004bcf        0x1 
 .rodata.__FUNCTION__.0
                0x0000000008004bd0       0x18 obj/SystemTaskManager.o
 .rodata.__FUNCTION__.1
                0x0000000008004be8        0xd obj/SystemTaskManager.o
 *fill*         0x0000000008004bf5        0x3 
 .rodata.__FUNCTION__.2
                0x0000000008004bf8        0x8 obj/SystemTaskManager.o
 .rodata.__FUNCTION__.3
                0x0000000008004c00        0x5 obj/SystemTaskManager.o
                0x0000000008004c08                . = ALIGN (0x4)
 *fill*         0x0000000008004c05        0x3 

.rel.dyn        0x0000000008004c08        0x0
 .rel.iplt      0x0000000008004c08        0x0 /usr/lib/gcc/arm-none-eabi/10.3.1/thumb/v7-m/nofp/crtbegin.o

.ARM.extab
 *(.ARM.extab* .gnu.linkonce.armextab.*)

.ARM            0x0000000008004c08        0x0
                0x0000000008004c08                __exidx_start = .
 *(.ARM.exidx*)
                0x0000000008004c08                __exidx_end = .

.preinit_array  0x0000000008004c08        0x0
                0x0000000008004c08                PROVIDE (__preinit_array_start = .)
 *(.preinit_array*)
                0x0000000008004c08                PROVIDE (__preinit_array_end = .)

.init_array     0x0000000008004c08        0x4
                0x0000000008004c08                PROVIDE (__init_array_start = .)
 *(SORT_BY_NAME(.init_array.*))
 *(.init_array*)
 .init_array    0x0000000008004c08        0x4 /usr/lib/gcc/arm-none-eabi/10.3.1/thumb/v7-m/nofp/crtbegin.o
                0x0000000008004c0c                PROVIDE (__init_array_end = .)

.fini_array     0x0000000008004c0c        0x4
                0x0000000008004c0c                PROVIDE (__fini_array_start = .)
 *(SORT_BY_NAME(.fini_array.*))
 *(.fini_array*)
 .fini_array    0x0000000008004c0c        0x4 /usr/lib/gcc/arm-none-eabi/10.3.1/thumb/v7-m/nofp/crtbegin.o
                0x0000000008004c10                PROVIDE (__fini_array_end = .)
                0x0000000008004c10                _sidata = LOADADDR (.data)

.data           0x0000000020000000      0x1d8 load address 0x0000000008004c10
                0x0000000020000000                . = ALIGN (0x4)
                0x0000000020000000                _sdata = .
 *(.data)
 *(.data*)
 .data.editlist
                0x0000000020000000       0x24 obj/constManager.o
                0x0000000020000000                editlist
 .data.g_md_h   0x0000000020000024       0x1e obj/deviceDefinition.o
                0x0000000020000024                g_md_h
 *fill*         0x0000000020000042        0x2 
 .data.SystemCoreClock
                0x0000000020000044        0x4 obj/system_stm32f1xx.o
                0x0000000020000044                SystemCoreClock
 .data.hi2c1    0x0000000020000048       0x3c obj/MW_I2C.o
 .data.hi2c2    0x0000000020000084       0x3c obj/MW_I2C.o
 .data.hiwdg    0x00000000200000c0       0x10 obj/MW_IWDG.o
 .data.htim1    0x00000000200000d0       0x3c obj/MW_TIM.o
 .data.huart1   0x000000002000010c       0x40 obj/MW_USART.o
                0x000000002000010c                huart1
 .data.huart2   0x000000002000014c       0x40 obj/MW_USART.o
                0x000000002000014c                huart2
 .data.huart3   0x000000002000018c       0x40 obj/MW_USART.o
                0x000000002000018c                huart3
 .data.had_completed
                0x00000000200001cc        0x1 obj/message.o
 *fill*         0x00000000200001cd        0x3 
 .data.is_not_avaiable
                0x00000000200001d0        0x4 obj/DD_RC.o
 .data.g_led_mode
                0x00000000200001d4        0x1 obj/SystemTaskManager.o
                0x00000000200001d4                g_led_mode
                0x00000000200001d8                . = ALIGN (0x4)
 *fill*         0x00000000200001d5        0x3 
                0x00000000200001d8                _edata = .

.tm_clone_table
                0x00000000200001d8        0x0 load address 0x0000000008004de8
 .tm_clone_table
                0x00000000200001d8        0x0 /usr/lib/gcc/arm-none-eabi/10.3.1/thumb/v7-m/nofp/crtbegin.o
 .tm_clone_table
                0x00000000200001d8        0x0 /usr/lib/gcc/arm-none-eabi/10.3.1/thumb/v7-m/nofp/crtend.o

.igot.plt       0x00000000200001d8        0x0 load address 0x0000000008004de8
 .igot.plt      0x00000000200001d8        0x0 /usr/lib/gcc/arm-none-eabi/10.3.1/thumb/v7-m/nofp/crtbegin.o
                0x00000000200001d8                . = ALIGN (0x4)

.bss            0x00000000200001d8      0x6a8 load address 0x0000000008004de8
                0x00000000200001d8                _sbss = .
                0x00000000200001d8                __bss_start__ = _sbss
 *(.bss)
 .bss           0x00000000200001d8       0x1c /usr/lib/gcc/arm-none-eabi/10.3.1/thumb/v7-m/nofp/crtbegin.o
 *(.bss*)
 .bss.checkpush
                0x00000000200001f4        0x4 obj/app.o
                0x00000000200001f4                checkpush
 .bss.flagAutoArm.0
                0x00000000200001f8        0x4 obj/app.o
 .bss.g_adjust  0x00000000200001fc      0x18c obj/constManager.o
                0x00000000200001fc                g_adjust
 .bss.g_c_data  0x0000000020000388       0x48 obj/constManager.o
                0x0000000020000388                g_c_data
 .bss.hdma_rx.0
                0x00000000200003d0       0x38 obj/msp.o
 .bss.hdma_tx.1
                0x0000000020000408       0x38 obj/msp.o
 .bss.uwTick    0x0000000020000440        0x4 obj/stm32f1xx_hal.o
 .bss.GPIO_InitStruct
                0x0000000020000444       0x10 obj/MW_GPIO.o
 .bss.buff      0x0000000020000454      0x400 obj/message.o
 .bss.outptr    0x0000000020000854        0x4 obj/xprintf.o
                0x0000000020000854                outptr
 .bss.xfunc_out
                0x0000000020000858        0x4 obj/xprintf.o
                0x0000000020000858                xfunc_out
 .bss.ip        0x000000002000085c        0x4 obj/DD_RC.o
 .bss.rcv_data  0x0000000020000860        0x8 obj/DD_RC.o
 .bss.count_for_rc
                0x0000000020000868        0x4 obj/SystemTaskManager.o
 .bss.g_SY_system_counter
                0x000000002000086c        0x4 obj/SystemTaskManager.o
                0x000000002000086c                g_SY_system_counter
 .bss.g_rc_data
                0x0000000020000870        0x8 obj/SystemTaskManager.o
                0x0000000020000870                g_rc_data
 .bss.rc_rcv    0x0000000020000878        0x8 obj/SystemTaskManager.o
 *(COMMON)
                0x0000000020000880                . = ALIGN (0x4)
                0x0000000020000880                _ebss = .
                0x0000000020000880                __bss_end__ = _ebss

._user_heap_stack
                0x0000000020000880      0x600 load address 0x0000000008004de8
                0x0000000020000880                . = ALIGN (0x8)
                [!provide]                        PROVIDE (end = .)
                [!provide]                        PROVIDE (_end = .)
                0x0000000020000a80                . = (. + _Min_Heap_Size)
 *fill*         0x0000000020000880      0x200 
                0x0000000020000e80                . = (. + _Min_Stack_Size)
 *fill*         0x0000000020000a80      0x400 
                0x0000000020000e80                . = ALIGN (0x8)

/DISCARD/
 libc.a(*)
 libm.a(*)
 libgcc.a(*)

.ARM.attributes
                0x0000000000000000       0x29
 *(.ARM.attributes)
 .ARM.attributes
                0x0000000000000000       0x1d /usr/lib/gcc/arm-none-eabi/10.3.1/thumb/v7-m/nofp/crti.o
 .ARM.attributes
                0x000000000000001d       0x2d /usr/lib/gcc/arm-none-eabi/10.3.1/thumb/v7-m/nofp/crtbegin.o
 .ARM.attributes
                0x000000000000004a       0x2d obj/app.o
 .ARM.attributes
                0x0000000000000077       0x2d obj/assert.o
 .ARM.attributes
                0x00000000000000a4       0x2d obj/constManager.o
 .ARM.attributes
                0x00000000000000d1       0x33 obj/deviceDefinition.o
 .ARM.attributes
                0x0000000000000104       0x2d obj/msp.o
 .ARM.attributes
                0x0000000000000131       0x2d obj/stm32f1xx_it.o
 .ARM.attributes
                0x000000000000015e       0x2d obj/system_stm32f1xx.o
 .ARM.attributes
                0x000000000000018b       0x2d obj/trapezoid_ctrl.o
 .ARM.attributes
                0x00000000000001b8       0x2d obj/stm32f1xx_hal.o
 .ARM.attributes
                0x00000000000001e5       0x2d obj/stm32f1xx_hal_cortex.o
 .ARM.attributes
                0x0000000000000212       0x2d obj/stm32f1xx_hal_dma.o
 .ARM.attributes
                0x000000000000023f       0x2d obj/stm32f1xx_hal_gpio.o
 .ARM.attributes
                0x000000000000026c       0x2d obj/stm32f1xx_hal_i2c.o
 .ARM.attributes
                0x0000000000000299       0x2d obj/stm32f1xx_hal_iwdg.o
 .ARM.attributes
                0x00000000000002c6       0x2d obj/stm32f1xx_hal_rcc.o
 .ARM.attributes
                0x00000000000002f3       0x2d obj/stm32f1xx_hal_rcc_ex.o
 .ARM.attributes
                0x0000000000000320       0x2d obj/stm32f1xx_hal_tim.o
 .ARM.attributes
                0x000000000000034d       0x2d obj/stm32f1xx_hal_tim_ex.o
 .ARM.attributes
                0x000000000000037a       0x2d obj/stm32f1xx_hal_uart.o
 .ARM.attributes
                0x00000000000003a7       0x2d obj/MW_GPIO.o
 .ARM.attributes
                0x00000000000003d4       0x2d obj/MW_I2C.o
 .ARM.attributes
                0x0000000000000401       0x2d obj/MW_IWDG.o
 .ARM.attributes
                0x000000000000042e       0x2d obj/MW_TIM.o
 .ARM.attributes
                0x000000000000045b       0x2d obj/MW_USART.o
 .ARM.attributes
                0x0000000000000488       0x2d obj/message.o
 .ARM.attributes
                0x00000000000004b5       0x2d obj/xprintf.o
 .ARM.attributes
                0x00000000000004e2       0x2d obj/DD_Gene.o
 .ARM.attributes
                0x000000000000050f       0x2d obj/DD_MD.o
 .ARM.attributes
                0x000000000000053c       0x2d obj/DD_RC.o
 .ARM.attributes
                0x0000000000000569       0x2d obj/SystemTaskManager.o
 .ARM.attributes
                0x0000000000000596       0x21 obj/startup.o
 .ARM.attributes
                0x00000000000005b7       0x1d /usr/lib/gcc/arm-none-eabi/10.3.1/thumb/v7-m/nofp/libgcc.a(_arm_muldf3.o)
 .ARM.attributes
                0x00000000000005d4       0x1d /usr/lib/gcc/arm-none-eabi/10.3.1/thumb/v7-m/nofp/libgcc.a(_arm_addsubdf3.o)
 .ARM.attributes
                0x00000000000005f1       0x1d /usr/lib/gcc/arm-none-eabi/10.3.1/thumb/v7-m/nofp/libgcc.a(_arm_fixdfsi.o)
 .ARM.attributes
                0x000000000000060e       0x2d /usr/lib/gcc/arm-none-eabi/10.3.1/../../../arm-none-eabi/lib/thumb/v7-m/nofp/libc_nano.a(lib_a-init.o)
 .ARM.attributes
                0x000000000000063b       0x2d /usr/lib/gcc/arm-none-eabi/10.3.1/../../../arm-none-eabi/lib/thumb/v7-m/nofp/libc_nano.a(lib_a-memset.o)
 .ARM.attributes
                0x0000000000000668       0x2d /usr/lib/gcc/arm-none-eabi/10.3.1/thumb/v7-m/nofp/crtend.o
 .ARM.attributes
                0x0000000000000695       0x1d /usr/lib/gcc/arm-none-eabi/10.3.1/thumb/v7-m/nofp/crtn.o
OUTPUT(bin/Test.elf elf32-littlearm)
LOAD linker stubs
LOAD /usr/lib/gcc/arm-none-eabi/10.3.1/../../../arm-none-eabi/lib/thumb/v7-m/nofp/libc.a
LOAD /usr/lib/gcc/arm-none-eabi/10.3.1/../../../arm-none-eabi/lib/thumb/v7-m/nofp/libm.a
LOAD /usr/lib/gcc/arm-none-eabi/10.3.1/thumb/v7-m/nofp/libgcc.a

.comment        0x0000000000000000       0x33
 .comment       0x0000000000000000       0x33 /usr/lib/gcc/arm-none-eabi/10.3.1/thumb/v7-m/nofp/crtbegin.o
                                         0x34 (size before relaxing)
 .comment       0x0000000000000033       0x34 obj/app.o
 .comment       0x0000000000000033       0x34 obj/assert.o
 .comment       0x0000000000000033       0x34 obj/constManager.o
 .comment       0x0000000000000033       0x34 obj/deviceDefinition.o
 .comment       0x0000000000000033       0x34 obj/msp.o
 .comment       0x0000000000000033       0x34 obj/stm32f1xx_it.o
 .comment       0x0000000000000033       0x34 obj/system_stm32f1xx.o
 .comment       0x0000000000000033       0x34 obj/trapezoid_ctrl.o
 .comment       0x0000000000000033       0x34 obj/stm32f1xx_hal.o
 .comment       0x0000000000000033       0x34 obj/stm32f1xx_hal_cortex.o
 .comment       0x0000000000000033       0x34 obj/stm32f1xx_hal_dma.o
 .comment       0x0000000000000033       0x34 obj/stm32f1xx_hal_gpio.o
 .comment       0x0000000000000033       0x34 obj/stm32f1xx_hal_i2c.o
 .comment       0x0000000000000033       0x34 obj/stm32f1xx_hal_iwdg.o
 .comment       0x0000000000000033       0x34 obj/stm32f1xx_hal_rcc.o
 .comment       0x0000000000000033       0x34 obj/stm32f1xx_hal_rcc_ex.o
 .comment       0x0000000000000033       0x34 obj/stm32f1xx_hal_tim.o
 .comment       0x0000000000000033       0x34 obj/stm32f1xx_hal_tim_ex.o
 .comment       0x0000000000000033       0x34 obj/stm32f1xx_hal_uart.o
 .comment       0x0000000000000033       0x34 obj/MW_GPIO.o
 .comment       0x0000000000000033       0x34 obj/MW_I2C.o
 .comment       0x0000000000000033       0x34 obj/MW_IWDG.o
 .comment       0x0000000000000033       0x34 obj/MW_TIM.o
 .comment       0x0000000000000033       0x34 obj/MW_USART.o
 .comment       0x0000000000000033       0x34 obj/message.o
 .comment       0x0000000000000033       0x34 obj/xprintf.o
 .comment       0x0000000000000033       0x34 obj/DD_Gene.o
 .comment       0x0000000000000033       0x34 obj/DD_MD.o
 .comment       0x0000000000000033       0x34 obj/DD_RC.o
 .comment       0x0000000000000033       0x34 obj/SystemTaskManager.o
 .comment       0x0000000000000033       0x34 /usr/lib/gcc/arm-none-eabi/10.3.1/../../../arm-none-eabi/lib/thumb/v7-m/nofp/libc_nano.a(lib_a-init.o)
 .comment       0x0000000000000033       0x34 /usr/lib/gcc/arm-none-eabi/10.3.1/../../../arm-none-eabi/lib/thumb/v7-m/nofp/libc_nano.a(lib_a-memset.o)
 .comment       0x0000000000000033       0x34 /usr/lib/gcc/arm-none-eabi/10.3.1/thumb/v7-m/nofp/crtend.o

.debug_info     0x0000000000000000    0x18461
 .debug_info    0x0000000000000000      0x6d0 obj/app.o
 .debug_info    0x00000000000006d0       0xd0 obj/assert.o
 .debug_info    0x00000000000007a0     0x11dd obj/constManager.o
 .debug_info    0x000000000000197d      0x121 obj/deviceDefinition.o
 .debug_info    0x0000000000001a9e     0x1b37 obj/msp.o
 .debug_info    0x00000000000035d5      0x610 obj/stm32f1xx_it.o
 .debug_info    0x0000000000003be5      0x3ec obj/system_stm32f1xx.o
 .debug_info    0x0000000000003fd1      0x1b5 obj/trapezoid_ctrl.o
 .debug_info    0x0000000000004186      0x6b2 obj/stm32f1xx_hal.o
 .debug_info    0x0000000000004838      0xe47 obj/stm32f1xx_hal_cortex.o
 .debug_info    0x000000000000567f      0x7f9 obj/stm32f1xx_hal_dma.o
 .debug_info    0x0000000000005e78      0x892 obj/stm32f1xx_hal_gpio.o
 .debug_info    0x000000000000670a     0x3070 obj/stm32f1xx_hal_i2c.o
 .debug_info    0x000000000000977a      0x3a7 obj/stm32f1xx_hal_iwdg.o
 .debug_info    0x0000000000009b21     0x173c obj/stm32f1xx_hal_rcc.o
 .debug_info    0x000000000000b25d      0x66d obj/stm32f1xx_hal_rcc_ex.o
 .debug_info    0x000000000000b8ca     0x4807 obj/stm32f1xx_hal_tim.o
 .debug_info    0x00000000000100d1     0x193b obj/stm32f1xx_hal_tim_ex.o
 .debug_info    0x0000000000011a0c     0x1583 obj/stm32f1xx_hal_uart.o
 .debug_info    0x0000000000012f8f      0x4c2 obj/MW_GPIO.o
 .debug_info    0x0000000000013451      0x815 obj/MW_I2C.o
 .debug_info    0x0000000000013c66      0x319 obj/MW_IWDG.o
 .debug_info    0x0000000000013f7f      0xb7d obj/MW_TIM.o
 .debug_info    0x0000000000014afc      0x8a9 obj/MW_USART.o
 .debug_info    0x00000000000153a5      0x3a2 obj/message.o
 .debug_info    0x0000000000015747      0x7d2 obj/xprintf.o
 .debug_info    0x0000000000015f19      0x3d5 obj/DD_Gene.o
 .debug_info    0x00000000000162ee      0x2bb obj/DD_MD.o
 .debug_info    0x00000000000165a9      0x8c3 obj/DD_RC.o
 .debug_info    0x0000000000016e6c     0x1332 obj/SystemTaskManager.o
 .debug_info    0x000000000001819e       0x26 /usr/lib/gcc/arm-none-eabi/10.3.1/thumb/v7-m/nofp/libgcc.a(_arm_muldf3.o)
 .debug_info    0x00000000000181c4       0x26 /usr/lib/gcc/arm-none-eabi/10.3.1/thumb/v7-m/nofp/libgcc.a(_arm_addsubdf3.o)
 .debug_info    0x00000000000181ea       0x26 /usr/lib/gcc/arm-none-eabi/10.3.1/thumb/v7-m/nofp/libgcc.a(_arm_fixdfsi.o)
 .debug_info    0x0000000000018210      0x11a /usr/lib/gcc/arm-none-eabi/10.3.1/../../../arm-none-eabi/lib/thumb/v7-m/nofp/libc_nano.a(lib_a-init.o)
 .debug_info    0x000000000001832a      0x137 /usr/lib/gcc/arm-none-eabi/10.3.1/../../../arm-none-eabi/lib/thumb/v7-m/nofp/libc_nano.a(lib_a-memset.o)

.debug_abbrev   0x0000000000000000     0x3a59
 .debug_abbrev  0x0000000000000000      0x211 obj/app.o
 .debug_abbrev  0x0000000000000211       0x73 obj/assert.o
 .debug_abbrev  0x0000000000000284      0x285 obj/constManager.o
 .debug_abbrev  0x0000000000000509       0xb9 obj/deviceDefinition.o
 .debug_abbrev  0x00000000000005c2      0x227 obj/msp.o
 .debug_abbrev  0x00000000000007e9      0x157 obj/stm32f1xx_it.o
 .debug_abbrev  0x0000000000000940      0x141 obj/system_stm32f1xx.o
 .debug_abbrev  0x0000000000000a81       0xee obj/trapezoid_ctrl.o
 .debug_abbrev  0x0000000000000b6f      0x247 obj/stm32f1xx_hal.o
 .debug_abbrev  0x0000000000000db6      0x301 obj/stm32f1xx_hal_cortex.o
 .debug_abbrev  0x00000000000010b7      0x222 obj/stm32f1xx_hal_dma.o
 .debug_abbrev  0x00000000000012d9      0x22e obj/stm32f1xx_hal_gpio.o
 .debug_abbrev  0x0000000000001507      0x244 obj/stm32f1xx_hal_i2c.o
 .debug_abbrev  0x000000000000174b      0x1a7 obj/stm32f1xx_hal_iwdg.o
 .debug_abbrev  0x00000000000018f2      0x2b6 obj/stm32f1xx_hal_rcc.o
 .debug_abbrev  0x0000000000001ba8      0x274 obj/stm32f1xx_hal_rcc_ex.o
 .debug_abbrev  0x0000000000001e1c      0x255 obj/stm32f1xx_hal_tim.o
 .debug_abbrev  0x0000000000002071      0x244 obj/stm32f1xx_hal_tim_ex.o
 .debug_abbrev  0x00000000000022b5      0x24f obj/stm32f1xx_hal_uart.o
 .debug_abbrev  0x0000000000002504      0x1b7 obj/MW_GPIO.o
 .debug_abbrev  0x00000000000026bb      0x1b1 obj/MW_I2C.o
 .debug_abbrev  0x000000000000286c      0x15d obj/MW_IWDG.o
 .debug_abbrev  0x00000000000029c9      0x1d2 obj/MW_TIM.o
 .debug_abbrev  0x0000000000002b9b      0x1e4 obj/MW_USART.o
 .debug_abbrev  0x0000000000002d7f      0x1b6 obj/message.o
 .debug_abbrev  0x0000000000002f35      0x255 obj/xprintf.o
 .debug_abbrev  0x000000000000318a      0x192 obj/DD_Gene.o
 .debug_abbrev  0x000000000000331c      0x173 obj/DD_MD.o
 .debug_abbrev  0x000000000000348f      0x180 obj/DD_RC.o
 .debug_abbrev  0x000000000000360f      0x28e obj/SystemTaskManager.o
 .debug_abbrev  0x000000000000389d       0x14 /usr/lib/gcc/arm-none-eabi/10.3.1/thumb/v7-m/nofp/libgcc.a(_arm_muldf3.o)
 .debug_abbrev  0x00000000000038b1       0x14 /usr/lib/gcc/arm-none-eabi/10.3.1/thumb/v7-m/nofp/libgcc.a(_arm_addsubdf3.o)
 .debug_abbrev  0x00000000000038c5       0x14 /usr/lib/gcc/arm-none-eabi/10.3.1/thumb/v7-m/nofp/libgcc.a(_arm_fixdfsi.o)
 .debug_abbrev  0x00000000000038d9       0xcc /usr/lib/gcc/arm-none-eabi/10.3.1/../../../arm-none-eabi/lib/thumb/v7-m/nofp/libc_nano.a(lib_a-init.o)
 .debug_abbrev  0x00000000000039a5       0xb4 /usr/lib/gcc/arm-none-eabi/10.3.1/../../../arm-none-eabi/lib/thumb/v7-m/nofp/libc_nano.a(lib_a-memset.o)

.debug_loc      0x0000000000000000     0xda53
 .debug_loc     0x0000000000000000      0x187 obj/app.o
 .debug_loc     0x0000000000000187       0x2a obj/assert.o
 .debug_loc     0x00000000000001b1      0x40a obj/constManager.o
 .debug_loc     0x00000000000005bb      0x439 obj/msp.o
 .debug_loc     0x00000000000009f4       0xff obj/system_stm32f1xx.o
 .debug_loc     0x0000000000000af3      0x2e0 obj/trapezoid_ctrl.o
 .debug_loc     0x0000000000000dd3       0xb3 obj/stm32f1xx_hal.o
 .debug_loc     0x0000000000000e86      0x87f obj/stm32f1xx_hal_cortex.o
 .debug_loc     0x0000000000001705      0x573 obj/stm32f1xx_hal_dma.o
 .debug_loc     0x0000000000001c78      0x61d obj/stm32f1xx_hal_gpio.o
 .debug_loc     0x0000000000002295     0x346a obj/stm32f1xx_hal_i2c.o
 .debug_loc     0x00000000000056ff      0x140 obj/stm32f1xx_hal_iwdg.o
 .debug_loc     0x000000000000583f      0xdf4 obj/stm32f1xx_hal_rcc.o
 .debug_loc     0x0000000000006633      0x481 obj/stm32f1xx_hal_rcc_ex.o
 .debug_loc     0x0000000000006ab4     0x2d42 obj/stm32f1xx_hal_tim.o
 .debug_loc     0x00000000000097f6      0xcb2 obj/stm32f1xx_hal_tim_ex.o
 .debug_loc     0x000000000000a4a8     0x12ed obj/stm32f1xx_hal_uart.o
 .debug_loc     0x000000000000b795      0x20a obj/MW_GPIO.o
 .debug_loc     0x000000000000b99f      0x293 obj/MW_I2C.o
 .debug_loc     0x000000000000bc32      0x47a obj/MW_TIM.o
 .debug_loc     0x000000000000c0ac      0x1f2 obj/MW_USART.o
 .debug_loc     0x000000000000c29e       0xcd obj/message.o
 .debug_loc     0x000000000000c36b      0xb18 obj/xprintf.o
 .debug_loc     0x000000000000ce83      0x172 obj/DD_Gene.o
 .debug_loc     0x000000000000cff5       0x73 obj/DD_MD.o
 .debug_loc     0x000000000000d068      0x574 obj/DD_RC.o
 .debug_loc     0x000000000000d5dc      0x191 obj/SystemTaskManager.o
 .debug_loc     0x000000000000d76d       0xba /usr/lib/gcc/arm-none-eabi/10.3.1/../../../arm-none-eabi/lib/thumb/v7-m/nofp/libc_nano.a(lib_a-init.o)
 .debug_loc     0x000000000000d827      0x22c /usr/lib/gcc/arm-none-eabi/10.3.1/../../../arm-none-eabi/lib/thumb/v7-m/nofp/libc_nano.a(lib_a-memset.o)

.debug_aranges  0x0000000000000000     0x1198
 .debug_aranges
                0x0000000000000000       0x48 obj/app.o
 .debug_aranges
                0x0000000000000048       0x20 obj/assert.o
 .debug_aranges
                0x0000000000000068       0x88 obj/constManager.o
 .debug_aranges
                0x00000000000000f0       0x18 obj/deviceDefinition.o
 .debug_aranges
                0x0000000000000108       0x88 obj/msp.o
 .debug_aranges
                0x0000000000000190       0x80 obj/stm32f1xx_it.o
 .debug_aranges
                0x0000000000000210       0x28 obj/system_stm32f1xx.o
 .debug_aranges
                0x0000000000000238       0x20 obj/trapezoid_ctrl.o
 .debug_aranges
                0x0000000000000258       0xb0 obj/stm32f1xx_hal.o
 .debug_aranges
                0x0000000000000308       0x90 obj/stm32f1xx_hal_cortex.o
 .debug_aranges
                0x0000000000000398       0x68 obj/stm32f1xx_hal_dma.o
 .debug_aranges
                0x0000000000000400       0x58 obj/stm32f1xx_hal_gpio.o
 .debug_aranges
                0x0000000000000458      0x218 obj/stm32f1xx_hal_i2c.o
 .debug_aranges
                0x0000000000000670       0x40 obj/stm32f1xx_hal_iwdg.o
 .debug_aranges
                0x00000000000006b0       0x88 obj/stm32f1xx_hal_rcc.o
 .debug_aranges
                0x0000000000000738       0x30 obj/stm32f1xx_hal_rcc_ex.o
 .debug_aranges
                0x0000000000000768      0x368 obj/stm32f1xx_hal_tim.o
 .debug_aranges
                0x0000000000000ad0      0x138 obj/stm32f1xx_hal_tim_ex.o
 .debug_aranges
                0x0000000000000c08      0x150 obj/stm32f1xx_hal_uart.o
 .debug_aranges
                0x0000000000000d58       0x58 obj/MW_GPIO.o
 .debug_aranges
                0x0000000000000db0       0x48 obj/MW_I2C.o
 .debug_aranges
                0x0000000000000df8       0x40 obj/MW_IWDG.o
 .debug_aranges
                0x0000000000000e38       0x80 obj/MW_TIM.o
 .debug_aranges
                0x0000000000000eb8       0x60 obj/MW_USART.o
 .debug_aranges
                0x0000000000000f18       0x48 obj/message.o
 .debug_aranges
                0x0000000000000f60       0x70 obj/xprintf.o
 .debug_aranges
                0x0000000000000fd0       0x40 obj/DD_Gene.o
 .debug_aranges
                0x0000000000001010       0x28 obj/DD_MD.o
 .debug_aranges
                0x0000000000001038       0x58 obj/DD_RC.o
 .debug_aranges
                0x0000000000001090       0x68 obj/SystemTaskManager.o
 .debug_aranges
                0x00000000000010f8       0x20 /usr/lib/gcc/arm-none-eabi/10.3.1/thumb/v7-m/nofp/libgcc.a(_arm_muldf3.o)
 .debug_aranges
                0x0000000000001118       0x20 /usr/lib/gcc/arm-none-eabi/10.3.1/thumb/v7-m/nofp/libgcc.a(_arm_addsubdf3.o)
 .debug_aranges
                0x0000000000001138       0x20 /usr/lib/gcc/arm-none-eabi/10.3.1/thumb/v7-m/nofp/libgcc.a(_arm_fixdfsi.o)
 .debug_aranges
                0x0000000000001158       0x20 /usr/lib/gcc/arm-none-eabi/10.3.1/../../../arm-none-eabi/lib/thumb/v7-m/nofp/libc_nano.a(lib_a-init.o)
 .debug_aranges
                0x0000000000001178       0x20 /usr/lib/gcc/arm-none-eabi/10.3.1/../../../arm-none-eabi/lib/thumb/v7-m/nofp/libc_nano.a(lib_a-memset.o)

.debug_ranges   0x0000000000000000      0xfd0
 .debug_ranges  0x0000000000000000       0x38 obj/app.o
 .debug_ranges  0x0000000000000038       0x10 obj/assert.o
 .debug_ranges  0x0000000000000048       0xa8 obj/constManager.o
 .debug_ranges  0x00000000000000f0       0x78 obj/msp.o
 .debug_ranges  0x0000000000000168       0x70 obj/stm32f1xx_it.o
 .debug_ranges  0x00000000000001d8       0x18 obj/system_stm32f1xx.o
 .debug_ranges  0x00000000000001f0       0x10 obj/trapezoid_ctrl.o
 .debug_ranges  0x0000000000000200       0xa0 obj/stm32f1xx_hal.o
 .debug_ranges  0x00000000000002a0       0xe0 obj/stm32f1xx_hal_cortex.o
 .debug_ranges  0x0000000000000380       0x58 obj/stm32f1xx_hal_dma.o
 .debug_ranges  0x00000000000003d8       0x48 obj/stm32f1xx_hal_gpio.o
 .debug_ranges  0x0000000000000420      0x208 obj/stm32f1xx_hal_i2c.o
 .debug_ranges  0x0000000000000628       0x30 obj/stm32f1xx_hal_iwdg.o
 .debug_ranges  0x0000000000000658       0x78 obj/stm32f1xx_hal_rcc.o
 .debug_ranges  0x00000000000006d0       0x20 obj/stm32f1xx_hal_rcc_ex.o
 .debug_ranges  0x00000000000006f0      0x358 obj/stm32f1xx_hal_tim.o
 .debug_ranges  0x0000000000000a48      0x128 obj/stm32f1xx_hal_tim_ex.o
 .debug_ranges  0x0000000000000b70      0x140 obj/stm32f1xx_hal_uart.o
 .debug_ranges  0x0000000000000cb0       0x48 obj/MW_GPIO.o
 .debug_ranges  0x0000000000000cf8       0x38 obj/MW_I2C.o
 .debug_ranges  0x0000000000000d30       0x30 obj/MW_IWDG.o
 .debug_ranges  0x0000000000000d60       0x70 obj/MW_TIM.o
 .debug_ranges  0x0000000000000dd0       0x50 obj/MW_USART.o
 .debug_ranges  0x0000000000000e20       0x38 obj/message.o
 .debug_ranges  0x0000000000000e58       0x60 obj/xprintf.o
 .debug_ranges  0x0000000000000eb8       0x30 obj/DD_Gene.o
 .debug_ranges  0x0000000000000ee8       0x18 obj/DD_MD.o
 .debug_ranges  0x0000000000000f00       0x78 obj/DD_RC.o
 .debug_ranges  0x0000000000000f78       0x58 obj/SystemTaskManager.o

.debug_macro    0x0000000000000000    0x15590
 .debug_macro   0x0000000000000000      0x408 obj/app.o
 .debug_macro   0x0000000000000408      0xac6 obj/app.o
 .debug_macro   0x0000000000000ece       0x22 obj/app.o
 .debug_macro   0x0000000000000ef0      0x34e obj/app.o
 .debug_macro   0x000000000000123e       0x16 obj/app.o
 .debug_macro   0x0000000000001254       0x10 obj/app.o
 .debug_macro   0x0000000000001264       0x40 obj/app.o
 .debug_macro   0x00000000000012a4       0x52 obj/app.o
 .debug_macro   0x00000000000012f6      0x1b1 obj/app.o
 .debug_macro   0x00000000000014a7       0x2e obj/app.o
 .debug_macro   0x00000000000014d5       0x22 obj/app.o
 .debug_macro   0x00000000000014f7       0x3a obj/app.o
 .debug_macro   0x0000000000001531       0x34 obj/app.o
 .debug_macro   0x0000000000001565      0xb8e obj/app.o
 .debug_macro   0x00000000000020f3     0x69eb obj/app.o
 .debug_macro   0x0000000000008ade       0x43 obj/app.o
 .debug_macro   0x0000000000008b21     0x3383 obj/app.o
 .debug_macro   0x000000000000bea4       0x22 obj/app.o
 .debug_macro   0x000000000000bec6       0x52 obj/app.o
 .debug_macro   0x000000000000bf18       0x18 obj/app.o
 .debug_macro   0x000000000000bf30       0x94 obj/app.o
 .debug_macro   0x000000000000bfc4       0x35 obj/app.o
 .debug_macro   0x000000000000bff9       0x34 obj/app.o
 .debug_macro   0x000000000000c02d       0x16 obj/app.o
 .debug_macro   0x000000000000c043       0x57 obj/app.o
 .debug_macro   0x000000000000c09a       0x97 obj/app.o
 .debug_macro   0x000000000000c131      0x356 obj/app.o
 .debug_macro   0x000000000000c487       0xf6 obj/app.o
 .debug_macro   0x000000000000c57d       0x10 obj/app.o
 .debug_macro   0x000000000000c58d       0x16 obj/app.o
 .debug_macro   0x000000000000c5a3       0x43 obj/app.o
 .debug_macro   0x000000000000c5e6       0x34 obj/app.o
 .debug_macro   0x000000000000c61a       0x10 obj/app.o
 .debug_macro   0x000000000000c62a       0x52 obj/app.o
 .debug_macro   0x000000000000c67c      0x182 obj/app.o
 .debug_macro   0x000000000000c7fe       0x10 obj/app.o
 .debug_macro   0x000000000000c80e       0x6a obj/app.o
 .debug_macro   0x000000000000c878       0x1c obj/app.o
 .debug_macro   0x000000000000c894       0x52 obj/app.o
 .debug_macro   0x000000000000c8e6       0x22 obj/app.o
 .debug_macro   0x000000000000c908       0x10 obj/app.o
 .debug_macro   0x000000000000c918       0x40 obj/app.o
 .debug_macro   0x000000000000c958       0xd5 obj/app.o
 .debug_macro   0x000000000000ca2d       0x1c obj/app.o
 .debug_macro   0x000000000000ca49       0x3d obj/app.o
 .debug_macro   0x000000000000ca86       0x16 obj/app.o
 .debug_macro   0x000000000000ca9c      0x16f obj/app.o
 .debug_macro   0x000000000000cc0b       0x57 obj/app.o
 .debug_macro   0x000000000000cc62      0x778 obj/app.o
 .debug_macro   0x000000000000d3da      0x28b obj/app.o
 .debug_macro   0x000000000000d665      0x141 obj/app.o
 .debug_macro   0x000000000000d7a6      0x197 obj/app.o
 .debug_macro   0x000000000000d93d      0x1ae obj/app.o
 .debug_macro   0x000000000000daeb       0x2d obj/app.o
 .debug_macro   0x000000000000db18       0x3c obj/app.o
 .debug_macro   0x000000000000db54       0x57 obj/app.o
 .debug_macro   0x000000000000dbab      0x46a obj/app.o
 .debug_macro   0x000000000000e015      0x1b5 obj/app.o
 .debug_macro   0x000000000000e1ca       0x8c obj/app.o
 .debug_macro   0x000000000000e256      0x242 obj/app.o
 .debug_macro   0x000000000000e498      0x225 obj/app.o
 .debug_macro   0x000000000000e6bd       0x99 obj/app.o
 .debug_macro   0x000000000000e756      0x143 obj/app.o
 .debug_macro   0x000000000000e899      0x1f4 obj/app.o
 .debug_macro   0x000000000000ea8d      0x83e obj/app.o
 .debug_macro   0x000000000000f2cb       0x11 obj/app.o
 .debug_macro   0x000000000000f2dc      0x256 obj/app.o
 .debug_macro   0x000000000000f532       0x7c obj/app.o
 .debug_macro   0x000000000000f5ae       0x16 obj/app.o
 .debug_macro   0x000000000000f5c4       0x35 obj/app.o
 .debug_macro   0x000000000000f5f9       0x16 obj/app.o
 .debug_macro   0x000000000000f60f       0x29 obj/app.o
 .debug_macro   0x000000000000f638       0x16 obj/app.o
 .debug_macro   0x000000000000f64e      0x100 obj/app.o
 .debug_macro   0x000000000000f74e       0x2e obj/app.o
 .debug_macro   0x000000000000f77c       0x28 obj/app.o
 .debug_macro   0x000000000000f7a4       0x34 obj/app.o
 .debug_macro   0x000000000000f7d8      0x300 obj/assert.o
 .debug_macro   0x000000000000fad8       0x34 obj/assert.o
 .debug_macro   0x000000000000fb0c      0x393 obj/constManager.o
 .debug_macro   0x000000000000fe9f      0x119 obj/constManager.o
 .debug_macro   0x000000000000ffb8       0x22 obj/constManager.o
 .debug_macro   0x000000000000ffda       0x10 obj/constManager.o
 .debug_macro   0x000000000000ffea       0x1c obj/constManager.o
 .debug_macro   0x0000000000010006       0x28 obj/constManager.o
 .debug_macro   0x000000000001002e      0x3b2 obj/deviceDefinition.o
 .debug_macro   0x00000000000103e0      0x300 obj/msp.o
 .debug_macro   0x00000000000106e0      0x32b obj/stm32f1xx_it.o
 .debug_macro   0x0000000000010a0b       0x10 obj/stm32f1xx_it.o
 .debug_macro   0x0000000000010a1b       0x88 obj/system_stm32f1xx.o
 .debug_macro   0x0000000000010aa3      0x12e obj/trapezoid_ctrl.o
 .debug_macro   0x0000000000010bd1      0x10e obj/trapezoid_ctrl.o
 .debug_macro   0x0000000000010cdf       0x86 obj/trapezoid_ctrl.o
 .debug_macro   0x0000000000010d65      0x324 obj/stm32f1xx_hal.o
 .debug_macro   0x0000000000011089      0x300 obj/stm32f1xx_hal_cortex.o
 .debug_macro   0x0000000000011389      0x306 obj/stm32f1xx_hal_dma.o
 .debug_macro   0x000000000001168f      0x370 obj/stm32f1xx_hal_gpio.o
 .debug_macro   0x00000000000119ff      0x316 obj/stm32f1xx_hal_i2c.o
 .debug_macro   0x0000000000011d15      0x306 obj/stm32f1xx_hal_iwdg.o
 .debug_macro   0x000000000001201b      0x324 obj/stm32f1xx_hal_rcc.o
 .debug_macro   0x000000000001233f      0x300 obj/stm32f1xx_hal_rcc_ex.o
 .debug_macro   0x000000000001263f      0x301 obj/stm32f1xx_hal_tim.o
 .debug_macro   0x0000000000012940      0x300 obj/stm32f1xx_hal_tim_ex.o
 .debug_macro   0x0000000000012c40      0x301 obj/stm32f1xx_hal_uart.o
 .debug_macro   0x0000000000012f41      0x30f obj/MW_GPIO.o
 .debug_macro   0x0000000000013250       0x22 obj/MW_GPIO.o
 .debug_macro   0x0000000000013272      0x344 obj/MW_I2C.o
 .debug_macro   0x00000000000135b6      0x33e obj/MW_IWDG.o
 .debug_macro   0x00000000000138f4      0x343 obj/MW_TIM.o
 .debug_macro   0x0000000000013c37       0x16 obj/MW_TIM.o
 .debug_macro   0x0000000000013c4d      0x344 obj/MW_USART.o
 .debug_macro   0x0000000000013f91      0x37c obj/message.o
 .debug_macro   0x000000000001430d       0x22 obj/message.o
 .debug_macro   0x000000000001432f       0x58 obj/message.o
 .debug_macro   0x0000000000014387       0x22 obj/message.o
 .debug_macro   0x00000000000143a9      0x318 obj/xprintf.o
 .debug_macro   0x00000000000146c1      0x3b1 obj/DD_Gene.o
 .debug_macro   0x0000000000014a72       0x10 obj/DD_Gene.o
 .debug_macro   0x0000000000014a82      0x3a2 obj/DD_MD.o
 .debug_macro   0x0000000000014e24      0x371 obj/DD_RC.o
 .debug_macro   0x0000000000015195       0x1c obj/DD_RC.o
 .debug_macro   0x00000000000151b1      0x3cf obj/SystemTaskManager.o
 .debug_macro   0x0000000000015580       0x10 obj/SystemTaskManager.o

.debug_line     0x0000000000000000    0x1bbe4
 .debug_line    0x0000000000000000      0xcf3 obj/app.o
 .debug_line    0x0000000000000cf3      0x628 obj/assert.o
 .debug_line    0x000000000000131b      0xe34 obj/constManager.o
 .debug_line    0x000000000000214f      0x902 obj/deviceDefinition.o
 .debug_line    0x0000000000002a51      0xc73 obj/msp.o
 .debug_line    0x00000000000036c4      0x86a obj/stm32f1xx_it.o
 .debug_line    0x0000000000003f2e      0x271 obj/system_stm32f1xx.o
 .debug_line    0x000000000000419f      0x37f obj/trapezoid_ctrl.o
 .debug_line    0x000000000000451e      0x860 obj/stm32f1xx_hal.o
 .debug_line    0x0000000000004d7e      0xac9 obj/stm32f1xx_hal_cortex.o
 .debug_line    0x0000000000005847      0xe07 obj/stm32f1xx_hal_dma.o
 .debug_line    0x000000000000664e      0xb85 obj/stm32f1xx_hal_gpio.o
 .debug_line    0x00000000000071d3     0x37b7 obj/stm32f1xx_hal_i2c.o
 .debug_line    0x000000000000a98a      0x7ed obj/stm32f1xx_hal_iwdg.o
 .debug_line    0x000000000000b177     0x16a9 obj/stm32f1xx_hal_rcc.o
 .debug_line    0x000000000000c820      0x9f8 obj/stm32f1xx_hal_rcc_ex.o
 .debug_line    0x000000000000d218     0x45f6 obj/stm32f1xx_hal_tim.o
 .debug_line    0x000000000001180e     0x183b obj/stm32f1xx_hal_tim_ex.o
 .debug_line    0x0000000000013049     0x19ce obj/stm32f1xx_hal_uart.o
 .debug_line    0x0000000000014a17      0x766 obj/MW_GPIO.o
 .debug_line    0x000000000001517d      0x778 obj/MW_I2C.o
 .debug_line    0x00000000000158f5      0x719 obj/MW_IWDG.o
 .debug_line    0x000000000001600e      0x8fd obj/MW_TIM.o
 .debug_line    0x000000000001690b      0x7fc obj/MW_USART.o
 .debug_line    0x0000000000017107      0x8e9 obj/message.o
 .debug_line    0x00000000000179f0      0xe5d obj/xprintf.o
 .debug_line    0x000000000001884d      0xa30 obj/DD_Gene.o
 .debug_line    0x000000000001927d      0x939 obj/DD_MD.o
 .debug_line    0x0000000000019bb6      0xc37 obj/DD_RC.o
 .debug_line    0x000000000001a7ed      0xdee obj/SystemTaskManager.o
 .debug_line    0x000000000001b5db      0x10c /usr/lib/gcc/arm-none-eabi/10.3.1/thumb/v7-m/nofp/libgcc.a(_arm_muldf3.o)
 .debug_line    0x000000000001b6e7      0x186 /usr/lib/gcc/arm-none-eabi/10.3.1/thumb/v7-m/nofp/libgcc.a(_arm_addsubdf3.o)
 .debug_line    0x000000000001b86d       0x79 /usr/lib/gcc/arm-none-eabi/10.3.1/thumb/v7-m/nofp/libgcc.a(_arm_fixdfsi.o)
 .debug_line    0x000000000001b8e6      0x13f /usr/lib/gcc/arm-none-eabi/10.3.1/../../../arm-none-eabi/lib/thumb/v7-m/nofp/libc_nano.a(lib_a-init.o)
 .debug_line    0x000000000001ba25      0x1bf /usr/lib/gcc/arm-none-eabi/10.3.1/../../../arm-none-eabi/lib/thumb/v7-m/nofp/libc_nano.a(lib_a-memset.o)

.debug_str      0x0000000000000000    0x6bce2
 .debug_str     0x0000000000000000    0x66802 obj/app.o
                                      0x66bab (size before relaxing)
 .debug_str     0x0000000000066802       0x2d obj/assert.o
                                      0x65bc0 (size before relaxing)
 .debug_str     0x000000000006682f      0xa33 obj/constManager.o
                                      0x66fe7 (size before relaxing)
 .debug_str     0x0000000000067262       0x1b obj/deviceDefinition.o
                                      0x66150 (size before relaxing)
 .debug_str     0x000000000006727d      0xd10 obj/msp.o
                                      0x66a48 (size before relaxing)
 .debug_str     0x0000000000067f8d      0x1df obj/stm32f1xx_it.o
                                      0x661ef (size before relaxing)
 .debug_str     0x000000000006816c       0xe2 obj/system_stm32f1xx.o
                                      0x2ddc5 (size before relaxing)
 .debug_str     0x000000000006824e       0x3c obj/trapezoid_ctrl.o
                                       0x68cd (size before relaxing)
 .debug_str     0x000000000006828a      0x2f5 obj/stm32f1xx_hal.o
                                      0x662ba (size before relaxing)
 .debug_str     0x000000000006857f      0x226 obj/stm32f1xx_hal_cortex.o
                                      0x662c4 (size before relaxing)
 .debug_str     0x00000000000687a5      0x151 obj/stm32f1xx_hal_dma.o
                                      0x65f3c (size before relaxing)
 .debug_str     0x00000000000688f6      0x3d1 obj/stm32f1xx_hal_gpio.o
                                      0x660a8 (size before relaxing)
 .debug_str     0x0000000000068cc7      0x6ec obj/stm32f1xx_hal_i2c.o
                                      0x666e8 (size before relaxing)
 .debug_str     0x00000000000693b3      0x162 obj/stm32f1xx_hal_iwdg.o
                                      0x65dad (size before relaxing)
 .debug_str     0x0000000000069515      0x39e obj/stm32f1xx_hal_rcc.o
                                      0x66101 (size before relaxing)
 .debug_str     0x00000000000698b3      0x128 obj/stm32f1xx_hal_rcc_ex.o
                                      0x65ddf (size before relaxing)
 .debug_str     0x00000000000699db      0xcb2 obj/stm32f1xx_hal_tim.o
                                      0x66d29 (size before relaxing)
 .debug_str     0x000000000006a68d      0x4a9 obj/stm32f1xx_hal_tim_ex.o
                                      0x665c3 (size before relaxing)
 .debug_str     0x000000000006ab36      0x34b obj/stm32f1xx_hal_uart.o
                                      0x66384 (size before relaxing)
 .debug_str     0x000000000006ae81       0xc7 obj/MW_GPIO.o
                                      0x65e68 (size before relaxing)
 .debug_str     0x000000000006af48      0x106 obj/MW_I2C.o
                                      0x661a0 (size before relaxing)
 .debug_str     0x000000000006b04e       0x72 obj/MW_IWDG.o
                                      0x65e74 (size before relaxing)
 .debug_str     0x000000000006b0c0      0x29a obj/MW_TIM.o
                                      0x663fd (size before relaxing)
 .debug_str     0x000000000006b35a      0x103 obj/MW_USART.o
                                      0x661ea (size before relaxing)
 .debug_str     0x000000000006b45d      0x274 obj/message.o
                                      0x661d1 (size before relaxing)
 .debug_str     0x000000000006b6d1       0x85 obj/xprintf.o
                                      0x65eae (size before relaxing)
 .debug_str     0x000000000006b756       0x85 obj/DD_Gene.o
                                      0x6619a (size before relaxing)
 .debug_str     0x000000000006b7db       0x2d obj/DD_MD.o
                                      0x660c1 (size before relaxing)
 .debug_str     0x000000000006b808      0x14e obj/DD_RC.o
                                      0x66602 (size before relaxing)
 .debug_str     0x000000000006b956       0xe4 obj/SystemTaskManager.o
                                      0x66e74 (size before relaxing)
 .debug_str     0x000000000006ba3a       0xa7 /usr/lib/gcc/arm-none-eabi/10.3.1/thumb/v7-m/nofp/libgcc.a(_arm_muldf3.o)
 .debug_str     0x000000000006bae1       0xa7 /usr/lib/gcc/arm-none-eabi/10.3.1/thumb/v7-m/nofp/libgcc.a(_arm_addsubdf3.o)
 .debug_str     0x000000000006bae1       0xa7 /usr/lib/gcc/arm-none-eabi/10.3.1/thumb/v7-m/nofp/libgcc.a(_arm_fixdfsi.o)
 .debug_str     0x000000000006bae1      0x15b /usr/lib/gcc/arm-none-eabi/10.3.1/../../../arm-none-eabi/lib/thumb/v7-m/nofp/libc_nano.a(lib_a-init.o)
                                        0x203 (size before relaxing)
 .debug_str     0x000000000006bc3c       0xa6 /usr/lib/gcc/arm-none-eabi/10.3.1/../../../arm-none-eabi/lib/thumb/v7-m/nofp/libc_nano.a(lib_a-memset.o)
                                        0x1b8 (size before relaxing)

.debug_frame    0x0000000000000000     0x30e0
 .debug_frame   0x0000000000000000       0xd0 obj/app.o
 .debug_frame   0x00000000000000d0       0x20 obj/assert.o
 .debug_frame   0x00000000000000f0      0x198 obj/constManager.o
 .debug_frame   0x0000000000000288      0x190 obj/msp.o
 .debug_frame   0x0000000000000418      0x108 obj/stm32f1xx_it.o
 .debug_frame   0x0000000000000520       0x30 obj/system_stm32f1xx.o
 .debug_frame   0x0000000000000550       0x20 obj/trapezoid_ctrl.o
 .debug_frame   0x0000000000000570      0x168 obj/stm32f1xx_hal.o
 .debug_frame   0x00000000000006d8      0x144 obj/stm32f1xx_hal_cortex.o
 .debug_frame   0x000000000000081c      0x118 obj/stm32f1xx_hal_dma.o
 .debug_frame   0x0000000000000934       0xfc obj/stm32f1xx_hal_gpio.o
 .debug_frame   0x0000000000000a30      0x770 obj/stm32f1xx_hal_i2c.o
 .debug_frame   0x00000000000011a0       0x80 obj/stm32f1xx_hal_iwdg.o
 .debug_frame   0x0000000000001220      0x168 obj/stm32f1xx_hal_rcc.o
 .debug_frame   0x0000000000001388       0x68 obj/stm32f1xx_hal_rcc_ex.o
 .debug_frame   0x00000000000013f0      0xa84 obj/stm32f1xx_hal_tim.o
 .debug_frame   0x0000000000001e74      0x3b4 obj/stm32f1xx_hal_tim_ex.o
 .debug_frame   0x0000000000002228      0x39c obj/stm32f1xx_hal_uart.o
 .debug_frame   0x00000000000025c4       0xbc obj/MW_GPIO.o
 .debug_frame   0x0000000000002680       0xc4 obj/MW_I2C.o
 .debug_frame   0x0000000000002744       0x78 obj/MW_IWDG.o
 .debug_frame   0x00000000000027bc      0x164 obj/MW_TIM.o
 .debug_frame   0x0000000000002920      0x104 obj/MW_USART.o
 .debug_frame   0x0000000000002a24       0xfc obj/message.o
 .debug_frame   0x0000000000002b20      0x19c obj/xprintf.o
 .debug_frame   0x0000000000002cbc       0x98 obj/DD_Gene.o
 .debug_frame   0x0000000000002d54       0x4c obj/DD_MD.o
 .debug_frame   0x0000000000002da0       0xd0 obj/DD_RC.o
 .debug_frame   0x0000000000002e70      0x118 obj/SystemTaskManager.o
 .debug_frame   0x0000000000002f88       0x30 /usr/lib/gcc/arm-none-eabi/10.3.1/thumb/v7-m/nofp/libgcc.a(_arm_muldf3.o)
 .debug_frame   0x0000000000002fb8       0xac /usr/lib/gcc/arm-none-eabi/10.3.1/thumb/v7-m/nofp/libgcc.a(_arm_addsubdf3.o)
 .debug_frame   0x0000000000003064       0x24 /usr/lib/gcc/arm-none-eabi/10.3.1/thumb/v7-m/nofp/libgcc.a(_arm_fixdfsi.o)
 .debug_frame   0x0000000000003088       0x2c /usr/lib/gcc/arm-none-eabi/10.3.1/../../../arm-none-eabi/lib/thumb/v7-m/nofp/libc_nano.a(lib_a-init.o)
 .debug_frame   0x00000000000030b4       0x2c /usr/lib/gcc/arm-none-eabi/10.3.1/../../../arm-none-eabi/lib/thumb/v7-m/nofp/libc_nano.a(lib_a-memset.o)

Cross Reference Table

Symbol                                            File
ADC1_2_IRQHandler                                 obj/startup.o
ADC_ConversionStop_Disable                        obj/stm32f1xx_hal_adc.o
                                                  obj/stm32f1xx_hal_adc_ex.o
ADC_DMAConvCplt                                   obj/stm32f1xx_hal_adc.o
                                                  obj/stm32f1xx_hal_adc_ex.o
ADC_DMAError                                      obj/stm32f1xx_hal_adc.o
                                                  obj/stm32f1xx_hal_adc_ex.o
ADC_DMAHalfConvCplt                               obj/stm32f1xx_hal_adc.o
                                                  obj/stm32f1xx_hal_adc_ex.o
ADC_Enable                                        obj/stm32f1xx_hal_adc.o
                                                  obj/stm32f1xx_hal_adc_ex.o
AHBPrescTable                                     obj/system_stm32f1xx.o
                                                  obj/stm32f1xx_hal_rcc.o
APBPrescTable                                     obj/system_stm32f1xx.o
                                                  obj/stm32f1xx_hal_rcc.o
BusFault_Handler                                  obj/stm32f1xx_it.o
CAN1_RX1_IRQHandler                               obj/startup.o
CAN1_SCE_IRQHandler                               obj/startup.o
DD_ABHandPrint                                    obj/DD_AB.o
DD_I2CReceive                                     obj/DD_Gene.o
                                                  obj/DD_SV.o
DD_I2CSend                                        obj/DD_Gene.o
                                                  obj/DD_SV.o
                                                  obj/DD_MD.o
                                                  obj/DD_AB.o
DD_InitEncoder1                                   obj/DD_ENCODER.o
DD_InitEncoder2                                   obj/DD_ENCODER.o
DD_MDHandPrint                                    obj/DD_MD.o
                                                  obj/DD_Gene.o
DD_RCGetLX                                        obj/DD_RC.o
DD_RCGetLY                                        obj/DD_RC.o
                                                  obj/app.o
DD_RCGetRX                                        obj/DD_RC.o
DD_RCGetRY                                        obj/DD_RC.o
                                                  obj/app.o
DD_RCInit                                         obj/DD_RC.o
                                                  obj/SystemTaskManager.o
DD_RCPrint                                        obj/DD_RC.o
                                                  obj/SystemTaskManager.o
                                                  obj/constManager.o
DD_RCTask                                         obj/DD_RC.o
                                                  obj/SystemTaskManager.o
DD_RC_element                                     obj/DD_RC.o
DD_doTasks                                        obj/DD_Gene.o
                                                  obj/SystemTaskManager.o
DD_encoder1Get_int32                              obj/DD_ENCODER.o
DD_encoder1update                                 obj/DD_ENCODER.o
DD_encoder2Get_int32                              obj/DD_ENCODER.o
DD_encoder2update                                 obj/DD_ENCODER.o
DD_encoderprint                                   obj/DD_ENCODER.o
DD_initialize                                     obj/DD_Gene.o
                                                  obj/SystemTaskManager.o
DD_print                                          obj/DD_Gene.o
                                                  obj/SystemTaskManager.o
DD_send2AB                                        obj/DD_AB.o
DD_send2MD                                        obj/DD_MD.o
                                                  obj/DD_Gene.o
DMA1_Channel1_IRQHandler                          obj/startup.o
DMA1_Channel2_IRQHandler                          obj/startup.o
DMA1_Channel3_IRQHandler                          obj/stm32f1xx_it.o
DMA1_Channel4_IRQHandler                          obj/startup.o
DMA1_Channel5_IRQHandler                          obj/startup.o
DMA1_Channel6_IRQHandler                          obj/startup.o
DMA1_Channel7_IRQHandler                          obj/stm32f1xx_it.o
DebugMon_Handler                                  obj/stm32f1xx_it.o
Default_Handler                                   obj/startup.o
EXTI0_IRQHandler                                  obj/startup.o
EXTI15_10_IRQHandler                              obj/startup.o
EXTI1_IRQHandler                                  obj/startup.o
EXTI2_IRQHandler                                  obj/startup.o
EXTI3_IRQHandler                                  obj/startup.o
EXTI4_IRQHandler                                  obj/startup.o
EXTI9_5_IRQHandler                                obj/startup.o
Error_Handler                                     obj/msp.o
FLASH_IRQHandler                                  obj/startup.o
FLASH_PageErase                                   obj/stm32f1xx_hal_flash_ex.o
                                                  obj/stm32f1xx_hal_flash.o
FLASH_WaitForLastOperation                        obj/stm32f1xx_hal_flash.o
                                                  obj/stm32f1xx_hal_flash_ex.o
HAL_ADCEx_Calibration_Start                       obj/stm32f1xx_hal_adc_ex.o
HAL_ADCEx_InjectedConfigChannel                   obj/stm32f1xx_hal_adc_ex.o
HAL_ADCEx_InjectedConvCpltCallback                obj/stm32f1xx_hal_adc_ex.o
                                                  obj/stm32f1xx_hal_adc.o
HAL_ADCEx_InjectedGetValue                        obj/stm32f1xx_hal_adc_ex.o
HAL_ADCEx_InjectedPollForConversion               obj/stm32f1xx_hal_adc_ex.o
HAL_ADCEx_InjectedStart                           obj/stm32f1xx_hal_adc_ex.o
HAL_ADCEx_InjectedStart_IT                        obj/stm32f1xx_hal_adc_ex.o
HAL_ADCEx_InjectedStop                            obj/stm32f1xx_hal_adc_ex.o
HAL_ADCEx_InjectedStop_IT                         obj/stm32f1xx_hal_adc_ex.o
HAL_ADCEx_MultiModeConfigChannel                  obj/stm32f1xx_hal_adc_ex.o
HAL_ADCEx_MultiModeGetValue                       obj/stm32f1xx_hal_adc_ex.o
HAL_ADCEx_MultiModeStart_DMA                      obj/stm32f1xx_hal_adc_ex.o
HAL_ADCEx_MultiModeStop_DMA                       obj/stm32f1xx_hal_adc_ex.o
HAL_ADC_AnalogWDGConfig                           obj/stm32f1xx_hal_adc.o
HAL_ADC_ConfigChannel                             obj/stm32f1xx_hal_adc.o
HAL_ADC_ConvCpltCallback                          obj/stm32f1xx_hal_adc.o
HAL_ADC_ConvHalfCpltCallback                      obj/stm32f1xx_hal_adc.o
HAL_ADC_DeInit                                    obj/stm32f1xx_hal_adc.o
HAL_ADC_ErrorCallback                             obj/stm32f1xx_hal_adc.o
HAL_ADC_GetError                                  obj/stm32f1xx_hal_adc.o
HAL_ADC_GetState                                  obj/stm32f1xx_hal_adc.o
HAL_ADC_GetValue                                  obj/stm32f1xx_hal_adc.o
HAL_ADC_IRQHandler                                obj/stm32f1xx_hal_adc.o
HAL_ADC_Init                                      obj/stm32f1xx_hal_adc.o
HAL_ADC_LevelOutOfWindowCallback                  obj/stm32f1xx_hal_adc.o
HAL_ADC_MspDeInit                                 obj/msp.o
HAL_ADC_MspInit                                   obj/msp.o
HAL_ADC_PollForConversion                         obj/stm32f1xx_hal_adc.o
HAL_ADC_PollForEvent                              obj/stm32f1xx_hal_adc.o
HAL_ADC_Start                                     obj/stm32f1xx_hal_adc.o
HAL_ADC_Start_DMA                                 obj/stm32f1xx_hal_adc.o
HAL_ADC_Start_IT                                  obj/stm32f1xx_hal_adc.o
HAL_ADC_Stop                                      obj/stm32f1xx_hal_adc.o
HAL_ADC_Stop_DMA                                  obj/stm32f1xx_hal_adc.o
HAL_ADC_Stop_IT                                   obj/stm32f1xx_hal_adc.o
HAL_DBGMCU_DisableDBGSleepMode                    obj/stm32f1xx_hal.o
HAL_DBGMCU_DisableDBGStandbyMode                  obj/stm32f1xx_hal.o
HAL_DBGMCU_DisableDBGStopMode                     obj/stm32f1xx_hal.o
HAL_DBGMCU_EnableDBGSleepMode                     obj/stm32f1xx_hal.o
HAL_DBGMCU_EnableDBGStandbyMode                   obj/stm32f1xx_hal.o
HAL_DBGMCU_EnableDBGStopMode                      obj/stm32f1xx_hal.o
HAL_DMA_Abort                                     obj/stm32f1xx_hal_dma.o
                                                  obj/stm32f1xx_hal_uart.o
                                                  obj/stm32f1xx_hal_tim.o
                                                  obj/stm32f1xx_hal_spi.o
                                                  obj/stm32f1xx_hal_adc_ex.o
                                                  obj/stm32f1xx_hal_adc.o
HAL_DMA_DeInit                                    obj/stm32f1xx_hal_dma.o
HAL_DMA_GetError                                  obj/stm32f1xx_hal_dma.o
HAL_DMA_GetState                                  obj/stm32f1xx_hal_dma.o
HAL_DMA_IRQHandler                                obj/stm32f1xx_hal_dma.o
                                                  obj/stm32f1xx_it.o
HAL_DMA_Init                                      obj/stm32f1xx_hal_dma.o
                                                  obj/msp.o
HAL_DMA_PollForTransfer                           obj/stm32f1xx_hal_dma.o
HAL_DMA_Start                                     obj/stm32f1xx_hal_dma.o
HAL_DMA_Start_IT                                  obj/stm32f1xx_hal_dma.o
                                                  obj/stm32f1xx_hal_uart.o
                                                  obj/stm32f1xx_hal_tim_ex.o
                                                  obj/stm32f1xx_hal_tim.o
                                                  obj/stm32f1xx_hal_spi.o
                                                  obj/stm32f1xx_hal_i2c.o
                                                  obj/stm32f1xx_hal_adc_ex.o
                                                  obj/stm32f1xx_hal_adc.o
HAL_DeInit                                        obj/stm32f1xx_hal.o
HAL_Delay                                         obj/stm32f1xx_hal.o
                                                  obj/DD_SV.o
                                                  obj/stm32f1xx_hal_rcc.o
HAL_FLASHEx_Erase                                 obj/stm32f1xx_hal_flash_ex.o
                                                  obj/MW_flash.o
HAL_FLASHEx_Erase_IT                              obj/stm32f1xx_hal_flash_ex.o
HAL_FLASHEx_OBErase                               obj/stm32f1xx_hal_flash_ex.o
HAL_FLASHEx_OBGetConfig                           obj/stm32f1xx_hal_flash_ex.o
HAL_FLASHEx_OBGetUserData                         obj/stm32f1xx_hal_flash_ex.o
HAL_FLASHEx_OBProgram                             obj/stm32f1xx_hal_flash_ex.o
HAL_FLASH_EndOfOperationCallback                  obj/stm32f1xx_hal_flash.o
HAL_FLASH_GetError                                obj/stm32f1xx_hal_flash.o
HAL_FLASH_IRQHandler                              obj/stm32f1xx_hal_flash.o
HAL_FLASH_Lock                                    obj/stm32f1xx_hal_flash.o
                                                  obj/MW_flash.o
HAL_FLASH_OB_Launch                               obj/stm32f1xx_hal_flash.o
HAL_FLASH_OB_Lock                                 obj/stm32f1xx_hal_flash.o
HAL_FLASH_OB_Unlock                               obj/stm32f1xx_hal_flash.o
HAL_FLASH_OperationErrorCallback                  obj/stm32f1xx_hal_flash.o
HAL_FLASH_Program                                 obj/stm32f1xx_hal_flash.o
                                                  obj/MW_flash.o
HAL_FLASH_Program_IT                              obj/stm32f1xx_hal_flash.o
HAL_FLASH_Unlock                                  obj/stm32f1xx_hal_flash.o
                                                  obj/MW_flash.o
HAL_GPIOEx_ConfigEventout                         obj/stm32f1xx_hal_gpio_ex.o
HAL_GPIOEx_DisableEventout                        obj/stm32f1xx_hal_gpio_ex.o
HAL_GPIOEx_EnableEventout                         obj/stm32f1xx_hal_gpio_ex.o
HAL_GPIO_DeInit                                   obj/stm32f1xx_hal_gpio.o
                                                  obj/msp.o
HAL_GPIO_EXTI_Callback                            obj/stm32f1xx_hal_gpio.o
HAL_GPIO_EXTI_IRQHandler                          obj/stm32f1xx_hal_gpio.o
HAL_GPIO_Init                                     obj/stm32f1xx_hal_gpio.o
                                                  obj/MW_GPIO.o
                                                  obj/stm32f1xx_hal_rcc.o
                                                  obj/msp.o
HAL_GPIO_LockPin                                  obj/stm32f1xx_hal_gpio.o
HAL_GPIO_ReadPin                                  obj/stm32f1xx_hal_gpio.o
                                                  obj/MW_GPIO.o
HAL_GPIO_TogglePin                                obj/stm32f1xx_hal_gpio.o
                                                  obj/MW_GPIO.o
HAL_GPIO_WritePin                                 obj/stm32f1xx_hal_gpio.o
                                                  obj/MW_GPIO.o
HAL_GetDEVID                                      obj/stm32f1xx_hal.o
HAL_GetHalVersion                                 obj/stm32f1xx_hal.o
HAL_GetREVID                                      obj/stm32f1xx_hal.o
HAL_GetTick                                       obj/stm32f1xx_hal.o
                                                  obj/stm32f1xx_hal_uart.o
                                                  obj/stm32f1xx_hal_spi.o
                                                  obj/stm32f1xx_hal_rcc_ex.o
                                                  obj/stm32f1xx_hal_rcc.o
                                                  obj/stm32f1xx_hal_iwdg.o
                                                  obj/stm32f1xx_hal_i2c.o
                                                  obj/stm32f1xx_hal_flash.o
                                                  obj/stm32f1xx_hal_dma.o
                                                  obj/stm32f1xx_hal_adc_ex.o
                                                  obj/stm32f1xx_hal_adc.o
HAL_HalfDuplex_EnableReceiver                     obj/stm32f1xx_hal_uart.o
HAL_HalfDuplex_EnableTransmitter                  obj/stm32f1xx_hal_uart.o
HAL_HalfDuplex_Init                               obj/stm32f1xx_hal_uart.o
HAL_I2C_DeInit                                    obj/stm32f1xx_hal_i2c.o
HAL_I2C_ER_IRQHandler                             obj/stm32f1xx_hal_i2c.o
HAL_I2C_EV_IRQHandler                             obj/stm32f1xx_hal_i2c.o
HAL_I2C_ErrorCallback                             obj/stm32f1xx_hal_i2c.o
HAL_I2C_GetError                                  obj/stm32f1xx_hal_i2c.o
HAL_I2C_GetState                                  obj/stm32f1xx_hal_i2c.o
HAL_I2C_Init                                      obj/stm32f1xx_hal_i2c.o
                                                  obj/MW_I2C.o
HAL_I2C_IsDeviceReady                             obj/stm32f1xx_hal_i2c.o
HAL_I2C_MasterRxCpltCallback                      obj/stm32f1xx_hal_i2c.o
HAL_I2C_MasterTxCpltCallback                      obj/stm32f1xx_hal_i2c.o
HAL_I2C_Master_Receive                            obj/stm32f1xx_hal_i2c.o
                                                  obj/MW_I2C.o
HAL_I2C_Master_Receive_DMA                        obj/stm32f1xx_hal_i2c.o
HAL_I2C_Master_Receive_IT                         obj/stm32f1xx_hal_i2c.o
HAL_I2C_Master_Transmit                           obj/stm32f1xx_hal_i2c.o
                                                  obj/MW_I2C.o
HAL_I2C_Master_Transmit_DMA                       obj/stm32f1xx_hal_i2c.o
HAL_I2C_Master_Transmit_IT                        obj/stm32f1xx_hal_i2c.o
HAL_I2C_MemRxCpltCallback                         obj/stm32f1xx_hal_i2c.o
HAL_I2C_MemTxCpltCallback                         obj/stm32f1xx_hal_i2c.o
HAL_I2C_Mem_Read                                  obj/stm32f1xx_hal_i2c.o
HAL_I2C_Mem_Read_DMA                              obj/stm32f1xx_hal_i2c.o
HAL_I2C_Mem_Read_IT                               obj/stm32f1xx_hal_i2c.o