Archive member included to satisfy reference by file (symbol)

/usr/lib/gcc/arm-none-eabi/10.3.1/../../../arm-none-eabi/lib/thumb/v7-m/nofp/libc_nano.a(lib_a-atexit.o)
                              /usr/lib/gcc/arm-none-eabi/10.3.1/../../../arm-none-eabi/lib/thumb/v7-m/nofp/crt0.o (atexit)
/usr/lib/gcc/arm-none-eabi/10.3.1/../../../arm-none-eabi/lib/thumb/v7-m/nofp/libc_nano.a(lib_a-exit.o)
                              /usr/lib/gcc/arm-none-eabi/10.3.1/../../../arm-none-eabi/lib/thumb/v7-m/nofp/crt0.o (exit)
/usr/lib/gcc/arm-none-eabi/10.3.1/../../../arm-none-eabi/lib/thumb/v7-m/nofp/libc_nano.a(lib_a-fini.o)
                              /usr/lib/gcc/arm-none-eabi/10.3.1/../../../arm-none-eabi/lib/thumb/v7-m/nofp/crt0.o (__libc_fini_array)
/usr/lib/gcc/arm-none-eabi/10.3.1/../../../arm-none-eabi/lib/thumb/v7-m/nofp/libc_nano.a(lib_a-impure.o)
                              /usr/lib/gcc/arm-none-eabi/10.3.1/../../../arm-none-eabi/lib/thumb/v7-m/nofp/libc_nano.a(lib_a-exit.o) (_global_impure_ptr)
/usr/lib/gcc/arm-none-eabi/10.3.1/../../../arm-none-eabi/lib/thumb/v7-m/nofp/libc_nano.a(lib_a-init.o)
                              /usr/lib/gcc/arm-none-eabi/10.3.1/../../../arm-none-eabi/lib/thumb/v7-m/nofp/crt0.o (__libc_init_array)
/usr/lib/gcc/arm-none-eabi/10.3.1/../../../arm-none-eabi/lib/thumb/v7-m/nofp/libc_nano.a(lib_a-memcpy.o)
                              obj/app.o (memcpy)
/usr/lib/gcc/arm-none-eabi/10.3.1/../../../arm-none-eabi/lib/thumb/v7-m/nofp/libc_nano.a(lib_a-memset.o)
                              /usr/lib/gcc/arm-none-eabi/10.3.1/../../../arm-none-eabi/lib/thumb/v7-m/nofp/crt0.o (memset)
/usr/lib/gcc/arm-none-eabi/10.3.1/../../../arm-none-eabi/lib/thumb/v7-m/nofp/libc_nano.a(lib_a-__atexit.o)
                              /usr/lib/gcc/arm-none-eabi/10.3.1/../../../arm-none-eabi/lib/thumb/v7-m/nofp/libc_nano.a(lib_a-atexit.o) (__register_exitproc)
/usr/lib/gcc/arm-none-eabi/10.3.1/../../../arm-none-eabi/lib/thumb/v7-m/nofp/libc_nano.a(lib_a-__call_atexit.o)
                              /usr/lib/gcc/arm-none-eabi/10.3.1/../../../arm-none-eabi/lib/thumb/v7-m/nofp/libc_nano.a(lib_a-__atexit.o) (__call_exitprocs)

Discarded input sections

 .text          0x0000000000000000        0x0 /usr/lib/gcc/arm-none-eabi/10.3.1/thumb/v7-m/nofp/crti.o
 .data          0x0000000000000000        0x0 /usr/lib/gcc/arm-none-eabi/10.3.1/thumb/v7-m/nofp/crti.o
 .bss           0x0000000000000000        0x0 /usr/lib/gcc/arm-none-eabi/10.3.1/thumb/v7-m/nofp/crti.o
 .data          0x0000000000000000        0x4 /usr/lib/gcc/arm-none-eabi/10.3.1/thumb/v7-m/nofp/crtbegin.o
 .rodata        0x0000000000000000       0x24 /usr/lib/gcc/arm-none-eabi/10.3.1/thumb/v7-m/nofp/crtbegin.o
 .text          0x0000000000000000       0x70 /usr/lib/gcc/arm-none-eabi/10.3.1/../../../arm-none-eabi/lib/thumb/v7-m/nofp/crt0.o
 .data          0x0000000000000000        0x0 /usr/lib/gcc/arm-none-eabi/10.3.1/../../../arm-none-eabi/lib/thumb/v7-m/nofp/crt0.o
 .bss           0x0000000000000000        0x0 /usr/lib/gcc/arm-none-eabi/10.3.1/../../../arm-none-eabi/lib/thumb/v7-m/nofp/crt0.o
 .ARM.extab     0x0000000000000000        0x0 /usr/lib/gcc/arm-none-eabi/10.3.1/../../../arm-none-eabi/lib/thumb/v7-m/nofp/crt0.o
 .ARM.exidx     0x0000000000000000       0x10 /usr/lib/gcc/arm-none-eabi/10.3.1/../../../arm-none-eabi/lib/thumb/v7-m/nofp/crt0.o
 .debug_line    0x0000000000000000       0x87 /usr/lib/gcc/arm-none-eabi/10.3.1/../../../arm-none-eabi/lib/thumb/v7-m/nofp/crt0.o
 .debug_info    0x0000000000000000       0x26 /usr/lib/gcc/arm-none-eabi/10.3.1/../../../arm-none-eabi/lib/thumb/v7-m/nofp/crt0.o
 .debug_abbrev  0x0000000000000000       0x14 /usr/lib/gcc/arm-none-eabi/10.3.1/../../../arm-none-eabi/lib/thumb/v7-m/nofp/crt0.o
 .debug_aranges
                0x0000000000000000       0x20 /usr/lib/gcc/arm-none-eabi/10.3.1/../../../arm-none-eabi/lib/thumb/v7-m/nofp/crt0.o
 .debug_str     0x0000000000000000       0x94 /usr/lib/gcc/arm-none-eabi/10.3.1/../../../arm-none-eabi/lib/thumb/v7-m/nofp/crt0.o
 .ARM.attributes
                0x0000000000000000       0x1b /usr/lib/gcc/arm-none-eabi/10.3.1/../../../arm-none-eabi/lib/thumb/v7-m/nofp/crt0.o
 .group         0x0000000000000000        0xc obj/app.o
 .group         0x0000000000000000        0xc obj/app.o
 .group         0x0000000000000000        0xc obj/app.o
 .group         0x0000000000000000        0xc obj/app.o
 .group         0x0000000000000000        0xc obj/app.o
 .group         0x0000000000000000        0xc obj/app.o
 .group         0x0000000000000000        0xc obj/app.o
 .group         0x0000000000000000        0xc obj/app.o
 .group         0x0000000000000000        0xc obj/app.o
 .group         0x0000000000000000        0xc obj/app.o
 .group         0x0000000000000000        0xc obj/app.o
 .group         0x0000000000000000        0xc obj/app.o
 .group         0x0000000000000000        0xc obj/app.o
 .group         0x0000000000000000        0xc obj/app.o
[...]
Memory Configuration

Name             Origin             Length             Attributes
FLASH            0x0000000008000000 0x000000000001fc00 xr
RAM              0x0000000020000000 0x0000000000005000 xrw
*default*        0x0000000000000000 0xffffffffffffffff

Linker script and memory map

LOAD /usr/lib/gcc/arm-none-eabi/10.3.1/thumb/v7-m/nofp/crti.o
LOAD /usr/lib/gcc/arm-none-eabi/10.3.1/thumb/v7-m/nofp/crtbegin.o
LOAD /usr/lib/gcc/arm-none-eabi/10.3.1/../../../arm-none-eabi/lib/thumb/v7-m/nofp/crt0.o
LOAD obj/app.o
LOAD obj/assert.o
LOAD obj/constManager.o
LOAD obj/deviceDefinition.o
LOAD obj/msp.o
LOAD obj/stm32f1xx_it.o
LOAD obj/system_stm32f1xx.o
LOAD obj/trapezoid_ctrl.o
LOAD obj/stm32f1xx_hal.o
LOAD obj/stm32f1xx_hal_adc.o
LOAD obj/stm32f1xx_hal_adc_ex.o
LOAD obj/stm32f1xx_hal_can.o
LOAD obj/stm32f1xx_hal_cec.o
LOAD obj/stm32f1xx_hal_cortex.o
LOAD obj/stm32f1xx_hal_crc.o
LOAD obj/stm32f1xx_hal_dac.o
LOAD obj/stm32f1xx_hal_dac_ex.o
LOAD obj/stm32f1xx_hal_dma.o
LOAD obj/stm32f1xx_hal_eth.o
LOAD obj/stm32f1xx_hal_flash.o
LOAD obj/stm32f1xx_hal_flash_ex.o
LOAD obj/stm32f1xx_hal_gpio.o
LOAD obj/stm32f1xx_hal_gpio_ex.o
LOAD obj/stm32f1xx_hal_hcd.o
LOAD obj/stm32f1xx_hal_i2c.o
LOAD obj/stm32f1xx_hal_i2s.o
LOAD obj/stm32f1xx_hal_irda.o
LOAD obj/stm32f1xx_hal_iwdg.o
LOAD obj/stm32f1xx_hal_nand.o
LOAD obj/stm32f1xx_hal_nor.o
LOAD obj/stm32f1xx_hal_pccard.o
LOAD obj/stm32f1xx_hal_pcd.o
LOAD obj/stm32f1xx_hal_pcd_ex.o
LOAD obj/stm32f1xx_hal_pwr.o
LOAD obj/stm32f1xx_hal_rcc.o
LOAD obj/stm32f1xx_hal_rcc_ex.o
LOAD obj/stm32f1xx_hal_rtc.o
LOAD obj/stm32f1xx_hal_rtc_ex.o
LOAD obj/stm32f1xx_hal_sd.o
LOAD obj/stm32f1xx_hal_smartcard.o
LOAD obj/stm32f1xx_hal_spi.o
LOAD obj/stm32f1xx_hal_spi_ex.o
LOAD obj/stm32f1xx_hal_sram.o
LOAD obj/stm32f1xx_hal_tim.o
LOAD obj/stm32f1xx_hal_tim_ex.o
LOAD obj/stm32f1xx_hal_uart.o
LOAD obj/stm32f1xx_hal_usart.o
LOAD obj/stm32f1xx_hal_wwdg.o
LOAD obj/stm32f1xx_ll_fsmc.o
LOAD obj/stm32f1xx_ll_sdmmc.o
LOAD obj/stm32f1xx_ll_usb.o
LOAD obj/MW_ENCODER.o
LOAD obj/MW_GPIO.o
LOAD obj/MW_I2C.o
LOAD obj/MW_IWDG.o
LOAD obj/MW_TIM.o
LOAD obj/MW_USART.o
LOAD obj/MW_flash.o
LOAD obj/message.o
LOAD obj/xprintf.o
LOAD obj/DD_AB.o
LOAD obj/DD_ENCODER.o
LOAD obj/DD_Gene.o
LOAD obj/DD_MD.o
LOAD obj/DD_RC.o
LOAD obj/DD_SV.o
LOAD obj/SystemTaskManager.o
LOAD obj/startup.o
START GROUP
LOAD /usr/lib/gcc/arm-none-eabi/10.3.1/thumb/v7-m/nofp/libgcc.a
END GROUP
START GROUP
LOAD /usr/lib/gcc/arm-none-eabi/10.3.1/thumb/v7-m/nofp/libgcc.a
LOAD /usr/lib/gcc/arm-none-eabi/10.3.1/../../../arm-none-eabi/lib/thumb/v7-m/nofp/libc_nano.a
END GROUP
START GROUP
LOAD /usr/lib/gcc/arm-none-eabi/10.3.1/thumb/v7-m/nofp/libgcc.a
LOAD /usr/lib/gcc/arm-none-eabi/10.3.1/../../../arm-none-eabi/lib/thumb/v7-m/nofp/libc_nano.a
END GROUP
LOAD /usr/lib/gcc/arm-none-eabi/10.3.1/thumb/v7-m/nofp/crtend.o
LOAD /usr/lib/gcc/arm-none-eabi/10.3.1/thumb/v7-m/nofp/crtn.o
                0x0000000020005000                _estack = 0x20005000
                0x0000000000000200                _Min_Heap_Size = 0x200
                0x0000000000000400                _Min_Stack_Size = 0x400

.isr_vector     0x0000000008000000      0x10c
                0x0000000008000000                . = ALIGN (0x4)
 *(.isr_vector)
 .isr_vector    0x0000000008000000      0x10c obj/startup.o
                0x0000000008000000                g_pfnVectors
                0x000000000800010c                . = ALIGN (0x4)

.text           0x000000000800010c     0x3e28
                0x000000000800010c                . = ALIGN (0x4)
 *(.text)
 .text          0x000000000800010c       0x88 /usr/lib/gcc/arm-none-eabi/10.3.1/thumb/v7-m/nofp/crtbegin.o
 .text          0x0000000008000194       0x48 /usr/lib/gcc/arm-none-eabi/10.3.1/../../../arm-none-eabi/lib/thumb/v7-m/nofp/libc_nano.a(lib_a-init.o)
                0x0000000008000194                __libc_init_array
 .text          0x00000000080001dc       0xa4 /usr/lib/gcc/arm-none-eabi/10.3.1/../../../arm-none-eabi/lib/thumb/v7-m/nofp/libc_nano.a(lib_a-memset.o)
                0x00000000080001dc                memset
 *(.text*)
 .text.suspensionSystem
                0x0000000008000280       0x74 obj/app.o
 .text.upDownSystem
                0x00000000080002f4       0x74 obj/app.o
 .text.appInit  0x0000000008000368       0x44 obj/app.o
                0x0000000008000368                appInit
 .text.appTask  0x00000000080003ac       0x10 obj/app.o
                0x00000000080003ac                appTask
 .text.assert_failed
                0x00000000080003bc        0x2 obj/assert.o
                0x00000000080003bc                assert_failed
 *fill*         0x00000000080003be        0x2 
 .text.reloadDefault
                0x00000000080003c0      0x1bc obj/constManager.o
 .text.load     0x000000000800057c       0x40 obj/constManager.o
 .text.ad_init  0x00000000080005bc        0xc obj/constManager.o
                0x00000000080005bc                ad_init
 .text.HAL_MspInit
                0x00000000080005c8       0x7c obj/msp.o
                0x00000000080005c8                HAL_MspInit
 .text.HAL_I2C_MspInit
                0x0000000008000644      0x100 obj/msp.o
                0x0000000008000644                HAL_I2C_MspInit
 .text.HAL_UART_MspInit
                0x0000000008000744      0x1fc obj/msp.o
                0x0000000008000744                HAL_UART_MspInit
 .text.NMI_Handler
                0x0000000008000940        0x2 obj/stm32f1xx_it.o
                0x0000000008000940                NMI_Handler
 .text.HardFault_Handler
                0x0000000008000942        0x2 obj/stm32f1xx_it.o
                0x0000000008000942                HardFault_Handler
 .text.MemManage_Handler
                0x0000000008000944        0x2 obj/stm32f1xx_it.o
                0x0000000008000944                MemManage_Handler
 .text.BusFault_Handler
                0x0000000008000946        0x2 obj/stm32f1xx_it.o
                0x0000000008000946                BusFault_Handler
 .text.UsageFault_Handler
                0x0000000008000948        0x2 obj/stm32f1xx_it.o
                0x0000000008000948                UsageFault_Handler
 .text.SVC_Handler
                0x000000000800094a        0x2 obj/stm32f1xx_it.o
                0x000000000800094a                SVC_Handler
 .text.DebugMon_Handler
                0x000000000800094c        0x2 obj/stm32f1xx_it.o
                0x000000000800094c                DebugMon_Handler
 .text.PendSV_Handler
                0x000000000800094e        0x2 obj/stm32f1xx_it.o
                0x000000000800094e                PendSV_Handler
 .text.SysTick_Handler
                0x0000000008000950       0x18 obj/stm32f1xx_it.o
                0x0000000008000950                SysTick_Handler
 .text.DMA1_Channel7_IRQHandler
                0x0000000008000968       0x10 obj/stm32f1xx_it.o
                0x0000000008000968                DMA1_Channel7_IRQHandler
 .text.DMA1_Channel3_IRQHandler
                0x0000000008000978       0x10 obj/stm32f1xx_it.o
                0x0000000008000978                DMA1_Channel3_IRQHandler
 .text.USART3_IRQHandler
                0x0000000008000988       0x10 obj/stm32f1xx_it.o
                0x0000000008000988                USART3_IRQHandler
 .text.USART2_IRQHandler
                0x0000000008000998       0x10 obj/stm32f1xx_it.o
                0x0000000008000998                USART2_IRQHandler
 .text.SystemInit
                0x00000000080009a8       0x4c obj/system_stm32f1xx.o
                0x00000000080009a8                SystemInit
 .text.trapezoidCtrl
                0x00000000080009f4       0xa8 obj/trapezoid_ctrl.o
                0x00000000080009f4                trapezoidCtrl
 .text.HAL_InitTick
                0x0000000008000a9c       0x28 obj/stm32f1xx_hal.o
                0x0000000008000a9c                HAL_InitTick
 .text.HAL_Init
                0x0000000008000ac4       0x24 obj/stm32f1xx_hal.o
                0x0000000008000ac4                HAL_Init
 .text.HAL_IncTick
                0x0000000008000ae8       0x10 obj/stm32f1xx_hal.o
                0x0000000008000ae8                HAL_IncTick
 .text.HAL_GetTick
                0x0000000008000af8        0xc obj/stm32f1xx_hal.o
                0x0000000008000af8                HAL_GetTick
 .text.HAL_Delay
                0x0000000008000b04       0x1c obj/stm32f1xx_hal.o
                0x0000000008000b04                HAL_Delay
 .text.HAL_NVIC_SetPriorityGrouping
                0x0000000008000b20       0x3c obj/stm32f1xx_hal_cortex.o
                0x0000000008000b20                HAL_NVIC_SetPriorityGrouping
 .text.HAL_NVIC_SetPriority
                0x0000000008000b5c       0x8c obj/stm32f1xx_hal_cortex.o
                0x0000000008000b5c                HAL_NVIC_SetPriority
 .text.HAL_NVIC_EnableIRQ
                0x0000000008000be8       0x2c obj/stm32f1xx_hal_cortex.o
                0x0000000008000be8                HAL_NVIC_EnableIRQ
 .text.HAL_SYSTICK_Config
                0x0000000008000c14       0x28 obj/stm32f1xx_hal_cortex.o
                0x0000000008000c14                HAL_SYSTICK_Config
 .text.HAL_SYSTICK_CLKSourceConfig
                0x0000000008000c3c       0x3c obj/stm32f1xx_hal_cortex.o
                0x0000000008000c3c                HAL_SYSTICK_CLKSourceConfig
 .text.HAL_SYSTICK_Callback
                0x0000000008000c78        0x2 obj/stm32f1xx_hal_cortex.o
                0x0000000008000c78                HAL_SYSTICK_Callback
 .text.HAL_SYSTICK_IRQHandler
                0x0000000008000c7a        0x8 obj/stm32f1xx_hal_cortex.o
                0x0000000008000c7a                HAL_SYSTICK_IRQHandler
 .text.DMA_SetConfig
                0x0000000008000c82       0x22 obj/stm32f1xx_hal_dma.o
 .text.HAL_DMA_Init
                0x0000000008000ca4      0x138 obj/stm32f1xx_hal_dma.o
                0x0000000008000ca4                HAL_DMA_Init
 .text.HAL_DMA_Start_IT
                0x0000000008000ddc       0x80 obj/stm32f1xx_hal_dma.o
                0x0000000008000ddc                HAL_DMA_Start_IT
 .text.HAL_DMA_IRQHandler
                0x0000000008000e5c      0x270 obj/stm32f1xx_hal_dma.o
                0x0000000008000e5c                HAL_DMA_IRQHandler
 .text.HAL_GPIO_Init
                0x00000000080010cc      0x35c obj/stm32f1xx_hal_gpio.o
                0x00000000080010cc                HAL_GPIO_Init
 .text.HAL_GPIO_WritePin
                0x0000000008001428       0x38 obj/stm32f1xx_hal_gpio.o
                0x0000000008001428                HAL_GPIO_WritePin
 .text.I2C_Configure_Speed
                0x0000000008001460       0x50 obj/stm32f1xx_hal_i2c.o
 .text.I2C_IsAcknowledgeFailed
                0x00000000080014b0       0x2a obj/stm32f1xx_hal_i2c.o
 .text.I2C_WaitOnFlagUntilTimeout
                0x00000000080014da       0xc0 obj/stm32f1xx_hal_i2c.o
 .text.I2C_WaitOnMasterAddressFlagUntilTimeout
                0x000000000800159a       0x92 obj/stm32f1xx_hal_i2c.o
 .text.I2C_MasterRequestWrite
                0x000000000800162c       0x88 obj/stm32f1xx_hal_i2c.o
 .text.I2C_WaitOnTXEFlagUntilTimeout
                0x00000000080016b4       0x50 obj/stm32f1xx_hal_i2c.o
 .text.I2C_WaitOnBTFFlagUntilTimeout
                0x0000000008001704       0x50 obj/stm32f1xx_hal_i2c.o
 .text.HAL_I2C_Init
                0x0000000008001754      0x188 obj/stm32f1xx_hal_i2c.o
                0x0000000008001754                HAL_I2C_Init
 .text.HAL_I2C_Master_Transmit
                0x00000000080018dc      0x134 obj/stm32f1xx_hal_i2c.o
                0x00000000080018dc                HAL_I2C_Master_Transmit
 .text.HAL_IWDG_MspInit
                0x0000000008001a10        0x2 obj/stm32f1xx_hal_iwdg.o
                0x0000000008001a10                HAL_IWDG_MspInit
 *fill*         0x0000000008001a12        0x2 
 .text.HAL_IWDG_Init
                0x0000000008001a14       0xa0 obj/stm32f1xx_hal_iwdg.o
                0x0000000008001a14                HAL_IWDG_Init
 .text.HAL_IWDG_Start
                0x0000000008001ab4       0x2c obj/stm32f1xx_hal_iwdg.o
                0x0000000008001ab4                HAL_IWDG_Start
 .text.HAL_IWDG_Refresh
                0x0000000008001ae0       0x4c obj/stm32f1xx_hal_iwdg.o
                0x0000000008001ae0                HAL_IWDG_Refresh
 .text.HAL_RCC_OscConfig
                0x0000000008001b2c      0x714 obj/stm32f1xx_hal_rcc.o
                0x0000000008001b2c                HAL_RCC_OscConfig
 .text.HAL_RCC_GetSysClockFreq
                0x0000000008002240       0x8c obj/stm32f1xx_hal_rcc.o
                0x0000000008002240                HAL_RCC_GetSysClockFreq
 .text.HAL_RCC_ClockConfig
                0x00000000080022cc      0x2a4 obj/stm32f1xx_hal_rcc.o
                0x00000000080022cc                HAL_RCC_ClockConfig
 .text.HAL_RCC_GetHCLKFreq
                0x0000000008002570        0xc obj/stm32f1xx_hal_rcc.o
                0x0000000008002570                HAL_RCC_GetHCLKFreq
 .text.HAL_RCC_GetPCLK1Freq
                0x000000000800257c       0x2c obj/stm32f1xx_hal_rcc.o
                0x000000000800257c                HAL_RCC_GetPCLK1Freq
 .text.HAL_RCC_GetPCLK2Freq
                0x00000000080025a8       0x2c obj/stm32f1xx_hal_rcc.o
                0x00000000080025a8                HAL_RCC_GetPCLK2Freq
 .text.HAL_RCCEx_PeriphCLKConfig
                0x00000000080025d4      0x198 obj/stm32f1xx_hal_rcc_ex.o
                0x00000000080025d4                HAL_RCCEx_PeriphCLKConfig
 .text.HAL_TIM_PeriodElapsedCallback
                0x000000000800276c        0x2 obj/stm32f1xx_hal_tim.o
                0x000000000800276c                HAL_TIM_PeriodElapsedCallback
 .text.HAL_TIM_OC_DelayElapsedCallback
                0x000000000800276e        0x2 obj/stm32f1xx_hal_tim.o
                0x000000000800276e                HAL_TIM_OC_DelayElapsedCallback
 .text.HAL_TIM_IC_CaptureCallback
                0x0000000008002770        0x2 obj/stm32f1xx_hal_tim.o
                0x0000000008002770                HAL_TIM_IC_CaptureCallback
 .text.HAL_TIM_PWM_PulseFinishedCallback
                0x0000000008002772        0x2 obj/stm32f1xx_hal_tim.o
                0x0000000008002772                HAL_TIM_PWM_PulseFinishedCallback
 .text.HAL_TIM_TriggerCallback
                0x0000000008002774        0x2 obj/stm32f1xx_hal_tim.o
                0x0000000008002774                HAL_TIM_TriggerCallback
 .text.HAL_TIM_IRQHandler
                0x0000000008002776      0x17a obj/stm32f1xx_hal_tim.o
                0x0000000008002776                HAL_TIM_IRQHandler
 .text.HAL_TIMEx_CommutationCallback
                0x00000000080028f0        0x2 obj/stm32f1xx_hal_tim_ex.o
                0x00000000080028f0                HAL_TIMEx_CommutationCallback
 .text.HAL_TIMEx_BreakCallback
                0x00000000080028f2        0x2 obj/stm32f1xx_hal_tim_ex.o
                0x00000000080028f2                HAL_TIMEx_BreakCallback
 .text.UART_Transmit_IT
                0x00000000080028f4       0x68 obj/stm32f1xx_hal_uart.o
 .text.UART_SetConfig
                0x000000000800295c      0x20c obj/stm32f1xx_hal_uart.o
 .text.HAL_UART_Init
                0x0000000008002b68       0xf8 obj/stm32f1xx_hal_uart.o
                0x0000000008002b68                HAL_UART_Init
 .text.HAL_UART_Transmit_DMA
                0x0000000008002c60       0xa0 obj/stm32f1xx_hal_uart.o
                0x0000000008002c60                HAL_UART_Transmit_DMA
 .text.HAL_UART_Receive_DMA
                0x0000000008002d00       0x98 obj/stm32f1xx_hal_uart.o
                0x0000000008002d00                HAL_UART_Receive_DMA
 .text.UART_DMATransmitCplt
                0x0000000008002d98       0x30 obj/stm32f1xx_hal_uart.o
 .text.UART_EndTransmit_IT
                0x0000000008002dc8       0x2c obj/stm32f1xx_hal_uart.o
 .text.HAL_UART_TxHalfCpltCallback
                0x0000000008002df4        0x2 obj/stm32f1xx_hal_uart.o
                0x0000000008002df4                HAL_UART_TxHalfCpltCallback
 .text.UART_DMATxHalfCplt
                0x0000000008002df6        0xa obj/stm32f1xx_hal_uart.o
 .text.UART_DMAReceiveCplt
                0x0000000008002e00       0x3c obj/stm32f1xx_hal_uart.o
 .text.UART_Receive_IT
                0x0000000008002e3c       0xb6 obj/stm32f1xx_hal_uart.o
 .text.HAL_UART_RxHalfCpltCallback
                0x0000000008002ef2        0x2 obj/stm32f1xx_hal_uart.o
                0x0000000008002ef2                HAL_UART_RxHalfCpltCallback
 .text.UART_DMARxHalfCplt
                0x0000000008002ef4        0xa obj/stm32f1xx_hal_uart.o
 .text.HAL_UART_ErrorCallback
                0x0000000008002efe        0x2 obj/stm32f1xx_hal_uart.o
                0x0000000008002efe                HAL_UART_ErrorCallback
 .text.UART_DMAError
                0x0000000008002f00       0x1e obj/stm32f1xx_hal_uart.o
 .text.HAL_UART_IRQHandler
                0x0000000008002f1e       0xca obj/stm32f1xx_hal_uart.o
                0x0000000008002f1e                HAL_UART_IRQHandler
 .text.MW_SetGPIOPin
                0x0000000008002fe8        0xc obj/MW_GPIO.o
                0x0000000008002fe8                MW_SetGPIOPin
 .text.MW_SetGPIOMode
                0x0000000008002ff4        0xc obj/MW_GPIO.o
                0x0000000008002ff4                MW_SetGPIOMode
 .text.MW_SetGPIOPull
                0x0000000008003000        0xc obj/MW_GPIO.o
                0x0000000008003000                MW_SetGPIOPull
 .text.MW_SetGPIOSpeed
                0x000000000800300c        0xc obj/MW_GPIO.o
                0x000000000800300c                MW_SetGPIOSpeed
 .text.MW_GPIOInit
                0x0000000008003018       0x2c obj/MW_GPIO.o
                0x0000000008003018                MW_GPIOInit
 .text.MW_GPIOWrite
                0x0000000008003044       0x30 obj/MW_GPIO.o
                0x0000000008003044                MW_GPIOWrite
 .text.MW_SetI2CClockSpeed
                0x0000000008003074       0x28 obj/MW_I2C.o
                0x0000000008003074                MW_SetI2CClockSpeed
 .text.MW_I2CInit
                0x000000000800309c       0x18 obj/MW_I2C.o
                0x000000000800309c                MW_I2CInit
 .text.MW_I2C1Transmit
                0x00000000080030b4       0x28 obj/MW_I2C.o
                0x00000000080030b4                MW_I2C1Transmit
 .text.MW_SetIWDGPrescaler
                0x00000000080030dc        0xc obj/MW_IWDG.o
                0x00000000080030dc                MW_SetIWDGPrescaler
 .text.MW_SetIWDGReload
                0x00000000080030e8        0xc obj/MW_IWDG.o
                0x00000000080030e8                MW_SetIWDGReload
 .text.MW_IWDGInit
                0x00000000080030f4       0x1c obj/MW_IWDG.o
                0x00000000080030f4                MW_IWDGInit
 .text.MW_IWDGClr
                0x0000000008003110       0x10 obj/MW_IWDG.o
                0x0000000008003110                MW_IWDGClr
 .text.TIM1_UP_IRQHandler
                0x0000000008003120       0x10 obj/MW_TIM.o
                0x0000000008003120                TIM1_UP_IRQHandler
 .text.TIM2_IRQHandler
                0x0000000008003130       0x10 obj/MW_TIM.o
                0x0000000008003130                TIM2_IRQHandler
 .text.MW_USARTSetBaudRate
                0x0000000008003140       0x28 obj/MW_USART.o
                0x0000000008003140                MW_USARTSetBaudRate
 .text.MW_USARTInit
                0x0000000008003168       0x18 obj/MW_USART.o
                0x0000000008003168                MW_USARTInit
 .text.MW_USART2Transmit
                0x0000000008003180       0x1c obj/MW_USART.o
                0x0000000008003180                MW_USART2Transmit
 .text.MW_USART3ReceiveMult
                0x000000000800319c       0x18 obj/MW_USART.o
                0x000000000800319c                MW_USART3ReceiveMult
 .text._xprintf
                0x00000000080031b4       0x1c obj/message.o
 .text.MW_waitForMessageTransitionComplete
                0x00000000080031d0       0x3c obj/message.o
                0x00000000080031d0                MW_waitForMessageTransitionComplete
 .text.flush    0x000000000800320c       0x40 obj/message.o
                0x000000000800320c                flush
 .text.MW_printf
                0x000000000800324c       0x44 obj/message.o
                0x000000000800324c                MW_printf
 .text._msg     0x0000000008003290       0x4c obj/message.o
                0x0000000008003290                _msg
 .text.MW_messageTransitionCompletedCallBack
                0x00000000080032dc        0xc obj/message.o
                0x00000000080032dc                MW_messageTransitionCompletedCallBack
 .text.xputc    0x00000000080032e8       0x38 obj/xprintf.o
                0x00000000080032e8                xputc
 .text.xputs    0x0000000008003320       0x14 obj/xprintf.o
                0x0000000008003320                xputs
 .text.xvprintf
                0x0000000008003334      0x1f8 obj/xprintf.o
                0x0000000008003334                xvprintf
 .text.DD_I2CSend
                0x000000000800352c       0x3c obj/DD_Gene.o
                0x000000000800352c                DD_I2CSend
 .text.DD_doTasks
                0x0000000008003568       0x2c obj/DD_Gene.o
                0x0000000008003568                DD_doTasks
 .text.DD_print
                0x0000000008003594       0x20 obj/DD_Gene.o
                0x0000000008003594                DD_print
 .text.DD_initialize
                0x00000000080035b4       0x1c obj/DD_Gene.o
                0x00000000080035b4                DD_initialize
 .text.DD_send2MD
                0x00000000080035d0       0x5c obj/DD_MD.o
                0x00000000080035d0                DD_send2MD
 .text.DD_MDHandPrint
                0x000000000800362c       0x5c obj/DD_MD.o
                0x000000000800362c                DD_MDHandPrint
 .text.DD_RCInit
                0x0000000008003688       0x7c obj/DD_RC.o
                0x0000000008003688                DD_RCInit
 .text.DD_RC_element
                0x0000000008003704       0x70 obj/DD_RC.o
                0x0000000008003704                DD_RC_element
 .text.DD_RCTask
                0x0000000008003774       0x4c obj/DD_RC.o
                0x0000000008003774                DD_RCTask
 .text.DD_RCGetLX
                0x00000000080037c0       0x1c obj/DD_RC.o
                0x00000000080037c0                DD_RCGetLX
 .text.DD_RCGetLY
                0x00000000080037dc       0x1c obj/DD_RC.o
                0x00000000080037dc                DD_RCGetLY
 .text.DD_RCGetRX
                0x00000000080037f8       0x1c obj/DD_RC.o
                0x00000000080037f8                DD_RCGetRX
 .text.DD_RCGetRY
                0x0000000008003814       0x1c obj/DD_RC.o
                0x0000000008003814                DD_RCGetRY
 .text.DD_RCPrint
                0x0000000008003830      0x298 obj/DD_RC.o
                0x0000000008003830                DD_RCPrint
 .text.SY_I2CConnTest
                0x0000000008003ac8        0x4 obj/SystemTaskManager.o
 .text.SY_clockInit
                0x0000000008003acc       0xc8 obj/SystemTaskManager.o
 .text.SY_GPIOInit
                0x0000000008003b94       0xb0 obj/SystemTaskManager.o
 .text.SY_init  0x0000000008003c44       0xc8 obj/SystemTaskManager.o
 .text.SY_doAppTasks
                0x0000000008003d0c        0x8 obj/SystemTaskManager.o
 .text.SY_doDevDriverTasks
                0x0000000008003d14        0x8 obj/SystemTaskManager.o
 .text.main     0x0000000008003d1c      0x144 obj/SystemTaskManager.o
                0x0000000008003d1c                main
 .text.SY_wait  0x0000000008003e60       0x2c obj/SystemTaskManager.o
                0x0000000008003e60                SY_wait
 .text.HAL_UART_RxCpltCallback
                0x0000000008003e8c       0x3c obj/SystemTaskManager.o
                0x0000000008003e8c                HAL_UART_RxCpltCallback
 .text.HAL_UART_TxCpltCallback
                0x0000000008003ec8        0x8 obj/SystemTaskManager.o
                0x0000000008003ec8                HAL_UART_TxCpltCallback
 .text.Reset_Handler
                0x0000000008003ed0       0x48 obj/startup.o
                0x0000000008003ed0                Reset_Handler
 .text.Default_Handler
                0x0000000008003f18        0x2 obj/startup.o
                0x0000000008003f18                RTC_Alarm_IRQHandler
                0x0000000008003f18                EXTI2_IRQHandler
                0x0000000008003f18                TIM1_CC_IRQHandler
                0x0000000008003f18                PVD_IRQHandler
                0x0000000008003f18                EXTI3_IRQHandler
                0x0000000008003f18                EXTI0_IRQHandler
                0x0000000008003f18                I2C2_EV_IRQHandler
                0x0000000008003f18                ADC1_2_IRQHandler
                0x0000000008003f18                SPI1_IRQHandler
                0x0000000008003f18                TAMPER_IRQHandler
                0x0000000008003f18                DMA1_Channel4_IRQHandler
                0x0000000008003f18                RTC_IRQHandler
                0x0000000008003f18                CAN1_RX1_IRQHandler
                0x0000000008003f18                TIM4_IRQHandler
                0x0000000008003f18                I2C1_EV_IRQHandler
                0x0000000008003f18                DMA1_Channel6_IRQHandler
                0x0000000008003f18                TIM3_IRQHandler
                0x0000000008003f18                RCC_IRQHandler
                0x0000000008003f18                TIM1_TRG_COM_IRQHandler
                0x0000000008003f18                DMA1_Channel1_IRQHandler
                0x0000000008003f18                Default_Handler
                0x0000000008003f18                EXTI15_10_IRQHandler
                0x0000000008003f18                EXTI9_5_IRQHandler
                0x0000000008003f18                SPI2_IRQHandler
                0x0000000008003f18                DMA1_Channel5_IRQHandler
                0x0000000008003f18                EXTI4_IRQHandler
                0x0000000008003f18                USB_LP_CAN1_RX0_IRQHandler
                0x0000000008003f18                USB_HP_CAN1_TX_IRQHandler
                0x0000000008003f18                WWDG_IRQHandler
                0x0000000008003f18                TIM1_BRK_IRQHandler
                0x0000000008003f18                EXTI1_IRQHandler
                0x0000000008003f18                I2C2_ER_IRQHandler
                0x0000000008003f18                DMA1_Channel2_IRQHandler
                0x0000000008003f18                CAN1_SCE_IRQHandler
                0x0000000008003f18                FLASH_IRQHandler
                0x0000000008003f18                USART1_IRQHandler
                0x0000000008003f18                I2C1_ER_IRQHandler
                0x0000000008003f18                USBWakeUp_IRQHandler
 *(.glue_7)
 .glue_7        0x0000000008003f1a        0x0 linker stubs
 *(.glue_7t)
 .glue_7t       0x0000000008003f1a        0x0 linker stubs
 *(.eh_frame)
 *fill*         0x0000000008003f1a        0x2 
 .eh_frame      0x0000000008003f1c        0x0 /usr/lib/gcc/arm-none-eabi/10.3.1/thumb/v7-m/nofp/crtbegin.o
 *(.init)
 .init          0x0000000008003f1c        0x4 /usr/lib/gcc/arm-none-eabi/10.3.1/thumb/v7-m/nofp/crti.o
                0x0000000008003f1c                _init
 .init          0x0000000008003f20        0x8 /usr/lib/gcc/arm-none-eabi/10.3.1/thumb/v7-m/nofp/crtn.o
 *(.fini)
 .fini          0x0000000008003f28        0x4 /usr/lib/gcc/arm-none-eabi/10.3.1/thumb/v7-m/nofp/crti.o
                0x0000000008003f28                _fini
 .fini          0x0000000008003f2c        0x8 /usr/lib/gcc/arm-none-eabi/10.3.1/thumb/v7-m/nofp/crtn.o
                0x0000000008003f34                . = ALIGN (0x4)
                0x0000000008003f34                _etext = .

.vfp11_veneer   0x0000000008003f34        0x0
 .vfp11_veneer  0x0000000008003f34        0x0 linker stubs

.v4_bx          0x0000000008003f34        0x0
 .v4_bx         0x0000000008003f34        0x0 linker stubs

.iplt           0x0000000008003f34        0x0
 .iplt          0x0000000008003f34        0x0 /usr/lib/gcc/arm-none-eabi/10.3.1/thumb/v7-m/nofp/crtbegin.o

.rodata         0x0000000008003f34      0x5b0
                0x0000000008003f34                . = ALIGN (0x4)
 *(.rodata)
 .rodata        0x0000000008003f34        0x8 obj/app.o
 .rodata        0x0000000008003f3c       0x50 obj/constManager.o
 *(.rodata*)
 .rodata.upDownSystem.str1.4
                0x0000000008003f8c        0x4 obj/app.o
 .rodata.appInit.str1.4
                0x0000000008003f90       0x1c obj/app.o
 .rodata.__FUNCTION__.0
                0x0000000008003fac        0x8 obj/app.o
 .rodata.reloadDefault.str1.4
                0x0000000008003fb4        0x6 obj/constManager.o
 *fill*         0x0000000008003fba        0x2 
 .rodata.AHBPrescTable
                0x0000000008003fbc       0x10 obj/system_stm32f1xx.o
                0x0000000008003fbc                AHBPrescTable
 .rodata.APBPrescTable
                0x0000000008003fcc        0x8 obj/system_stm32f1xx.o
                0x0000000008003fcc                APBPrescTable
 .rodata.HAL_NVIC_SetPriorityGrouping.str1.4
                0x0000000008003fd4       0x38 obj/stm32f1xx_hal_cortex.o
 .rodata.HAL_DMA_Init.str1.4
                0x000000000800400c       0x35 obj/stm32f1xx_hal_dma.o
 *fill*         0x0000000008004041        0x3 
 .rodata.HAL_GPIO_Init.str1.4
                0x0000000008004044       0x36 obj/stm32f1xx_hal_gpio.o
 *fill*         0x000000000800407a        0x2 
 .rodata.HAL_I2C_Init.str1.4
                0x000000000800407c       0x35 obj/stm32f1xx_hal_i2c.o
 *fill*         0x00000000080040b1        0x3 
 .rodata.HAL_IWDG_Init.str1.4
                0x00000000080040b4       0x36 obj/stm32f1xx_hal_iwdg.o
 *fill*         0x00000000080040ea        0x2 
 .rodata.HAL_RCC_OscConfig.str1.4
                0x00000000080040ec       0x35 obj/stm32f1xx_hal_rcc.o
 *fill*         0x0000000008004121        0x3 
 .rodata.HAL_RCC_GetSysClockFreq.str1.4
                0x0000000008004124       0x11 obj/stm32f1xx_hal_rcc.o
 *fill*         0x0000000008004135        0x3 
 .rodata.HAL_RCCEx_PeriphCLKConfig.str1.4
                0x0000000008004138       0x38 obj/stm32f1xx_hal_rcc_ex.o
 .rodata.UART_SetConfig.str1.4
                0x0000000008004170       0x36 obj/stm32f1xx_hal_uart.o
 *fill*         0x00000000080041a6        0x2 
 .rodata.MW_GPIOInit.str1.4
                0x00000000080041a8       0x28 obj/MW_GPIO.o
 .rodata.gpioid
                0x00000000080041d0       0x10 obj/MW_GPIO.o
 .rodata.MW_SetI2CClockSpeed.str1.4
                0x00000000080041e0       0x26 obj/MW_I2C.o
 *fill*         0x0000000008004206        0x2 
 .rodata.i2cid  0x0000000008004208        0x8 obj/MW_I2C.o
 .rodata.MW_USARTSetBaudRate.str1.4
                0x0000000008004210       0x29 obj/MW_USART.o
 *fill*         0x0000000008004239        0x3 
 .rodata.uartid
                0x000000000800423c        0xc obj/MW_USART.o
 .rodata._msg.str1.4
                0x0000000008004248       0x10 obj/message.o
                                         0x12 (size before relaxing)
 .rodata.DD_I2CSend.str1.4
                0x0000000008004258       0x2c obj/DD_Gene.o
 .rodata.__FUNCTION__.0
                0x0000000008004284        0xb obj/DD_Gene.o
 *fill*         0x000000000800428f        0x1 
 .rodata.DD_send2MD.str1.4
                0x0000000008004290       0x17 obj/DD_MD.o
                                         0x1c (size before relaxing)
 *fill*         0x00000000080042a7        0x1 
 .rodata.DD_MDHandPrint.str1.4
                0x00000000080042a8       0x25 obj/DD_MD.o
 *fill*         0x00000000080042cd        0x3 
 .rodata.__FUNCTION__.0
                0x00000000080042d0        0xb obj/DD_MD.o
 *fill*         0x00000000080042db        0x1 
 .rodata.DD_RCInit.str1.4
                0x00000000080042dc        0x3 obj/DD_RC.o
 *fill*         0x00000000080042df        0x1 
 .rodata.DD_RCPrint.str1.4
                0x00000000080042e0       0x91 obj/DD_RC.o
                                         0x95 (size before relaxing)
 *fill*         0x0000000008004371        0x3 
 .rodata.SY_clockInit.str1.4
                0x0000000008004374       0x3e obj/SystemTaskManager.o
                                         0x42 (size before relaxing)
 *fill*         0x00000000080043b2        0x2 
 .rodata.SY_init.str1.4
                0x00000000080043b4       0x71 obj/SystemTaskManager.o
                                         0x75 (size before relaxing)
 *fill*         0x0000000008004425        0x3 
 .rodata.main.str1.4
                0x0000000008004428       0x79 obj/SystemTaskManager.o
                                         0x81 (size before relaxing)
 *fill*         0x00000000080044a1        0x3 
 .rodata.HAL_UART_RxCpltCallback.str1.4
                0x00000000080044a4        0x7 obj/SystemTaskManager.o
 *fill*         0x00000000080044ab        0x1 
 .rodata.__FUNCTION__.0
                0x00000000080044ac       0x18 obj/SystemTaskManager.o
 .rodata.__FUNCTION__.1
                0x00000000080044c4        0xd obj/SystemTaskManager.o
 *fill*         0x00000000080044d1        0x3 
 .rodata.__FUNCTION__.2
                0x00000000080044d4        0x8 obj/SystemTaskManager.o
 .rodata.__FUNCTION__.3
                0x00000000080044dc        0x5 obj/SystemTaskManager.o
                0x00000000080044e4                . = ALIGN (0x4)
 *fill*         0x00000000080044e1        0x3 

.rel.dyn        0x00000000080044e4        0x0
 .rel.iplt      0x00000000080044e4        0x0 /usr/lib/gcc/arm-none-eabi/10.3.1/thumb/v7-m/nofp/crtbegin.o

.ARM.extab
 *(.ARM.extab* .gnu.linkonce.armextab.*)

.ARM            0x00000000080044e4        0x0
                0x00000000080044e4                __exidx_start = .
 *(.ARM.exidx*)
                0x00000000080044e4                __exidx_end = .

.preinit_array  0x00000000080044e4        0x0
                0x00000000080044e4                PROVIDE (__preinit_array_start = .)
 *(.preinit_array*)
                0x00000000080044e4                PROVIDE (__preinit_array_end = .)

.init_array     0x00000000080044e4        0x4
                0x00000000080044e4                PROVIDE (__init_array_start = .)
 *(SORT_BY_NAME(.init_array.*))
 *(.init_array*)
 .init_array    0x00000000080044e4        0x4 /usr/lib/gcc/arm-none-eabi/10.3.1/thumb/v7-m/nofp/crtbegin.o
                0x00000000080044e8                PROVIDE (__init_array_end = .)

.fini_array     0x00000000080044e8        0x4
                0x00000000080044e8                PROVIDE (__fini_array_start = .)
 *(SORT_BY_NAME(.fini_array.*))
 *(.fini_array*)
 .fini_array    0x00000000080044e8        0x4 /usr/lib/gcc/arm-none-eabi/10.3.1/thumb/v7-m/nofp/crtbegin.o
                0x00000000080044ec                PROVIDE (__fini_array_end = .)
                0x00000000080044ec                _sidata = LOADADDR (.data)

.data           0x0000000020000000      0x1cc load address 0x00000000080044ec
                0x0000000020000000                . = ALIGN (0x4)
                0x0000000020000000                _sdata = .
 *(.data)
 *(.data*)
 .data.editlist
                0x0000000020000000       0x24 obj/constManager.o
                0x0000000020000000                editlist
 .data.g_md_h   0x0000000020000024       0x12 obj/deviceDefinition.o
                0x0000000020000024                g_md_h
 *fill*         0x0000000020000036        0x2 
 .data.SystemCoreClock
                0x0000000020000038        0x4 obj/system_stm32f1xx.o
                0x0000000020000038                SystemCoreClock
 .data.hi2c1    0x000000002000003c       0x3c obj/MW_I2C.o
 .data.hi2c2    0x0000000020000078       0x3c obj/MW_I2C.o
 .data.hiwdg    0x00000000200000b4       0x10 obj/MW_IWDG.o
 .data.htim1    0x00000000200000c4       0x3c obj/MW_TIM.o
 .data.huart1   0x0000000020000100       0x40 obj/MW_USART.o
                0x0000000020000100                huart1
 .data.huart2   0x0000000020000140       0x40 obj/MW_USART.o
                0x0000000020000140                huart2
 .data.huart3   0x0000000020000180       0x40 obj/MW_USART.o
                0x0000000020000180                huart3
 .data.had_completed
                0x00000000200001c0        0x1 obj/message.o
 *fill*         0x00000000200001c1        0x3 
 .data.is_not_avaiable
                0x00000000200001c4        0x4 obj/DD_RC.o
 .data.g_led_mode
                0x00000000200001c8        0x1 obj/SystemTaskManager.o
                0x00000000200001c8                g_led_mode
                0x00000000200001cc                . = ALIGN (0x4)
 *fill*         0x00000000200001c9        0x3 
                0x00000000200001cc                _edata = .

.tm_clone_table
                0x00000000200001cc        0x0 load address 0x00000000080046b8
 .tm_clone_table
                0x00000000200001cc        0x0 /usr/lib/gcc/arm-none-eabi/10.3.1/thumb/v7-m/nofp/crtbegin.o
 .tm_clone_table
                0x00000000200001cc        0x0 /usr/lib/gcc/arm-none-eabi/10.3.1/thumb/v7-m/nofp/crtend.o

.igot.plt       0x00000000200001cc        0x0 load address 0x00000000080046b8
 .igot.plt      0x00000000200001cc        0x0 /usr/lib/gcc/arm-none-eabi/10.3.1/thumb/v7-m/nofp/crtbegin.o
                0x00000000200001cc                . = ALIGN (0x4)

.bss            0x00000000200001cc      0x6a4 load address 0x00000000080046b8
                0x00000000200001cc                _sbss = .
                0x00000000200001cc                __bss_start__ = _sbss
 *(.bss)
 .bss           0x00000000200001cc       0x1c /usr/lib/gcc/arm-none-eabi/10.3.1/thumb/v7-m/nofp/crtbegin.o
 *(.bss*)
 .bss.checkpush
                0x00000000200001e8        0x4 obj/app.o
                0x00000000200001e8                checkpush
 .bss.g_adjust  0x00000000200001ec      0x18c obj/constManager.o
                0x00000000200001ec                g_adjust
 .bss.g_c_data  0x0000000020000378       0x48 obj/constManager.o
                0x0000000020000378                g_c_data
 .bss.hdma_rx.0
                0x00000000200003c0       0x38 obj/msp.o
 .bss.hdma_tx.1
                0x00000000200003f8       0x38 obj/msp.o
 .bss.uwTick    0x0000000020000430        0x4 obj/stm32f1xx_hal.o
 .bss.GPIO_InitStruct
                0x0000000020000434       0x10 obj/MW_GPIO.o
 .bss.buff      0x0000000020000444      0x400 obj/message.o
 .bss.outptr    0x0000000020000844        0x4 obj/xprintf.o
                0x0000000020000844                outptr
 .bss.xfunc_out
                0x0000000020000848        0x4 obj/xprintf.o
                0x0000000020000848                xfunc_out
 .bss.ip        0x000000002000084c        0x4 obj/DD_RC.o
 .bss.rcv_data  0x0000000020000850        0x8 obj/DD_RC.o
 .bss.count_for_rc
                0x0000000020000858        0x4 obj/SystemTaskManager.o
 .bss.g_SY_system_counter
                0x000000002000085c        0x4 obj/SystemTaskManager.o
                0x000000002000085c                g_SY_system_counter
 .bss.g_rc_data
                0x0000000020000860        0x8 obj/SystemTaskManager.o
                0x0000000020000860                g_rc_data
 .bss.rc_rcv    0x0000000020000868        0x8 obj/SystemTaskManager.o
 *(COMMON)
                0x0000000020000870                . = ALIGN (0x4)
                0x0000000020000870                _ebss = .
                0x0000000020000870                __bss_end__ = _ebss

._user_heap_stack
                0x0000000020000870      0x600 load address 0x00000000080046b8
                0x0000000020000870                . = ALIGN (0x8)
                [!provide]                        PROVIDE (end = .)
                [!provide]                        PROVIDE (_end = .)
                0x0000000020000a70                . = (. + _Min_Heap_Size)
 *fill*         0x0000000020000870      0x200 
                0x0000000020000e70                . = (. + _Min_Stack_Size)
 *fill*         0x0000000020000a70      0x400 
                0x0000000020000e70                . = ALIGN (0x8)

/DISCARD/
 libc.a(*)
 libm.a(*)
 libgcc.a(*)

.ARM.attributes
                0x0000000000000000       0x29
 *(.ARM.attributes)
 .ARM.attributes
                0x0000000000000000       0x1d /usr/lib/gcc/arm-none-eabi/10.3.1/thumb/v7-m/nofp/crti.o
 .ARM.attributes
                0x000000000000001d       0x2d /usr/lib/gcc/arm-none-eabi/10.3.1/thumb/v7-m/nofp/crtbegin.o
 .ARM.attributes
                0x000000000000004a       0x2d obj/app.o
 .ARM.attributes
                0x0000000000000077       0x2d obj/assert.o
 .ARM.attributes
                0x00000000000000a4       0x2d obj/constManager.o
 .ARM.attributes
                0x00000000000000d1       0x33 obj/deviceDefinition.o
 .ARM.attributes
                0x0000000000000104       0x2d obj/msp.o
 .ARM.attributes
                0x0000000000000131       0x2d obj/stm32f1xx_it.o
 .ARM.attributes
                0x000000000000015e       0x2d obj/system_stm32f1xx.o
 .ARM.attributes
                0x000000000000018b       0x2d obj/trapezoid_ctrl.o
 .ARM.attributes
                0x00000000000001b8       0x2d obj/stm32f1xx_hal.o
 .ARM.attributes
                0x00000000000001e5       0x2d obj/stm32f1xx_hal_cortex.o
 .ARM.attributes
                0x0000000000000212       0x2d obj/stm32f1xx_hal_dma.o
 .ARM.attributes
                0x000000000000023f       0x2d obj/stm32f1xx_hal_gpio.o
 .ARM.attributes
                0x000000000000026c       0x2d obj/stm32f1xx_hal_i2c.o
 .ARM.attributes
                0x0000000000000299       0x2d obj/stm32f1xx_hal_iwdg.o
 .ARM.attributes
                0x00000000000002c6       0x2d obj/stm32f1xx_hal_rcc.o
 .ARM.attributes
                0x00000000000002f3       0x2d obj/stm32f1xx_hal_rcc_ex.o
 .ARM.attributes
                0x0000000000000320       0x2d obj/stm32f1xx_hal_tim.o
 .ARM.attributes
                0x000000000000034d       0x2d obj/stm32f1xx_hal_tim_ex.o
 .ARM.attributes
                0x000000000000037a       0x2d obj/stm32f1xx_hal_uart.o
 .ARM.attributes
                0x00000000000003a7       0x2d obj/MW_GPIO.o
 .ARM.attributes
                0x00000000000003d4       0x2d obj/MW_I2C.o
 .ARM.attributes
                0x0000000000000401       0x2d obj/MW_IWDG.o
 .ARM.attributes
                0x000000000000042e       0x2d obj/MW_TIM.o
 .ARM.attributes
                0x000000000000045b       0x2d obj/MW_USART.o
 .ARM.attributes
                0x0000000000000488       0x2d obj/message.o
 .ARM.attributes
                0x00000000000004b5       0x2d obj/xprintf.o
 .ARM.attributes
                0x00000000000004e2       0x2d obj/DD_Gene.o
 .ARM.attributes
                0x000000000000050f       0x2d obj/DD_MD.o
 .ARM.attributes
                0x000000000000053c       0x2d obj/DD_RC.o
 .ARM.attributes
                0x0000000000000569       0x2d obj/SystemTaskManager.o
 .ARM.attributes
                0x0000000000000596       0x21 obj/startup.o
 .ARM.attributes
                0x00000000000005b7       0x2d /usr/lib/gcc/arm-none-eabi/10.3.1/../../../arm-none-eabi/lib/thumb/v7-m/nofp/libc_nano.a(lib_a-init.o)
 .ARM.attributes
                0x00000000000005e4       0x2d /usr/lib/gcc/arm-none-eabi/10.3.1/../../../arm-none-eabi/lib/thumb/v7-m/nofp/libc_nano.a(lib_a-memset.o)
 .ARM.attributes
                0x0000000000000611       0x2d /usr/lib/gcc/arm-none-eabi/10.3.1/thumb/v7-m/nofp/crtend.o
 .ARM.attributes
                0x000000000000063e       0x1d /usr/lib/gcc/arm-none-eabi/10.3.1/thumb/v7-m/nofp/crtn.o
OUTPUT(bin/Test.elf elf32-littlearm)
LOAD linker stubs
LOAD /usr/lib/gcc/arm-none-eabi/10.3.1/../../../arm-none-eabi/lib/thumb/v7-m/nofp/libc.a
LOAD /usr/lib/gcc/arm-none-eabi/10.3.1/../../../arm-none-eabi/lib/thumb/v7-m/nofp/libm.a
LOAD /usr/lib/gcc/arm-none-eabi/10.3.1/thumb/v7-m/nofp/libgcc.a

.comment        0x0000000000000000       0x33
 .comment       0x0000000000000000       0x33 /usr/lib/gcc/arm-none-eabi/10.3.1/thumb/v7-m/nofp/crtbegin.o
                                         0x34 (size before relaxing)
 .comment       0x0000000000000033       0x34 obj/app.o
 .comment       0x0000000000000033       0x34 obj/assert.o
 .comment       0x0000000000000033       0x34 obj/constManager.o
 .comment       0x0000000000000033       0x34 obj/deviceDefinition.o
 .comment       0x0000000000000033       0x34 obj/msp.o
 .comment       0x0000000000000033       0x34 obj/stm32f1xx_it.o
 .comment       0x0000000000000033       0x34 obj/system_stm32f1xx.o
 .comment       0x0000000000000033       0x34 obj/trapezoid_ctrl.o
 .comment       0x0000000000000033       0x34 obj/stm32f1xx_hal.o
 .comment       0x0000000000000033       0x34 obj/stm32f1xx_hal_cortex.o
 .comment       0x0000000000000033       0x34 obj/stm32f1xx_hal_dma.o
 .comment       0x0000000000000033       0x34 obj/stm32f1xx_hal_gpio.o
 .comment       0x0000000000000033       0x34 obj/stm32f1xx_hal_i2c.o
 .comment       0x0000000000000033       0x34 obj/stm32f1xx_hal_iwdg.o
 .comment       0x0000000000000033       0x34 obj/stm32f1xx_hal_rcc.o
 .comment       0x0000000000000033       0x34 obj/stm32f1xx_hal_rcc_ex.o
 .comment       0x0000000000000033       0x34 obj/stm32f1xx_hal_tim.o
 .comment       0x0000000000000033       0x34 obj/stm32f1xx_hal_tim_ex.o
 .comment       0x0000000000000033       0x34 obj/stm32f1xx_hal_uart.o
 .comment       0x0000000000000033       0x34 obj/MW_GPIO.o
 .comment       0x0000000000000033       0x34 obj/MW_I2C.o
 .comment       0x0000000000000033       0x34 obj/MW_IWDG.o
 .comment       0x0000000000000033       0x34 obj/MW_TIM.o
 .comment       0x0000000000000033       0x34 obj/MW_USART.o
 .comment       0x0000000000000033       0x34 obj/message.o
 .comment       0x0000000000000033       0x34 obj/xprintf.o
 .comment       0x0000000000000033       0x34 obj/DD_Gene.o
 .comment       0x0000000000000033       0x34 obj/DD_MD.o
 .comment       0x0000000000000033       0x34 obj/DD_RC.o
 .comment       0x0000000000000033       0x34 obj/SystemTaskManager.o
 .comment       0x0000000000000033       0x34 /usr/lib/gcc/arm-none-eabi/10.3.1/../../../arm-none-eabi/lib/thumb/v7-m/nofp/libc_nano.a(lib_a-init.o)
 .comment       0x0000000000000033       0x34 /usr/lib/gcc/arm-none-eabi/10.3.1/../../../arm-none-eabi/lib/thumb/v7-m/nofp/libc_nano.a(lib_a-memset.o)
 .comment       0x0000000000000033       0x34 /usr/lib/gcc/arm-none-eabi/10.3.1/thumb/v7-m/nofp/crtend.o

.debug_info     0x0000000000000000    0x18323
 .debug_info    0x0000000000000000      0x604 obj/app.o
 .debug_info    0x0000000000000604       0xd0 obj/assert.o
 .debug_info    0x00000000000006d4     0x11dd obj/constManager.o
 .debug_info    0x00000000000018b1      0x121 obj/deviceDefinition.o
 .debug_info    0x00000000000019d2     0x1b37 obj/msp.o
 .debug_info    0x0000000000003509      0x610 obj/stm32f1xx_it.o
 .debug_info    0x0000000000003b19      0x3ec obj/system_stm32f1xx.o
 .debug_info    0x0000000000003f05      0x1b5 obj/trapezoid_ctrl.o
 .debug_info    0x00000000000040ba      0x6b2 obj/stm32f1xx_hal.o
 .debug_info    0x000000000000476c      0xe47 obj/stm32f1xx_hal_cortex.o
 .debug_info    0x00000000000055b3      0x7f9 obj/stm32f1xx_hal_dma.o
 .debug_info    0x0000000000005dac      0x892 obj/stm32f1xx_hal_gpio.o
 .debug_info    0x000000000000663e     0x3070 obj/stm32f1xx_hal_i2c.o
 .debug_info    0x00000000000096ae      0x3a7 obj/stm32f1xx_hal_iwdg.o
 .debug_info    0x0000000000009a55     0x173c obj/stm32f1xx_hal_rcc.o
 .debug_info    0x000000000000b191      0x66d obj/stm32f1xx_hal_rcc_ex.o
 .debug_info    0x000000000000b7fe     0x4807 obj/stm32f1xx_hal_tim.o
 .debug_info    0x0000000000010005     0x193b obj/stm32f1xx_hal_tim_ex.o
 .debug_info    0x0000000000011940     0x1583 obj/stm32f1xx_hal_uart.o
 .debug_info    0x0000000000012ec3      0x4c2 obj/MW_GPIO.o
 .debug_info    0x0000000000013385      0x815 obj/MW_I2C.o
 .debug_info    0x0000000000013b9a      0x319 obj/MW_IWDG.o
 .debug_info    0x0000000000013eb3      0xb7d obj/MW_TIM.o
 .debug_info    0x0000000000014a30      0x8a9 obj/MW_USART.o
 .debug_info    0x00000000000152d9      0x3a2 obj/message.o
 .debug_info    0x000000000001567b      0x7d2 obj/xprintf.o
 .debug_info    0x0000000000015e4d      0x3d5 obj/DD_Gene.o
 .debug_info    0x0000000000016222      0x2bb obj/DD_MD.o
 .debug_info    0x00000000000164dd      0x8c3 obj/DD_RC.o
 .debug_info    0x0000000000016da0     0x1332 obj/SystemTaskManager.o
 .debug_info    0x00000000000180d2      0x11a /usr/lib/gcc/arm-none-eabi/10.3.1/../../../arm-none-eabi/lib/thumb/v7-m/nofp/libc_nano.a(lib_a-init.o)
 .debug_info    0x00000000000181ec      0x137 /usr/lib/gcc/arm-none-eabi/10.3.1/../../../arm-none-eabi/lib/thumb/v7-m/nofp/libc_nano.a(lib_a-memset.o)

.debug_abbrev   0x0000000000000000     0x3a10
 .debug_abbrev  0x0000000000000000      0x204 obj/app.o
 .debug_abbrev  0x0000000000000204       0x73 obj/assert.o
 .debug_abbrev  0x0000000000000277      0x285 obj/constManager.o
 .debug_abbrev  0x00000000000004fc       0xb9 obj/deviceDefinition.o
 .debug_abbrev  0x00000000000005b5      0x227 obj/msp.o
 .debug_abbrev  0x00000000000007dc      0x157 obj/stm32f1xx_it.o
 .debug_abbrev  0x0000000000000933      0x141 obj/system_stm32f1xx.o
 .debug_abbrev  0x0000000000000a74       0xee obj/trapezoid_ctrl.o
 .debug_abbrev  0x0000000000000b62      0x247 obj/stm32f1xx_hal.o
 .debug_abbrev  0x0000000000000da9      0x301 obj/stm32f1xx_hal_cortex.o
 .debug_abbrev  0x00000000000010aa      0x222 obj/stm32f1xx_hal_dma.o
 .debug_abbrev  0x00000000000012cc      0x22e obj/stm32f1xx_hal_gpio.o
 .debug_abbrev  0x00000000000014fa      0x244 obj/stm32f1xx_hal_i2c.o
 .debug_abbrev  0x000000000000173e      0x1a7 obj/stm32f1xx_hal_iwdg.o
 .debug_abbrev  0x00000000000018e5      0x2b6 obj/stm32f1xx_hal_rcc.o
 .debug_abbrev  0x0000000000001b9b      0x274 obj/stm32f1xx_hal_rcc_ex.o
 .debug_abbrev  0x0000000000001e0f      0x255 obj/stm32f1xx_hal_tim.o
 .debug_abbrev  0x0000000000002064      0x244 obj/stm32f1xx_hal_tim_ex.o
 .debug_abbrev  0x00000000000022a8      0x24f obj/stm32f1xx_hal_uart.o
 .debug_abbrev  0x00000000000024f7      0x1b7 obj/MW_GPIO.o
 .debug_abbrev  0x00000000000026ae      0x1b1 obj/MW_I2C.o
 .debug_abbrev  0x000000000000285f      0x15d obj/MW_IWDG.o
 .debug_abbrev  0x00000000000029bc      0x1d2 obj/MW_TIM.o
 .debug_abbrev  0x0000000000002b8e      0x1e4 obj/MW_USART.o
 .debug_abbrev  0x0000000000002d72      0x1b6 obj/message.o
 .debug_abbrev  0x0000000000002f28      0x255 obj/xprintf.o
 .debug_abbrev  0x000000000000317d      0x192 obj/DD_Gene.o
 .debug_abbrev  0x000000000000330f      0x173 obj/DD_MD.o
 .debug_abbrev  0x0000000000003482      0x180 obj/DD_RC.o
 .debug_abbrev  0x0000000000003602      0x28e obj/SystemTaskManager.o
 .debug_abbrev  0x0000000000003890       0xcc /usr/lib/gcc/arm-none-eabi/10.3.1/../../../arm-none-eabi/lib/thumb/v7-m/nofp/libc_nano.a(lib_a-init.o)
 .debug_abbrev  0x000000000000395c       0xb4 /usr/lib/gcc/arm-none-eabi/10.3.1/../../../arm-none-eabi/lib/thumb/v7-m/nofp/libc_nano.a(lib_a-memset.o)

.debug_loc      0x0000000000000000     0xd979
 .debug_loc     0x0000000000000000       0xa0 obj/app.o
 .debug_loc     0x00000000000000a0       0x2a obj/assert.o
 .debug_loc     0x00000000000000ca      0x40a obj/constManager.o
 .debug_loc     0x00000000000004d4      0x439 obj/msp.o
 .debug_loc     0x000000000000090d       0xff obj/system_stm32f1xx.o
 .debug_loc     0x0000000000000a0c      0x2e0 obj/trapezoid_ctrl.o
 .debug_loc     0x0000000000000cec       0xb3 obj/stm32f1xx_hal.o
 .debug_loc     0x0000000000000d9f      0x87f obj/stm32f1xx_hal_cortex.o
 .debug_loc     0x000000000000161e      0x573 obj/stm32f1xx_hal_dma.o
 .debug_loc     0x0000000000001b91      0x61d obj/stm32f1xx_hal_gpio.o
 .debug_loc     0x00000000000021ae     0x346a obj/stm32f1xx_hal_i2c.o
 .debug_loc     0x0000000000005618      0x140 obj/stm32f1xx_hal_iwdg.o
 .debug_loc     0x0000000000005758      0xdf4 obj/stm32f1xx_hal_rcc.o
 .debug_loc     0x000000000000654c      0x481 obj/stm32f1xx_hal_rcc_ex.o
 .debug_loc     0x00000000000069cd     0x2d42 obj/stm32f1xx_hal_tim.o
 .debug_loc     0x000000000000970f      0xcb2 obj/stm32f1xx_hal_tim_ex.o
 .debug_loc     0x000000000000a3c1     0x12ed obj/stm32f1xx_hal_uart.o
 .debug_loc     0x000000000000b6ae      0x20a obj/MW_GPIO.o
 .debug_loc     0x000000000000b8b8      0x293 obj/MW_I2C.o
 .debug_loc     0x000000000000bb4b      0x47a obj/MW_TIM.o
 .debug_loc     0x000000000000bfc5      0x1f2 obj/MW_USART.o
 .debug_loc     0x000000000000c1b7       0xcd obj/message.o
 .debug_loc     0x000000000000c284      0xb18 obj/xprintf.o
 .debug_loc     0x000000000000cd9c      0x17f obj/DD_Gene.o
 .debug_loc     0x000000000000cf1b       0x73 obj/DD_MD.o
 .debug_loc     0x000000000000cf8e      0x574 obj/DD_RC.o
 .debug_loc     0x000000000000d502      0x191 obj/SystemTaskManager.o
 .debug_loc     0x000000000000d693       0xba /usr/lib/gcc/arm-none-eabi/10.3.1/../../../arm-none-eabi/lib/thumb/v7-m/nofp/libc_nano.a(lib_a-init.o)
 .debug_loc     0x000000000000d74d      0x22c /usr/lib/gcc/arm-none-eabi/10.3.1/../../../arm-none-eabi/lib/thumb/v7-m/nofp/libc_nano.a(lib_a-memset.o)

.debug_aranges  0x0000000000000000     0x1130
 .debug_aranges
                0x0000000000000000       0x40 obj/app.o
 .debug_aranges
                0x0000000000000040       0x20 obj/assert.o
 .debug_aranges
                0x0000000000000060       0x88 obj/constManager.o
 .debug_aranges
                0x00000000000000e8       0x18 obj/deviceDefinition.o
 .debug_aranges
                0x0000000000000100       0x88 obj/msp.o
 .debug_aranges
                0x0000000000000188       0x80 obj/stm32f1xx_it.o
 .debug_aranges
                0x0000000000000208       0x28 obj/system_stm32f1xx.o
 .debug_aranges
                0x0000000000000230       0x20 obj/trapezoid_ctrl.o
 .debug_aranges
                0x0000000000000250       0xb0 obj/stm32f1xx_hal.o
 .debug_aranges
                0x0000000000000300       0x90 obj/stm32f1xx_hal_cortex.o
 .debug_aranges
                0x0000000000000390       0x68 obj/stm32f1xx_hal_dma.o
 .debug_aranges
                0x00000000000003f8       0x58 obj/stm32f1xx_hal_gpio.o
 .debug_aranges
                0x0000000000000450      0x218 obj/stm32f1xx_hal_i2c.o
 .debug_aranges
                0x0000000000000668       0x40 obj/stm32f1xx_hal_iwdg.o
 .debug_aranges
                0x00000000000006a8       0x88 obj/stm32f1xx_hal_rcc.o
 .debug_aranges
                0x0000000000000730       0x30 obj/stm32f1xx_hal_rcc_ex.o
 .debug_aranges
                0x0000000000000760      0x368 obj/stm32f1xx_hal_tim.o
 .debug_aranges
                0x0000000000000ac8      0x138 obj/stm32f1xx_hal_tim_ex.o
 .debug_aranges
                0x0000000000000c00      0x150 obj/stm32f1xx_hal_uart.o
 .debug_aranges
                0x0000000000000d50       0x58 obj/MW_GPIO.o
 .debug_aranges
                0x0000000000000da8       0x48 obj/MW_I2C.o
 .debug_aranges
                0x0000000000000df0       0x40 obj/MW_IWDG.o
 .debug_aranges
                0x0000000000000e30       0x80 obj/MW_TIM.o
 .debug_aranges
                0x0000000000000eb0       0x60 obj/MW_USART.o
 .debug_aranges
                0x0000000000000f10       0x48 obj/message.o
 .debug_aranges
                0x0000000000000f58       0x70 obj/xprintf.o
 .debug_aranges
                0x0000000000000fc8       0x40 obj/DD_Gene.o
 .debug_aranges
                0x0000000000001008       0x28 obj/DD_MD.o
 .debug_aranges
                0x0000000000001030       0x58 obj/DD_RC.o
 .debug_aranges
                0x0000000000001088       0x68 obj/SystemTaskManager.o
 .debug_aranges
                0x00000000000010f0       0x20 /usr/lib/gcc/arm-none-eabi/10.3.1/../../../arm-none-eabi/lib/thumb/v7-m/nofp/libc_nano.a(lib_a-init.o)
 .debug_aranges
                0x0000000000001110       0x20 /usr/lib/gcc/arm-none-eabi/10.3.1/../../../arm-none-eabi/lib/thumb/v7-m/nofp/libc_nano.a(lib_a-memset.o)

.debug_ranges   0x0000000000000000      0xfc8
 .debug_ranges  0x0000000000000000       0x30 obj/app.o
 .debug_ranges  0x0000000000000030       0x10 obj/assert.o
 .debug_ranges  0x0000000000000040       0xa8 obj/constManager.o
 .debug_ranges  0x00000000000000e8       0x78 obj/msp.o
 .debug_ranges  0x0000000000000160       0x70 obj/stm32f1xx_it.o
 .debug_ranges  0x00000000000001d0       0x18 obj/system_stm32f1xx.o
 .debug_ranges  0x00000000000001e8       0x10 obj/trapezoid_ctrl.o
 .debug_ranges  0x00000000000001f8       0xa0 obj/stm32f1xx_hal.o
 .debug_ranges  0x0000000000000298       0xe0 obj/stm32f1xx_hal_cortex.o
 .debug_ranges  0x0000000000000378       0x58 obj/stm32f1xx_hal_dma.o
 .debug_ranges  0x00000000000003d0       0x48 obj/stm32f1xx_hal_gpio.o
 .debug_ranges  0x0000000000000418      0x208 obj/stm32f1xx_hal_i2c.o
 .debug_ranges  0x0000000000000620       0x30 obj/stm32f1xx_hal_iwdg.o
 .debug_ranges  0x0000000000000650       0x78 obj/stm32f1xx_hal_rcc.o
 .debug_ranges  0x00000000000006c8       0x20 obj/stm32f1xx_hal_rcc_ex.o
 .debug_ranges  0x00000000000006e8      0x358 obj/stm32f1xx_hal_tim.o
 .debug_ranges  0x0000000000000a40      0x128 obj/stm32f1xx_hal_tim_ex.o
 .debug_ranges  0x0000000000000b68      0x140 obj/stm32f1xx_hal_uart.o
 .debug_ranges  0x0000000000000ca8       0x48 obj/MW_GPIO.o
 .debug_ranges  0x0000000000000cf0       0x38 obj/MW_I2C.o
 .debug_ranges  0x0000000000000d28       0x30 obj/MW_IWDG.o
 .debug_ranges  0x0000000000000d58       0x70 obj/MW_TIM.o
 .debug_ranges  0x0000000000000dc8       0x50 obj/MW_USART.o
 .debug_ranges  0x0000000000000e18       0x38 obj/message.o
 .debug_ranges  0x0000000000000e50       0x60 obj/xprintf.o
 .debug_ranges  0x0000000000000eb0       0x30 obj/DD_Gene.o
 .debug_ranges  0x0000000000000ee0       0x18 obj/DD_MD.o
 .debug_ranges  0x0000000000000ef8       0x78 obj/DD_RC.o
 .debug_ranges  0x0000000000000f70       0x58 obj/SystemTaskManager.o

.debug_macro    0x0000000000000000    0x15578
 .debug_macro   0x0000000000000000      0x3f0 obj/app.o
 .debug_macro   0x00000000000003f0      0xac6 obj/app.o
 .debug_macro   0x0000000000000eb6       0x22 obj/app.o
 .debug_macro   0x0000000000000ed8      0x34e obj/app.o
 .debug_macro   0x0000000000001226       0x16 obj/app.o
 .debug_macro   0x000000000000123c       0x10 obj/app.o
 .debug_macro   0x000000000000124c       0x40 obj/app.o
 .debug_macro   0x000000000000128c       0x52 obj/app.o
 .debug_macro   0x00000000000012de      0x1b1 obj/app.o
 .debug_macro   0x000000000000148f       0x2e obj/app.o
 .debug_macro   0x00000000000014bd       0x22 obj/app.o
 .debug_macro   0x00000000000014df       0x3a obj/app.o
 .debug_macro   0x0000000000001519       0x34 obj/app.o
 .debug_macro   0x000000000000154d      0xb8e obj/app.o
 .debug_macro   0x00000000000020db     0x69eb obj/app.o
 .debug_macro   0x0000000000008ac6       0x43 obj/app.o
 .debug_macro   0x0000000000008b09     0x3383 obj/app.o
 .debug_macro   0x000000000000be8c       0x22 obj/app.o
 .debug_macro   0x000000000000beae       0x52 obj/app.o
 .debug_macro   0x000000000000bf00       0x18 obj/app.o
 .debug_macro   0x000000000000bf18       0x94 obj/app.o
 .debug_macro   0x000000000000bfac       0x35 obj/app.o
 .debug_macro   0x000000000000bfe1       0x34 obj/app.o
 .debug_macro   0x000000000000c015       0x16 obj/app.o
 .debug_macro   0x000000000000c02b       0x57 obj/app.o
 .debug_macro   0x000000000000c082       0x97 obj/app.o
 .debug_macro   0x000000000000c119      0x356 obj/app.o
 .debug_macro   0x000000000000c46f       0xf6 obj/app.o
 .debug_macro   0x000000000000c565       0x10 obj/app.o
 .debug_macro   0x000000000000c575       0x16 obj/app.o
 .debug_macro   0x000000000000c58b       0x43 obj/app.o
 .debug_macro   0x000000000000c5ce       0x34 obj/app.o
 .debug_macro   0x000000000000c602       0x10 obj/app.o
 .debug_macro   0x000000000000c612       0x52 obj/app.o
 .debug_macro   0x000000000000c664      0x182 obj/app.o
 .debug_macro   0x000000000000c7e6       0x10 obj/app.o
 .debug_macro   0x000000000000c7f6       0x6a obj/app.o
 .debug_macro   0x000000000000c860       0x1c obj/app.o
 .debug_macro   0x000000000000c87c       0x52 obj/app.o
 .debug_macro   0x000000000000c8ce       0x22 obj/app.o
 .debug_macro   0x000000000000c8f0       0x10 obj/app.o
 .debug_macro   0x000000000000c900       0x40 obj/app.o
 .debug_macro   0x000000000000c940       0xd5 obj/app.o
 .debug_macro   0x000000000000ca15       0x1c obj/app.o
 .debug_macro   0x000000000000ca31       0x3d obj/app.o
 .debug_macro   0x000000000000ca6e       0x16 obj/app.o
 .debug_macro   0x000000000000ca84      0x16f obj/app.o
 .debug_macro   0x000000000000cbf3       0x57 obj/app.o
 .debug_macro   0x000000000000cc4a      0x778 obj/app.o
 .debug_macro   0x000000000000d3c2      0x28b obj/app.o
 .debug_macro   0x000000000000d64d      0x141 obj/app.o
 .debug_macro   0x000000000000d78e      0x197 obj/app.o
 .debug_macro   0x000000000000d925      0x1ae obj/app.o
 .debug_macro   0x000000000000dad3       0x2d obj/app.o
 .debug_macro   0x000000000000db00       0x3c obj/app.o
 .debug_macro   0x000000000000db3c       0x57 obj/app.o
 .debug_macro   0x000000000000db93      0x46a obj/app.o
 .debug_macro   0x000000000000dffd      0x1b5 obj/app.o
 .debug_macro   0x000000000000e1b2       0x8c obj/app.o
 .debug_macro   0x000000000000e23e      0x242 obj/app.o
 .debug_macro   0x000000000000e480      0x225 obj/app.o
 .debug_macro   0x000000000000e6a5       0x99 obj/app.o
 .debug_macro   0x000000000000e73e      0x143 obj/app.o
 .debug_macro   0x000000000000e881      0x1f4 obj/app.o
 .debug_macro   0x000000000000ea75      0x83e obj/app.o
 .debug_macro   0x000000000000f2b3       0x11 obj/app.o
 .debug_macro   0x000000000000f2c4      0x256 obj/app.o
 .debug_macro   0x000000000000f51a       0x7c obj/app.o
 .debug_macro   0x000000000000f596       0x16 obj/app.o
 .debug_macro   0x000000000000f5ac       0x35 obj/app.o
 .debug_macro   0x000000000000f5e1       0x16 obj/app.o
 .debug_macro   0x000000000000f5f7       0x29 obj/app.o
 .debug_macro   0x000000000000f620       0x16 obj/app.o
 .debug_macro   0x000000000000f636      0x100 obj/app.o
 .debug_macro   0x000000000000f736       0x2e obj/app.o
 .debug_macro   0x000000000000f764       0x28 obj/app.o
 .debug_macro   0x000000000000f78c       0x34 obj/app.o
 .debug_macro   0x000000000000f7c0      0x300 obj/assert.o
 .debug_macro   0x000000000000fac0       0x34 obj/assert.o
 .debug_macro   0x000000000000faf4      0x393 obj/constManager.o
 .debug_macro   0x000000000000fe87      0x119 obj/constManager.o
 .debug_macro   0x000000000000ffa0       0x22 obj/constManager.o
 .debug_macro   0x000000000000ffc2       0x10 obj/constManager.o
 .debug_macro   0x000000000000ffd2       0x1c obj/constManager.o
 .debug_macro   0x000000000000ffee       0x28 obj/constManager.o
 .debug_macro   0x0000000000010016      0x3b2 obj/deviceDefinition.o
 .debug_macro   0x00000000000103c8      0x300 obj/msp.o
 .debug_macro   0x00000000000106c8      0x32b obj/stm32f1xx_it.o
 .debug_macro   0x00000000000109f3       0x10 obj/stm32f1xx_it.o
 .debug_macro   0x0000000000010a03       0x88 obj/system_stm32f1xx.o
 .debug_macro   0x0000000000010a8b      0x12e obj/trapezoid_ctrl.o
 .debug_macro   0x0000000000010bb9      0x10e obj/trapezoid_ctrl.o
 .debug_macro   0x0000000000010cc7       0x86 obj/trapezoid_ctrl.o
 .debug_macro   0x0000000000010d4d      0x324 obj/stm32f1xx_hal.o
 .debug_macro   0x0000000000011071      0x300 obj/stm32f1xx_hal_cortex.o
 .debug_macro   0x0000000000011371      0x306 obj/stm32f1xx_hal_dma.o
 .debug_macro   0x0000000000011677      0x370 obj/stm32f1xx_hal_gpio.o
 .debug_macro   0x00000000000119e7      0x316 obj/stm32f1xx_hal_i2c.o
 .debug_macro   0x0000000000011cfd      0x306 obj/stm32f1xx_hal_iwdg.o
 .debug_macro   0x0000000000012003      0x324 obj/stm32f1xx_hal_rcc.o
 .debug_macro   0x0000000000012327      0x300 obj/stm32f1xx_hal_rcc_ex.o
 .debug_macro   0x0000000000012627      0x301 obj/stm32f1xx_hal_tim.o
 .debug_macro   0x0000000000012928      0x300 obj/stm32f1xx_hal_tim_ex.o
 .debug_macro   0x0000000000012c28      0x301 obj/stm32f1xx_hal_uart.o
 .debug_macro   0x0000000000012f29      0x30f obj/MW_GPIO.o
 .debug_macro   0x0000000000013238       0x22 obj/MW_GPIO.o
 .debug_macro   0x000000000001325a      0x344 obj/MW_I2C.o
 .debug_macro   0x000000000001359e      0x33e obj/MW_IWDG.o
 .debug_macro   0x00000000000138dc      0x343 obj/MW_TIM.o
 .debug_macro   0x0000000000013c1f       0x16 obj/MW_TIM.o
 .debug_macro   0x0000000000013c35      0x344 obj/MW_USART.o
 .debug_macro   0x0000000000013f79      0x37c obj/message.o
 .debug_macro   0x00000000000142f5       0x22 obj/message.o
 .debug_macro   0x0000000000014317       0x58 obj/message.o
 .debug_macro   0x000000000001436f       0x22 obj/message.o
 .debug_macro   0x0000000000014391      0x318 obj/xprintf.o
 .debug_macro   0x00000000000146a9      0x3b1 obj/DD_Gene.o
 .debug_macro   0x0000000000014a5a       0x10 obj/DD_Gene.o
 .debug_macro   0x0000000000014a6a      0x3a2 obj/DD_MD.o
 .debug_macro   0x0000000000014e0c      0x371 obj/DD_RC.o
 .debug_macro   0x000000000001517d       0x1c obj/DD_RC.o
 .debug_macro   0x0000000000015199      0x3cf obj/SystemTaskManager.o
 .debug_macro   0x0000000000015568       0x10 obj/SystemTaskManager.o

.debug_line     0x0000000000000000    0x1b795
 .debug_line    0x0000000000000000      0xbb1 obj/app.o
 .debug_line    0x0000000000000bb1      0x628 obj/assert.o
 .debug_line    0x00000000000011d9      0xe34 obj/constManager.o
 .debug_line    0x000000000000200d      0x902 obj/deviceDefinition.o
 .debug_line    0x000000000000290f      0xc73 obj/msp.o
 .debug_line    0x0000000000003582      0x86a obj/stm32f1xx_it.o
 .debug_line    0x0000000000003dec      0x271 obj/system_stm32f1xx.o
 .debug_line    0x000000000000405d      0x37f obj/trapezoid_ctrl.o
 .debug_line    0x00000000000043dc      0x860 obj/stm32f1xx_hal.o
 .debug_line    0x0000000000004c3c      0xac9 obj/stm32f1xx_hal_cortex.o
 .debug_line    0x0000000000005705      0xe07 obj/stm32f1xx_hal_dma.o
 .debug_line    0x000000000000650c      0xb85 obj/stm32f1xx_hal_gpio.o
 .debug_line    0x0000000000007091     0x37b7 obj/stm32f1xx_hal_i2c.o
 .debug_line    0x000000000000a848      0x7ed obj/stm32f1xx_hal_iwdg.o
 .debug_line    0x000000000000b035     0x16a9 obj/stm32f1xx_hal_rcc.o
 .debug_line    0x000000000000c6de      0x9f8 obj/stm32f1xx_hal_rcc_ex.o
 .debug_line    0x000000000000d0d6     0x45f6 obj/stm32f1xx_hal_tim.o
 .debug_line    0x00000000000116cc     0x183b obj/stm32f1xx_hal_tim_ex.o
 .debug_line    0x0000000000012f07     0x19ce obj/stm32f1xx_hal_uart.o
 .debug_line    0x00000000000148d5      0x766 obj/MW_GPIO.o
 .debug_line    0x000000000001503b      0x778 obj/MW_I2C.o
 .debug_line    0x00000000000157b3      0x719 obj/MW_IWDG.o
 .debug_line    0x0000000000015ecc      0x8fd obj/MW_TIM.o
 .debug_line    0x00000000000167c9      0x7fc obj/MW_USART.o
 .debug_line    0x0000000000016fc5      0x8e9 obj/message.o
 .debug_line    0x00000000000178ae      0xe5d obj/xprintf.o
 .debug_line    0x000000000001870b      0xa2e obj/DD_Gene.o
 .debug_line    0x0000000000019139      0x939 obj/DD_MD.o
 .debug_line    0x0000000000019a72      0xc37 obj/DD_RC.o
 .debug_line    0x000000000001a6a9      0xdee obj/SystemTaskManager.o
 .debug_line    0x000000000001b497      0x13f /usr/lib/gcc/arm-none-eabi/10.3.1/../../../arm-none-eabi/lib/thumb/v7-m/nofp/libc_nano.a(lib_a-init.o)
 .debug_line    0x000000000001b5d6      0x1bf /usr/lib/gcc/arm-none-eabi/10.3.1/../../../arm-none-eabi/lib/thumb/v7-m/nofp/libc_nano.a(lib_a-memset.o)

.debug_str      0x0000000000000000    0x6bba1
 .debug_str     0x0000000000000000    0x66772 obj/app.o
                                      0x66b1b (size before relaxing)
 .debug_str     0x0000000000066772       0x2d obj/assert.o
                                      0x65bc0 (size before relaxing)
 .debug_str     0x000000000006679f      0xa29 obj/constManager.o
                                      0x66fe7 (size before relaxing)
 .debug_str     0x00000000000671c8       0x1b obj/deviceDefinition.o
                                      0x66150 (size before relaxing)
 .debug_str     0x00000000000671e3      0xd10 obj/msp.o
                                      0x66a48 (size before relaxing)
 .debug_str     0x0000000000067ef3      0x1df obj/stm32f1xx_it.o
                                      0x661ef (size before relaxing)
 .debug_str     0x00000000000680d2       0xe2 obj/system_stm32f1xx.o
                                      0x2ddc5 (size before relaxing)
 .debug_str     0x00000000000681b4       0x3c obj/trapezoid_ctrl.o
                                       0x68cd (size before relaxing)
 .debug_str     0x00000000000681f0      0x2f5 obj/stm32f1xx_hal.o
                                      0x662ba (size before relaxing)
 .debug_str     0x00000000000684e5      0x226 obj/stm32f1xx_hal_cortex.o
                                      0x662c4 (size before relaxing)
 .debug_str     0x000000000006870b      0x151 obj/stm32f1xx_hal_dma.o
                                      0x65f3c (size before relaxing)
 .debug_str     0x000000000006885c      0x3d1 obj/stm32f1xx_hal_gpio.o
                                      0x660a8 (size before relaxing)
 .debug_str     0x0000000000068c2d      0x6ec obj/stm32f1xx_hal_i2c.o
                                      0x666e8 (size before relaxing)
 .debug_str     0x0000000000069319      0x162 obj/stm32f1xx_hal_iwdg.o
                                      0x65dad (size before relaxing)
 .debug_str     0x000000000006947b      0x39e obj/stm32f1xx_hal_rcc.o
                                      0x66101 (size before relaxing)
 .debug_str     0x0000000000069819      0x128 obj/stm32f1xx_hal_rcc_ex.o
                                      0x65ddf (size before relaxing)
 .debug_str     0x0000000000069941      0xcb2 obj/stm32f1xx_hal_tim.o
                                      0x66d29 (size before relaxing)
 .debug_str     0x000000000006a5f3      0x4a9 obj/stm32f1xx_hal_tim_ex.o
                                      0x665c3 (size before relaxing)
 .debug_str     0x000000000006aa9c      0x34b obj/stm32f1xx_hal_uart.o
                                      0x66384 (size before relaxing)
 .debug_str     0x000000000006ade7       0xc7 obj/MW_GPIO.o
                                      0x65e68 (size before relaxing)
 .debug_str     0x000000000006aeae      0x106 obj/MW_I2C.o
                                      0x661a0 (size before relaxing)
 .debug_str     0x000000000006afb4       0x72 obj/MW_IWDG.o
                                      0x65e74 (size before relaxing)
 .debug_str     0x000000000006b026      0x29a obj/MW_TIM.o
                                      0x663fd (size before relaxing)
 .debug_str     0x000000000006b2c0      0x103 obj/MW_USART.o
                                      0x661ea (size before relaxing)
 .debug_str     0x000000000006b3c3      0x274 obj/message.o
                                      0x661d1 (size before relaxing)
 .debug_str     0x000000000006b637       0x85 obj/xprintf.o
                                      0x65eae (size before relaxing)
 .debug_str     0x000000000006b6bc       0x85 obj/DD_Gene.o
                                      0x6619a (size before relaxing)
 .debug_str     0x000000000006b741       0x2d obj/DD_MD.o
                                      0x660c1 (size before relaxing)
 .debug_str     0x000000000006b76e      0x14e obj/DD_RC.o
                                      0x66602 (size before relaxing)
 .debug_str     0x000000000006b8bc       0xe4 obj/SystemTaskManager.o
                                      0x66e74 (size before relaxing)
 .debug_str     0x000000000006b9a0      0x15b /usr/lib/gcc/arm-none-eabi/10.3.1/../../../arm-none-eabi/lib/thumb/v7-m/nofp/libc_nano.a(lib_a-init.o)
                                        0x203 (size before relaxing)
 .debug_str     0x000000000006bafb       0xa6 /usr/lib/gcc/arm-none-eabi/10.3.1/../../../arm-none-eabi/lib/thumb/v7-m/nofp/libc_nano.a(lib_a-memset.o)
                                        0x1b8 (size before relaxing)

.debug_frame    0x0000000000000000     0x2fb8
 .debug_frame   0x0000000000000000       0xa8 obj/app.o
 .debug_frame   0x00000000000000a8       0x20 obj/assert.o
 .debug_frame   0x00000000000000c8      0x198 obj/constManager.o
 .debug_frame   0x0000000000000260      0x190 obj/msp.o
 .debug_frame   0x00000000000003f0      0x108 obj/stm32f1xx_it.o
 .debug_frame   0x00000000000004f8       0x30 obj/system_stm32f1xx.o
 .debug_frame   0x0000000000000528       0x20 obj/trapezoid_ctrl.o
 .debug_frame   0x0000000000000548      0x168 obj/stm32f1xx_hal.o
 .debug_frame   0x00000000000006b0      0x144 obj/stm32f1xx_hal_cortex.o
 .debug_frame   0x00000000000007f4      0x118 obj/stm32f1xx_hal_dma.o
 .debug_frame   0x000000000000090c       0xfc obj/stm32f1xx_hal_gpio.o
 .debug_frame   0x0000000000000a08      0x770 obj/stm32f1xx_hal_i2c.o
 .debug_frame   0x0000000000001178       0x80 obj/stm32f1xx_hal_iwdg.o
 .debug_frame   0x00000000000011f8      0x168 obj/stm32f1xx_hal_rcc.o
 .debug_frame   0x0000000000001360       0x68 obj/stm32f1xx_hal_rcc_ex.o
 .debug_frame   0x00000000000013c8      0xa84 obj/stm32f1xx_hal_tim.o
 .debug_frame   0x0000000000001e4c      0x3b4 obj/stm32f1xx_hal_tim_ex.o
 .debug_frame   0x0000000000002200      0x39c obj/stm32f1xx_hal_uart.o
 .debug_frame   0x000000000000259c       0xbc obj/MW_GPIO.o
 .debug_frame   0x0000000000002658       0xc4 obj/MW_I2C.o
 .debug_frame   0x000000000000271c       0x78 obj/MW_IWDG.o
 .debug_frame   0x0000000000002794      0x164 obj/MW_TIM.o
 .debug_frame   0x00000000000028f8      0x104 obj/MW_USART.o
 .debug_frame   0x00000000000029fc       0xfc obj/message.o
 .debug_frame   0x0000000000002af8      0x19c obj/xprintf.o
 .debug_frame   0x0000000000002c94       0x98 obj/DD_Gene.o
 .debug_frame   0x0000000000002d2c       0x4c obj/DD_MD.o
 .debug_frame   0x0000000000002d78       0xd0 obj/DD_RC.o
 .debug_frame   0x0000000000002e48      0x118 obj/SystemTaskManager.o
 .debug_frame   0x0000000000002f60       0x2c /usr/lib/gcc/arm-none-eabi/10.3.1/../../../arm-none-eabi/lib/thumb/v7-m/nofp/libc_nano.a(lib_a-init.o)
 .debug_frame   0x0000000000002f8c       0x2c /usr/lib/gcc/arm-none-eabi/10.3.1/../../../arm-none-eabi/lib/thumb/v7-m/nofp/libc_nano.a(lib_a-memset.o)

Cross Reference Table

Symbol                                            File
ADC1_2_IRQHandler                                 obj/startup.o
ADC_ConversionStop_Disable                        obj/stm32f1xx_hal_adc.o
                                                  obj/stm32f1xx_hal_adc_ex.o
ADC_DMAConvCplt                                   obj/stm32f1xx_hal_adc.o
                                                  obj/stm32f1xx_hal_adc_ex.o
ADC_DMAError                                      obj/stm32f1xx_hal_adc.o
                                                  obj/stm32f1xx_hal_adc_ex.o
ADC_DMAHalfConvCplt                               obj/stm32f1xx_hal_adc.o
                                                  obj/stm32f1xx_hal_adc_ex.o
ADC_Enable                                        obj/stm32f1xx_hal_adc.o
                                                  obj/stm32f1xx_hal_adc_ex.o
AHBPrescTable                                     obj/system_stm32f1xx.o
                                                  obj/stm32f1xx_hal_rcc.o
APBPrescTable                                     obj/system_stm32f1xx.o
                                                  obj/stm32f1xx_hal_rcc.o
BusFault_Handler                                  obj/stm32f1xx_it.o
CAN1_RX1_IRQHandler                               obj/startup.o
CAN1_SCE_IRQHandler                               obj/startup.o
DD_ABHandPrint                                    obj/DD_AB.o
DD_I2CReceive                                     obj/DD_Gene.o
                                                  obj/DD_SV.o
DD_I2CSend                                        obj/DD_Gene.o
                                                  obj/DD_SV.o
                                                  obj/DD_MD.o
                                                  obj/DD_AB.o
DD_InitEncoder1                                   obj/DD_ENCODER.o
DD_InitEncoder2                                   obj/DD_ENCODER.o
DD_MDHandPrint                                    obj/DD_MD.o
                                                  obj/DD_Gene.o
DD_RCGetLX                                        obj/DD_RC.o
DD_RCGetLY                                        obj/DD_RC.o
                                                  obj/app.o
DD_RCGetRX                                        obj/DD_RC.o
DD_RCGetRY                                        obj/DD_RC.o
                                                  obj/app.o
DD_RCInit                                         obj/DD_RC.o
                                                  obj/SystemTaskManager.o
DD_RCPrint                                        obj/DD_RC.o
                                                  obj/SystemTaskManager.o
                                                  obj/constManager.o
DD_RCTask                                         obj/DD_RC.o
                                                  obj/SystemTaskManager.o
DD_RC_element                                     obj/DD_RC.o
DD_doTasks                                        obj/DD_Gene.o
                                                  obj/SystemTaskManager.o
DD_encoder1Get_int32                              obj/DD_ENCODER.o
DD_encoder1update                                 obj/DD_ENCODER.o
DD_encoder2Get_int32                              obj/DD_ENCODER.o
DD_encoder2update                                 obj/DD_ENCODER.o
DD_encoderprint                                   obj/DD_ENCODER.o
DD_initialize                                     obj/DD_Gene.o
                                                  obj/SystemTaskManager.o
DD_print                                          obj/DD_Gene.o
                                                  obj/SystemTaskManager.o
DD_send2AB                                        obj/DD_AB.o
DD_send2MD                                        obj/DD_MD.o
                                                  obj/DD_Gene.o
DMA1_Channel1_IRQHandler                          obj/startup.o
DMA1_Channel2_IRQHandler                          obj/startup.o
DMA1_Channel3_IRQHandler                          obj/stm32f1xx_it.o
DMA1_Channel4_IRQHandler                          obj/startup.o
DMA1_Channel5_IRQHandler                          obj/startup.o
DMA1_Channel6_IRQHandler                          obj/startup.o
DMA1_Channel7_IRQHandler                          obj/stm32f1xx_it.o
DebugMon_Handler                                  obj/stm32f1xx_it.o
Default_Handler                                   obj/startup.o
EXTI0_IRQHandler                                  obj/startup.o
EXTI15_10_IRQHandler                              obj/startup.o
EXTI1_IRQHandler                                  obj/startup.o
EXTI2_IRQHandler                                  obj/startup.o
EXTI3_IRQHandler                                  obj/startup.o
EXTI4_IRQHandler                                  obj/startup.o
EXTI9_5_IRQHandler                                obj/startup.o
Error_Handler                                     obj/msp.o
FLASH_IRQHandler                                  obj/startup.o
FLASH_PageErase                                   obj/stm32f1xx_hal_flash_ex.o
                                                  obj/stm32f1xx_hal_flash.o
FLASH_WaitForLastOperation                        obj/stm32f1xx_hal_flash.o
                                                  obj/stm32f1xx_hal_flash_ex.o
HAL_ADCEx_Calibration_Start                       obj/stm32f1xx_hal_adc_ex.o
HAL_ADCEx_InjectedConfigChannel                   obj/stm32f1xx_hal_adc_ex.o
HAL_ADCEx_InjectedConvCpltCallback                obj/stm32f1xx_hal_adc_ex.o
                                                  obj/stm32f1xx_hal_adc.o
HAL_ADCEx_InjectedGetValue                        obj/stm32f1xx_hal_adc_ex.o
HAL_ADCEx_InjectedPollForConversion               obj/stm32f1xx_hal_adc_ex.o
HAL_ADCEx_InjectedStart                           obj/stm32f1xx_hal_adc_ex.o
HAL_ADCEx_InjectedStart_IT                        obj/stm32f1xx_hal_adc_ex.o
HAL_ADCEx_InjectedStop                            obj/stm32f1xx_hal_adc_ex.o
HAL_ADCEx_InjectedStop_IT                         obj/stm32f1xx_hal_adc_ex.o
HAL_ADCEx_MultiModeConfigChannel                  obj/stm32f1xx_hal_adc_ex.o
HAL_ADCEx_MultiModeGetValue                       obj/stm32f1xx_hal_adc_ex.o
HAL_ADCEx_MultiModeStart_DMA                      obj/stm32f1xx_hal_adc_ex.o
HAL_ADCEx_MultiModeStop_DMA                       obj/stm32f1xx_hal_adc_ex.o
HAL_ADC_AnalogWDGConfig                           obj/stm32f1xx_hal_adc.o
HAL_ADC_ConfigChannel                             obj/stm32f1xx_hal_adc.o
HAL_ADC_ConvCpltCallback                          obj/stm32f1xx_hal_adc.o
HAL_ADC_ConvHalfCpltCallback                      obj/stm32f1xx_hal_adc.o
HAL_ADC_DeInit                                    obj/stm32f1xx_hal_adc.o
HAL_ADC_ErrorCallback                             obj/stm32f1xx_hal_adc.o
HAL_ADC_GetError                                  obj/stm32f1xx_hal_adc.o
HAL_ADC_GetState                                  obj/stm32f1xx_hal_adc.o
HAL_ADC_GetValue                                  obj/stm32f1xx_hal_adc.o
HAL_ADC_IRQHandler                                obj/stm32f1xx_hal_adc.o
HAL_ADC_Init                                      obj/stm32f1xx_hal_adc.o
HAL_ADC_LevelOutOfWindowCallback                  obj/stm32f1xx_hal_adc.o
HAL_ADC_MspDeInit                                 obj/msp.o
HAL_ADC_MspInit                                   obj/msp.o
HAL_ADC_PollForConversion                         obj/stm32f1xx_hal_adc.o
HAL_ADC_PollForEvent                              obj/stm32f1xx_hal_adc.o
HAL_ADC_Start                                     obj/stm32f1xx_hal_adc.o
HAL_ADC_Start_DMA                                 obj/stm32f1xx_hal_adc.o
HAL_ADC_Start_IT                                  obj/stm32f1xx_hal_adc.o
HAL_ADC_Stop                                      obj/stm32f1xx_hal_adc.o
HAL_ADC_Stop_DMA                                  obj/stm32f1xx_hal_adc.o
HAL_ADC_Stop_IT                                   obj/stm32f1xx_hal_adc.o
HAL_DBGMCU_DisableDBGSleepMode                    obj/stm32f1xx_hal.o
HAL_DBGMCU_DisableDBGStandbyMode                  obj/stm32f1xx_hal.o
HAL_DBGMCU_DisableDBGStopMode                     obj/stm32f1xx_hal.o
HAL_DBGMCU_EnableDBGSleepMode                     obj/stm32f1xx_hal.o
HAL_DBGMCU_EnableDBGStandbyMode                   obj/stm32f1xx_hal.o
HAL_DBGMCU_EnableDBGStopMode                      obj/stm32f1xx_hal.o
HAL_DMA_Abort                                     obj/stm32f1xx_hal_dma.o
                                                  obj/stm32f1xx_hal_uart.o
                                                  obj/stm32f1xx_hal_tim.o
                                                  obj/stm32f1xx_hal_spi.o
                                                  obj/stm32f1xx_hal_adc_ex.o
                                                  obj/stm32f1xx_hal_adc.o
HAL_DMA_DeInit                                    obj/stm32f1xx_hal_dma.o
HAL_DMA_GetError                                  obj/stm32f1xx_hal_dma.o
HAL_DMA_GetState                                  obj/stm32f1xx_hal_dma.o
HAL_DMA_IRQHandler                                obj/stm32f1xx_hal_dma.o
                                                  obj/stm32f1xx_it.o
HAL_DMA_Init                                      obj/stm32f1xx_hal_dma.o
                                                  obj/msp.o
HAL_DMA_PollForTransfer                           obj/stm32f1xx_hal_dma.o
HAL_DMA_Start                                     obj/stm32f1xx_hal_dma.o
HAL_DMA_Start_IT                                  obj/stm32f1xx_hal_dma.o
                                                  obj/stm32f1xx_hal_uart.o
                                                  obj/stm32f1xx_hal_tim_ex.o
                                                  obj/stm32f1xx_hal_tim.o
                                                  obj/stm32f1xx_hal_spi.o
                                                  obj/stm32f1xx_hal_i2c.o
                                                  obj/stm32f1xx_hal_adc_ex.o
                                                  obj/stm32f1xx_hal_adc.o
HAL_DeInit                                        obj/stm32f1xx_hal.o
HAL_Delay                                         obj/stm32f1xx_hal.o
                                                  obj/DD_SV.o
                                                  obj/stm32f1xx_hal_rcc.o
HAL_FLASHEx_Erase                                 obj/stm32f1xx_hal_flash_ex.o
                                                  obj/MW_flash.o
HAL_FLASHEx_Erase_IT                              obj/stm32f1xx_hal_flash_ex.o
HAL_FLASHEx_OBErase                               obj/stm32f1xx_hal_flash_ex.o
HAL_FLASHEx_OBGetConfig                           obj/stm32f1xx_hal_flash_ex.o
HAL_FLASHEx_OBGetUserData                         obj/stm32f1xx_hal_flash_ex.o
HAL_FLASHEx_OBProgram                             obj/stm32f1xx_hal_flash_ex.o
HAL_FLASH_EndOfOperationCallback                  obj/stm32f1xx_hal_flash.o
HAL_FLASH_GetError                                obj/stm32f1xx_hal_flash.o
HAL_FLASH_IRQHandler                              obj/stm32f1xx_hal_flash.o
HAL_FLASH_Lock                                    obj/stm32f1xx_hal_flash.o
                                                  obj/MW_flash.o
HAL_FLASH_OB_Launch                               obj/stm32f1xx_hal_flash.o
HAL_FLASH_OB_Lock                                 obj/stm32f1xx_hal_flash.o
HAL_FLASH_OB_Unlock                               obj/stm32f1xx_hal_flash.o
HAL_FLASH_OperationErrorCallback                  obj/stm32f1xx_hal_flash.o
HAL_FLASH_Program                                 obj/stm32f1xx_hal_flash.o
                                                  obj/MW_flash.o
HAL_FLASH_Program_IT                              obj/stm32f1xx_hal_flash.o
HAL_FLASH_Unlock                                  obj/stm32f1xx_hal_flash.o
                                                  obj/MW_flash.o
HAL_GPIOEx_ConfigEventout                         obj/stm32f1xx_hal_gpio_ex.o
HAL_GPIOEx_DisableEventout                        obj/stm32f1xx_hal_gpio_ex.o
HAL_GPIOEx_EnableEventout                         obj/stm32f1xx_hal_gpio_ex.o
HAL_GPIO_DeInit                                   obj/stm32f1xx_hal_gpio.o
                                                  obj/msp.o
HAL_GPIO_EXTI_Callback                            obj/stm32f1xx_hal_gpio.o
HAL_GPIO_EXTI_IRQHandler                          obj/stm32f1xx_hal_gpio.o
HAL_GPIO_Init                                     obj/stm32f1xx_hal_gpio.o
                                                  obj/MW_GPIO.o
                                                  obj/stm32f1xx_hal_rcc.o
                                                  obj/msp.o
HAL_GPIO_LockPin                                  obj/stm32f1xx_hal_gpio.o
HAL_GPIO_ReadPin                                  obj/stm32f1xx_hal_gpio.o
                                                  obj/MW_GPIO.o
HAL_GPIO_TogglePin                                obj/stm32f1xx_hal_gpio.o
                                                  obj/MW_GPIO.o
HAL_GPIO_WritePin                                 obj/stm32f1xx_hal_gpio.o
                                                  obj/MW_GPIO.o
HAL_GetDEVID                                      obj/stm32f1xx_hal.o
HAL_GetHalVersion                                 obj/stm32f1xx_hal.o
HAL_GetREVID                                      obj/stm32f1xx_hal.o
HAL_GetTick                                       obj/stm32f1xx_hal.o
                                                  obj/stm32f1xx_hal_uart.o
                                                  obj/stm32f1xx_hal_spi.o
                                                  obj/stm32f1xx_hal_rcc_ex.o
                                                  obj/stm32f1xx_hal_rcc.o
                                                  obj/stm32f1xx_hal_iwdg.o
                                                  obj/stm32f1xx_hal_i2c.o
                                                  obj/stm32f1xx_hal_flash.o
                                                  obj/stm32f1xx_hal_dma.o
                                                  obj/stm32f1xx_hal_adc_ex.o
                                                  obj/stm32f1xx_hal_adc.o
HAL_HalfDuplex_EnableReceiver                     obj/stm32f1xx_hal_uart.o
HAL_HalfDuplex_EnableTransmitter                  obj/stm32f1xx_hal_uart.o
HAL_HalfDuplex_Init                               obj/stm32f1xx_hal_uart.o
HAL_I2C_DeInit                                    obj/stm32f1xx_hal_i2c.o
HAL_I2C_ER_IRQHandler                             obj/stm32f1xx_hal_i2c.o
HAL_I2C_EV_IRQHandler                             obj/stm32f1xx_hal_i2c.o
HAL_I2C_ErrorCallback                             obj/stm32f1xx_hal_i2c.o
HAL_I2C_GetError                                  obj/stm32f1xx_hal_i2c.o
HAL_I2C_GetState                                  obj/stm32f1xx_hal_i2c.o
HAL_I2C_Init                                      obj/stm32f1xx_hal_i2c.o
                                                  obj/MW_I2C.o
HAL_I2C_IsDeviceReady                             obj/stm32f1xx_hal_i2c.o
HAL_I2C_MasterRxCpltCallback                      obj/stm32f1xx_hal_i2c.o
HAL_I2C_MasterTxCpltCallback                      obj/stm32f1xx_hal_i2c.o
HAL_I2C_Master_Receive                            obj/stm32f1xx_hal_i2c.o
                                                  obj/MW_I2C.o
HAL_I2C_Master_Receive_DMA                        obj/stm32f1xx_hal_i2c.o
HAL_I2C_Master_Receive_IT                         obj/stm32f1xx_hal_i2c.o
HAL_I2C_Master_Transmit                           obj/stm32f1xx_hal_i2c.o
                                                  obj/MW_I2C.o
HAL_I2C_Master_Transmit_DMA                       obj/stm32f1xx_hal_i2c.o
HAL_I2C_Master_Transmit_IT                        obj/stm32f1xx_hal_i2c.o
HAL_I2C_MemRxCpltCallback                         obj/stm32f1xx_hal_i2c.o
HAL_I2C_MemTxCpltCallback                         obj/stm32f1xx_hal_i2c.o
HAL_I2C_Mem_Read                                  obj/stm32f1xx_hal_i2c.o
HAL_I2C_Mem_Read_DMA                              obj/stm32f1xx_hal_i2c.o
HAL_I2C_Mem_Read_IT                               obj/stm32f1xx_hal_i2c.o
HAL_I2C_Mem_Write                                 obj/stm32f1xx_hal_i2c.o
HAL_I2C_Mem_Write_DMA                             obj/stm32f1xx_hal_i2c.o
HAL_I2C_Mem_Write_IT                              obj/stm32f1xx_hal_i2c.o
HAL_I2C_MspDeInit                                 obj/msp.o
HAL_I2C_MspInit                                   obj/msp.o
HAL_I2C_SlaveRxCpltCallback                       obj/stm32f1xx_hal_i2c.o
HAL_I2C_SlaveTxCpltCallback                       obj/stm32f1xx_hal_i2c.o
HAL_I2C_Slave_Receive                             obj/stm32f1xx_hal_i2c.o
HAL_I2C_Slave_Receive_DMA                         obj/stm32f1xx_hal_i2c.o
HAL_I2C_Slave_Receive_IT                          obj/stm32f1xx_hal_i2c.o
HAL_I2C_Slave_Transmit                            obj/stm32f1xx_hal_i2c.o
HAL_I2C_Slave_Transmit_DMA                        obj/stm32f1xx_hal_i2c.o
HAL_I2C_Slave_Transmit_IT                         obj/stm32f1xx_hal_i2c.o
HAL_IWDG_GetState                                 obj/stm32f1xx_hal_iwdg.o
                                                  obj/MW_IWDG.o
HAL_IWDG_Init                                     obj/stm32f1xx_hal_iwdg.o
                                                  obj/MW_IWDG.o
HAL_IWDG_MspInit                                  obj/stm32f1xx_hal_iwdg.o
HAL_IWDG_Refresh                                  obj/stm32f1xx_hal_iwdg.o
                                                  obj/MW_IWDG.o
HAL_IWDG_Start                                    obj/stm32f1xx_hal_iwdg.o
                                                  obj/MW_IWDG.o
HAL_IncTick                                       obj/stm32f1xx_hal.o
                                                  obj/stm32f1xx_it.o
HAL_Init                                          obj/stm32f1xx_hal.o
                                                  obj/SystemTaskManager.o
HAL_InitTick                                      obj/stm32f1xx_hal.o
                                                  obj/stm32f1xx_hal_rcc.o
HAL_LIN_Init                                      obj/stm32f1xx_hal_uart.o
HAL_LIN_SendBreak                                 obj/stm32f1xx_hal_uart.o
HAL_MspDeInit                                     obj/stm32f1xx_hal.o
HAL_MspInit                                       obj/msp.o
HAL_MultiProcessor_EnterMuteMode                  obj/stm32f1xx_hal_uart.o
HAL_MultiProcessor_ExitMuteMode                   obj/stm32f1xx_hal_uart.o
HAL_MultiProcessor_Init                           obj/stm32f1xx_hal_uart.o
HAL_NVIC_ClearPendingIRQ                          obj/stm32f1xx_hal_cortex.o
HAL_NVIC_DisableIRQ                               obj/stm32f1xx_hal_cortex.o
                                                  obj/msp.o
HAL_NVIC_EnableIRQ                                obj/stm32f1xx_hal_cortex.o
                                                  obj/msp.o
HAL_NVIC_GetActive                                obj/stm32f1xx_hal_cortex.o
HAL_NVIC_GetPendingIRQ                            obj/stm32f1xx_hal_cortex.o
HAL_NVIC_GetPriority                              obj/stm32f1xx_hal_cortex.o
HAL_NVIC_GetPriorityGrouping                      obj/stm32f1xx_hal_cortex.o
HAL_NVIC_SetPendingIRQ                            obj/stm32f1xx_hal_cortex.o
HAL_NVIC_SetPriority                              obj/stm32f1xx_hal_cortex.o
                                                  obj/SystemTaskManager.o
                                                  obj/stm32f1xx_hal.o
                                                  obj/msp.o
HAL_NVIC_SetPriorityGrouping                      obj/stm32f1xx_hal_cortex.o
                                                  obj/stm32f1xx_hal.o
                                                  obj/msp.o
HAL_NVIC_SystemReset                              obj/stm32f1xx_hal_cortex.o
                                                  obj/stm32f1xx_hal_flash.o
HAL_PWR_ConfigPVD                                 obj/stm32f1xx_hal_pwr.o
HAL_PWR_DeInit                                    obj/stm32f1xx_hal_pwr.o
HAL_PWR_DisableBkUpAccess                         obj/stm32f1xx_hal_pwr.o
HAL_PWR_DisablePVD                                obj/stm32f1xx_hal_pwr.o
HAL_PWR_DisableSEVOnPend                          obj/stm32f1xx_hal_pwr.o